Archive member included to satisfy reference by file (symbol)

c:/program files (x86)/atmel/studio/7.0/toolchain/arm/arm-gnu-toolchain/bin/../lib/gcc/arm-none-eabi/6.2.1/thumb/v6-m\libgcc.a(_udivsi3.o)
                              src/ASF/sam0/drivers/nvm/nvm.o (__aeabi_uidiv)
c:/program files (x86)/atmel/studio/7.0/toolchain/arm/arm-gnu-toolchain/bin/../lib/gcc/arm-none-eabi/6.2.1/thumb/v6-m\libgcc.a(_dvmd_tls.o)
                              c:/program files (x86)/atmel/studio/7.0/toolchain/arm/arm-gnu-toolchain/bin/../lib/gcc/arm-none-eabi/6.2.1/thumb/v6-m\libgcc.a(_udivsi3.o) (__aeabi_idiv0)
c:/program files (x86)/atmel/studio/7.0/toolchain/arm/arm-gnu-toolchain/bin/../lib/gcc/arm-none-eabi/6.2.1/thumb/v6-m\libgcc.a(_muldi3.o)
                              src/ASF/sam0/drivers/sercom/sercom.o (__aeabi_lmul)
c:/program files (x86)/atmel/studio/7.0/toolchain/arm/arm-gnu-toolchain/bin/../lib/gcc/arm-none-eabi/6.2.1/../../../../arm-none-eabi/lib/thumb/v6-m\libc_nano.a(lib_a-exit.o)
                              c:/program files (x86)/atmel/studio/7.0/toolchain/arm/arm-gnu-toolchain/bin/../lib/gcc/arm-none-eabi/6.2.1/../../../../arm-none-eabi/lib/thumb/v6-m/crt0.o (exit)
c:/program files (x86)/atmel/studio/7.0/toolchain/arm/arm-gnu-toolchain/bin/../lib/gcc/arm-none-eabi/6.2.1/../../../../arm-none-eabi/lib/thumb/v6-m\libc_nano.a(lib_a-impure.o)
                              c:/program files (x86)/atmel/studio/7.0/toolchain/arm/arm-gnu-toolchain/bin/../lib/gcc/arm-none-eabi/6.2.1/../../../../arm-none-eabi/lib/thumb/v6-m\libc_nano.a(lib_a-exit.o) (_global_impure_ptr)
c:/program files (x86)/atmel/studio/7.0/toolchain/arm/arm-gnu-toolchain/bin/../lib/gcc/arm-none-eabi/6.2.1/../../../../arm-none-eabi/lib/thumb/v6-m\libc_nano.a(lib_a-init.o)
                              c:/program files (x86)/atmel/studio/7.0/toolchain/arm/arm-gnu-toolchain/bin/../lib/gcc/arm-none-eabi/6.2.1/../../../../arm-none-eabi/lib/thumb/v6-m/crt0.o (__libc_init_array)
c:/program files (x86)/atmel/studio/7.0/toolchain/arm/arm-gnu-toolchain/bin/../lib/gcc/arm-none-eabi/6.2.1/../../../../arm-none-eabi/lib/thumb/v6-m\libc_nano.a(lib_a-memcpy-stub.o)
                              src/ASF/sam0/services/eeprom/emulator/main_array/eeprom.o (memcpy)
c:/program files (x86)/atmel/studio/7.0/toolchain/arm/arm-gnu-toolchain/bin/../lib/gcc/arm-none-eabi/6.2.1/../../../../arm-none-eabi/lib/thumb/v6-m\libc_nano.a(lib_a-memset.o)
                              c:/program files (x86)/atmel/studio/7.0/toolchain/arm/arm-gnu-toolchain/bin/../lib/gcc/arm-none-eabi/6.2.1/../../../../arm-none-eabi/lib/thumb/v6-m/crt0.o (memset)
c:/program files (x86)/atmel/studio/7.0/toolchain/arm/arm-gnu-toolchain/bin/../lib/gcc/arm-none-eabi/6.2.1/../../../../arm-none-eabi/lib/thumb/v6-m\libc_nano.a(lib_a-sprintf.o)
                              src/main.o (sprintf)
c:/program files (x86)/atmel/studio/7.0/toolchain/arm/arm-gnu-toolchain/bin/../lib/gcc/arm-none-eabi/6.2.1/../../../../arm-none-eabi/lib/thumb/v6-m\libc_nano.a(lib_a-nano-svfprintf.o)
                              c:/program files (x86)/atmel/studio/7.0/toolchain/arm/arm-gnu-toolchain/bin/../lib/gcc/arm-none-eabi/6.2.1/../../../../arm-none-eabi/lib/thumb/v6-m\libc_nano.a(lib_a-sprintf.o) (_svfprintf_r)
c:/program files (x86)/atmel/studio/7.0/toolchain/arm/arm-gnu-toolchain/bin/../lib/gcc/arm-none-eabi/6.2.1/../../../../arm-none-eabi/lib/thumb/v6-m\libc_nano.a(lib_a-nano-vfprintf_i.o)
                              c:/program files (x86)/atmel/studio/7.0/toolchain/arm/arm-gnu-toolchain/bin/../lib/gcc/arm-none-eabi/6.2.1/../../../../arm-none-eabi/lib/thumb/v6-m\libc_nano.a(lib_a-nano-svfprintf.o) (_printf_i)
c:/program files (x86)/atmel/studio/7.0/toolchain/arm/arm-gnu-toolchain/bin/../lib/gcc/arm-none-eabi/6.2.1/../../../../arm-none-eabi/lib/thumb/v6-m\libc_nano.a(lib_a-memchr-stub.o)
                              c:/program files (x86)/atmel/studio/7.0/toolchain/arm/arm-gnu-toolchain/bin/../lib/gcc/arm-none-eabi/6.2.1/../../../../arm-none-eabi/lib/thumb/v6-m\libc_nano.a(lib_a-nano-svfprintf.o) (memchr)
c:/program files (x86)/atmel/studio/7.0/toolchain/arm/arm-gnu-toolchain/bin/../lib/gcc/arm-none-eabi/6.2.1/../../../../arm-none-eabi/lib/thumb/v6-m\libc_nano.a(lib_a-memmove.o)
                              c:/program files (x86)/atmel/studio/7.0/toolchain/arm/arm-gnu-toolchain/bin/../lib/gcc/arm-none-eabi/6.2.1/../../../../arm-none-eabi/lib/thumb/v6-m\libc_nano.a(lib_a-nano-svfprintf.o) (memmove)
c:/program files (x86)/atmel/studio/7.0/toolchain/arm/arm-gnu-toolchain/bin/../lib/gcc/arm-none-eabi/6.2.1/../../../../arm-none-eabi/lib/thumb/v6-m\libc_nano.a(lib_a-nano-freer.o)
                              c:/program files (x86)/atmel/studio/7.0/toolchain/arm/arm-gnu-toolchain/bin/../lib/gcc/arm-none-eabi/6.2.1/../../../../arm-none-eabi/lib/thumb/v6-m\libc_nano.a(lib_a-nano-svfprintf.o) (_free_r)
[...]
Memory Configuration

Name             Origin             Length             Attributes
rom              0x00000000         0x00040000         xr
ram              0x20000000         0x00008000         xrw
*default*        0x00000000         0xffffffff

Linker script and memory map

LOAD c:/program files (x86)/atmel/studio/7.0/toolchain/arm/arm-gnu-toolchain/bin/../lib/gcc/arm-none-eabi/6.2.1/thumb/v6-m/crti.o
LOAD c:/program files (x86)/atmel/studio/7.0/toolchain/arm/arm-gnu-toolchain/bin/../lib/gcc/arm-none-eabi/6.2.1/thumb/v6-m/crtbegin.o
LOAD c:/program files (x86)/atmel/studio/7.0/toolchain/arm/arm-gnu-toolchain/bin/../lib/gcc/arm-none-eabi/6.2.1/../../../../arm-none-eabi/lib/thumb/v6-m/crt0.o
LOAD src/ASF/sam0/drivers/bod/bod_sam_d_r_h/bod.o
LOAD src/ASF/sam0/drivers/nvm/nvm.o
LOAD src/ASF/sam0/services/eeprom/emulator/main_array/eeprom.o
LOAD src/ASF/common2/components/display/ssd1306/ssd1306.o
LOAD src/ASF/common2/services/delay/sam0/systick_counter.o
LOAD src/ASF/common2/services/gfx_mono/gfx_mono_framebuffer.o
LOAD src/ASF/common2/services/gfx_mono/gfx_mono_generic.o
LOAD src/ASF/common2/services/gfx_mono/gfx_mono_text.o
LOAD src/ASF/common2/services/gfx_mono/gfx_mono_ug_2832hsweg04.o
LOAD src/ASF/common2/services/gfx_mono/sysfont.o
LOAD src/ASF/common/utils/interrupt/interrupt_sam_nvic.o
LOAD src/ASF/sam0/boards/samr21_xplained_pro/board_init.o
LOAD src/ASF/sam0/drivers/port/port.o
LOAD src/ASF/sam0/drivers/sercom/sercom.o
LOAD src/ASF/sam0/drivers/sercom/sercom_interrupt.o
LOAD src/ASF/sam0/drivers/sercom/spi/spi.o
LOAD src/ASF/sam0/drivers/sercom/spi/spi_interrupt.o
LOAD src/ASF/sam0/drivers/sercom/usart/usart.o
LOAD src/ASF/sam0/drivers/sercom/usart/usart_interrupt.o
LOAD src/ASF/sam0/drivers/system/clock/clock_samd21_r21_da_ha1/clock.o
LOAD src/ASF/sam0/drivers/system/clock/clock_samd21_r21_da_ha1/gclk.o
LOAD src/ASF/sam0/drivers/system/interrupt/system_interrupt.o
LOAD src/ASF/sam0/drivers/system/pinmux/pinmux.o
LOAD src/ASF/sam0/drivers/system/system.o
LOAD src/ASF/sam0/utils/cmsis/samr21/source/gcc/startup_samr21.o
LOAD src/ASF/sam0/utils/cmsis/samr21/source/system_samr21.o
LOAD src/ASF/sam0/utils/syscalls/gcc/syscalls.o
LOAD src/ASF/thirdparty/freertos/freertos-8.0.1/Source/croutine.o
LOAD src/ASF/thirdparty/freertos/freertos-8.0.1/Source/event_groups.o
LOAD src/ASF/thirdparty/freertos/freertos-8.0.1/Source/list.o
LOAD src/ASF/thirdparty/freertos/freertos-8.0.1/Source/portable/GCC/ARM_CM0/port.o
LOAD src/ASF/thirdparty/freertos/freertos-8.0.1/Source/portable/MemMang/heap_1.o
LOAD src/ASF/thirdparty/freertos/freertos-8.0.1/Source/queue.o
LOAD src/ASF/thirdparty/freertos/freertos-8.0.1/Source/tasks.o
LOAD src/ASF/thirdparty/freertos/freertos-8.0.1/Source/timers.o
LOAD src/main.o
START GROUP
LOAD ../src/ASF/thirdparty/CMSIS/Lib/GCC\libarm_cortexM0l_math.a
LOAD c:/program files (x86)/atmel/studio/7.0/toolchain/arm/arm-gnu-toolchain/bin/../lib/gcc/arm-none-eabi/6.2.1/../../../../arm-none-eabi/lib/thumb/v6-m\libm.a
END GROUP
START GROUP
LOAD c:/program files (x86)/atmel/studio/7.0/toolchain/arm/arm-gnu-toolchain/bin/../lib/gcc/arm-none-eabi/6.2.1/thumb/v6-m\libgcc.a
LOAD c:/program files (x86)/atmel/studio/7.0/toolchain/arm/arm-gnu-toolchain/bin/../lib/gcc/arm-none-eabi/6.2.1/../../../../arm-none-eabi/lib/thumb/v6-m\libc_nano.a
END GROUP
START GROUP
LOAD c:/program files (x86)/atmel/studio/7.0/toolchain/arm/arm-gnu-toolchain/bin/../lib/gcc/arm-none-eabi/6.2.1/thumb/v6-m\libgcc.a
LOAD c:/program files (x86)/atmel/studio/7.0/toolchain/arm/arm-gnu-toolchain/bin/../lib/gcc/arm-none-eabi/6.2.1/../../../../arm-none-eabi/lib/thumb/v6-m\libc_nano.a
END GROUP
LOAD c:/program files (x86)/atmel/studio/7.0/toolchain/arm/arm-gnu-toolchain/bin/../lib/gcc/arm-none-eabi/6.2.1/thumb/v6-m/crtend.o
LOAD c:/program files (x86)/atmel/studio/7.0/toolchain/arm/arm-gnu-toolchain/bin/../lib/gcc/arm-none-eabi/6.2.1/thumb/v6-m/crtn.o
                0x00002000                STACK_SIZE = DEFINED (STACK_SIZE)?STACK_SIZE:DEFINED (__stack_size__)?__stack_size__:0x2000

.text           0x00000000     0x3b98
                0x00000000                . = ALIGN (0x4)
                0x00000000                _sfixed = .
 *(.vectors .vectors.*)
 .vectors       0x00000000       0xb4 src/ASF/sam0/utils/cmsis/samr21/source/gcc/startup_samr21.o
                0x00000000                exception_table
 *(.text .text.* .gnu.linkonce.t.*)
 .text          0x000000b4       0x60 c:/program files (x86)/atmel/studio/7.0/toolchain/arm/arm-gnu-toolchain/bin/../lib/gcc/arm-none-eabi/6.2.1/thumb/v6-m/crtbegin.o
 .text.bod_set_config
                0x00000114       0x74 src/ASF/sam0/drivers/bod/bod_sam_d_r_h/bod.o
                0x00000114                bod_set_config
 .text.nvm_set_config
                0x00000188       0x88 src/ASF/sam0/drivers/nvm/nvm.o
                0x00000188                nvm_set_config
 .text.nvm_execute_command
                0x00000210       0xa0 src/ASF/sam0/drivers/nvm/nvm.o
                0x00000210                nvm_execute_command
 .text.nvm_write_buffer
                0x000002b0       0xa8 src/ASF/sam0/drivers/nvm/nvm.o
                0x000002b0                nvm_write_buffer
 .text.nvm_read_buffer
                0x00000358       0x6c src/ASF/sam0/drivers/nvm/nvm.o
                0x00000358                nvm_read_buffer
 .text.nvm_erase_row
                0x000003c4       0x5c src/ASF/sam0/drivers/nvm/nvm.o
                0x000003c4                nvm_erase_row
 .text.nvm_get_parameters
                0x00000420       0x58 src/ASF/sam0/drivers/nvm/nvm.o
                0x00000420                nvm_get_parameters
 .text._eeprom_emulator_nvm_erase_row
                0x00000478       0x1c src/ASF/sam0/services/eeprom/emulator/main_array/eeprom.o
 .text._eeprom_emulator_update_page_mapping
                0x00000494      0x14c src/ASF/sam0/services/eeprom/emulator/main_array/eeprom.o
 .text._eeprom_emulator_nvm_read_page
                0x000005e0       0x24 src/ASF/sam0/services/eeprom/emulator/main_array/eeprom.o
 .text._eeprom_emulator_nvm_fill_cache
                0x00000604       0x24 src/ASF/sam0/services/eeprom/emulator/main_array/eeprom.o
 .text._eeprom_emulator_nvm_commit_cache
                0x00000628       0x20 src/ASF/sam0/services/eeprom/emulator/main_array/eeprom.o
 .text.eeprom_emulator_init
                0x00000648       0xe4 src/ASF/sam0/services/eeprom/emulator/main_array/eeprom.o
                0x00000648                eeprom_emulator_init
 .text.eeprom_emulator_erase_memory
                0x0000072c       0xe0 src/ASF/sam0/services/eeprom/emulator/main_array/eeprom.o
                0x0000072c                eeprom_emulator_erase_memory
 .text.eeprom_emulator_read_page
                0x0000080c       0x68 src/ASF/sam0/services/eeprom/emulator/main_array/eeprom.o
                0x0000080c                eeprom_emulator_read_page
 .text.eeprom_emulator_commit_page_buffer
                0x00000874       0x30 src/ASF/sam0/services/eeprom/emulator/main_array/eeprom.o
                0x00000874                eeprom_emulator_commit_page_buffer
 .text.eeprom_emulator_write_page
                0x000008a4      0x194 src/ASF/sam0/services/eeprom/emulator/main_array/eeprom.o
                0x000008a4                eeprom_emulator_write_page
 .text.ssd1306_write_command
                0x00000a38       0x4c src/ASF/common2/components/display/ssd1306/ssd1306.o
                0x00000a38                ssd1306_write_command
 .text.ssd1306_init
                0x00000a84      0x1d0 src/ASF/common2/components/display/ssd1306/ssd1306.o
                0x00000a84                ssd1306_init
 .text.ssd1306_write_data
                0x00000c54       0x4c src/ASF/common2/components/display/ssd1306/ssd1306.o
                0x00000c54                ssd1306_write_data
 .text.delay_init
                0x00000ca0       0x40 src/ASF/common2/services/delay/sam0/systick_counter.o
                0x00000ca0                delay_init
 .text.gfx_mono_set_framebuffer
                0x00000ce0        0xc src/ASF/common2/services/gfx_mono/gfx_mono_framebuffer.o
                0x00000ce0                gfx_mono_set_framebuffer
 .text.gfx_mono_framebuffer_put_byte
                0x00000cec       0x10 src/ASF/common2/services/gfx_mono/gfx_mono_framebuffer.o
                0x00000cec                gfx_mono_framebuffer_put_byte
 .text.gfx_mono_framebuffer_get_byte
                0x00000cfc       0x10 src/ASF/common2/services/gfx_mono/gfx_mono_framebuffer.o
                0x00000cfc                gfx_mono_framebuffer_get_byte
 .text.gfx_mono_generic_draw_horizontal_line
                0x00000d0c       0xc8 src/ASF/common2/services/gfx_mono/gfx_mono_generic.o
                0x00000d0c                gfx_mono_generic_draw_horizontal_line
 .text.gfx_mono_generic_draw_filled_rect
                0x00000dd4       0x34 src/ASF/common2/services/gfx_mono/gfx_mono_generic.o
                0x00000dd4                gfx_mono_generic_draw_filled_rect
 .text.gfx_mono_draw_char
                0x00000e08       0xd0 src/ASF/common2/services/gfx_mono/gfx_mono_text.o
                0x00000e08                gfx_mono_draw_char
 .text.gfx_mono_ssd1306_put_byte
                0x00000ed8       0x54 src/ASF/common2/services/gfx_mono/gfx_mono_ug_2832hsweg04.o
                0x00000ed8                gfx_mono_ssd1306_put_byte
 .text.gfx_mono_ssd1306_init
                0x00000f2c       0x4c src/ASF/common2/services/gfx_mono/gfx_mono_ug_2832hsweg04.o
                0x00000f2c                gfx_mono_ssd1306_init
 .text.gfx_mono_ssd1306_draw_pixel
                0x00000f78       0x68 src/ASF/common2/services/gfx_mono/gfx_mono_ug_2832hsweg04.o
                0x00000f78                gfx_mono_ssd1306_draw_pixel
 .text.gfx_mono_ssd1306_get_byte
                0x00000fe0        0xc src/ASF/common2/services/gfx_mono/gfx_mono_ug_2832hsweg04.o
                0x00000fe0                gfx_mono_ssd1306_get_byte
 .text.cpu_irq_enter_critical
                0x00000fec       0x40 src/ASF/common/utils/interrupt/interrupt_sam_nvic.o
                0x00000fec                cpu_irq_enter_critical
 .text.cpu_irq_leave_critical
                0x0000102c       0x30 src/ASF/common/utils/interrupt/interrupt_sam_nvic.o
                0x0000102c                cpu_irq_leave_critical
 .text.system_board_init
                0x0000105c       0x38 src/ASF/sam0/boards/samr21_xplained_pro/board_init.o
                0x0000105c                board_init
                0x0000105c                system_board_init
 .text.port_pin_set_config
                0x00001094       0x24 src/ASF/sam0/drivers/port/port.o
                0x00001094                port_pin_set_config
 .text.long_division
                0x000010b8       0xba src/ASF/sam0/drivers/sercom/sercom.o
 .text._sercom_get_sync_baud_val
                0x00001172       0x28 src/ASF/sam0/drivers/sercom/sercom.o
                0x00001172                _sercom_get_sync_baud_val
 *fill*         0x0000119a        0x2 
 .text._sercom_get_async_baud_val
                0x0000119c       0x94 src/ASF/sam0/drivers/sercom/sercom.o
                0x0000119c                _sercom_get_async_baud_val
 .text.sercom_set_gclk_generator
                0x00001230       0x4c src/ASF/sam0/drivers/sercom/sercom.o
                0x00001230                sercom_set_gclk_generator
 .text._sercom_get_default_pad
                0x0000127c      0x178 src/ASF/sam0/drivers/sercom/sercom.o
                0x0000127c                _sercom_get_default_pad
 .text._sercom_get_sercom_inst_index
                0x000013f4       0x38 src/ASF/sam0/drivers/sercom/sercom.o
                0x000013f4                _sercom_get_sercom_inst_index
 .text._sercom_default_handler
                0x0000142c        0x2 src/ASF/sam0/drivers/sercom/sercom_interrupt.o
 *fill*         0x0000142e        0x2 
 .text._sercom_set_handler
                0x00001430       0x3c src/ASF/sam0/drivers/sercom/sercom_interrupt.o
                0x00001430                _sercom_set_handler
 .text._sercom_get_interrupt_vector
                0x0000146c       0x30 src/ASF/sam0/drivers/sercom/sercom_interrupt.o
                0x0000146c                _sercom_get_interrupt_vector
 .text.SERCOM0_Handler
                0x0000149c       0x10 src/ASF/sam0/drivers/sercom/sercom_interrupt.o
                0x0000149c                SERCOM0_Handler
 .text.SERCOM1_Handler
                0x000014ac       0x10 src/ASF/sam0/drivers/sercom/sercom_interrupt.o
                0x000014ac                SERCOM1_Handler
 .text.SERCOM2_Handler
                0x000014bc       0x10 src/ASF/sam0/drivers/sercom/sercom_interrupt.o
                0x000014bc                SERCOM2_Handler
 .text.SERCOM3_Handler
                0x000014cc       0x10 src/ASF/sam0/drivers/sercom/sercom_interrupt.o
                0x000014cc                SERCOM3_Handler
 .text.SERCOM4_Handler
                0x000014dc       0x10 src/ASF/sam0/drivers/sercom/sercom_interrupt.o
                0x000014dc                SERCOM4_Handler
 .text.SERCOM5_Handler
                0x000014ec       0x10 src/ASF/sam0/drivers/sercom/sercom_interrupt.o
                0x000014ec                SERCOM5_Handler
 .text.spi_init
                0x000014fc      0x1d8 src/ASF/sam0/drivers/sercom/spi/spi.o
                0x000014fc                spi_init
 .text.spi_select_slave
                0x000016d4       0xf4 src/ASF/sam0/drivers/sercom/spi/spi.o
                0x000016d4                spi_select_slave
 .text.spi_write_buffer_wait
                0x000017c8       0xcc src/ASF/sam0/drivers/sercom/spi/spi.o
                0x000017c8                spi_write_buffer_wait
 .text._spi_interrupt_handler
                0x00001894      0x1d0 src/ASF/sam0/drivers/sercom/spi/spi_interrupt.o
                0x00001894                _spi_interrupt_handler
 .text.usart_init
                0x00001a64      0x344 src/ASF/sam0/drivers/sercom/usart/usart.o
                0x00001a64                usart_init
 .text.usart_write_wait
                0x00001da8       0x2c src/ASF/sam0/drivers/sercom/usart/usart.o
                0x00001da8                usart_write_wait
 .text.usart_write_buffer_wait
                0x00001dd4       0xc0 src/ASF/sam0/drivers/sercom/usart/usart.o
                0x00001dd4                usart_write_buffer_wait
 .text._usart_interrupt_handler
                0x00001e94      0x194 src/ASF/sam0/drivers/sercom/usart/usart_interrupt.o
                0x00001e94                _usart_interrupt_handler
 .text.system_clock_source_get_hz
                0x00002028       0x90 src/ASF/sam0/drivers/system/clock/clock_samd21_r21_da_ha1/clock.o
                0x00002028                system_clock_source_get_hz
 .text.system_clock_source_osc8m_set_config
                0x000020b8       0x3c src/ASF/sam0/drivers/system/clock/clock_samd21_r21_da_ha1/clock.o
                0x000020b8                system_clock_source_osc8m_set_config
 .text.system_clock_source_enable
                0x000020f4       0xa8 src/ASF/sam0/drivers/system/clock/clock_samd21_r21_da_ha1/clock.o
                0x000020f4                system_clock_source_enable
 .text.system_clock_init
                0x0000219c       0xb8 src/ASF/sam0/drivers/system/clock/clock_samd21_r21_da_ha1/clock.o
                0x0000219c                system_clock_init
 .text.system_gclk_init
                0x00002254       0x24 src/ASF/sam0/drivers/system/clock/clock_samd21_r21_da_ha1/gclk.o
                0x00002254                system_gclk_init
 .text.system_gclk_gen_set_config
                0x00002278       0xb8 src/ASF/sam0/drivers/system/clock/clock_samd21_r21_da_ha1/gclk.o
                0x00002278                system_gclk_gen_set_config
 .text.system_gclk_gen_enable
                0x00002330       0x44 src/ASF/sam0/drivers/system/clock/clock_samd21_r21_da_ha1/gclk.o
                0x00002330                system_gclk_gen_enable
 .text.system_gclk_gen_get_hz
                0x00002374       0x8c src/ASF/sam0/drivers/system/clock/clock_samd21_r21_da_ha1/gclk.o
                0x00002374                system_gclk_gen_get_hz
 .text.system_gclk_chan_enable
                0x00002400       0x30 src/ASF/sam0/drivers/system/clock/clock_samd21_r21_da_ha1/gclk.o
                0x00002400                system_gclk_chan_enable
 .text.system_gclk_chan_disable
                0x00002430       0x5c src/ASF/sam0/drivers/system/clock/clock_samd21_r21_da_ha1/gclk.o
                0x00002430                system_gclk_chan_disable
 .text.system_gclk_chan_set_config
                0x0000248c       0x1c src/ASF/sam0/drivers/system/clock/clock_samd21_r21_da_ha1/gclk.o
                0x0000248c                system_gclk_chan_set_config
 .text.system_gclk_chan_get_hz
                0x000024a8       0x34 src/ASF/sam0/drivers/system/clock/clock_samd21_r21_da_ha1/gclk.o
                0x000024a8                system_gclk_chan_get_hz
 .text._system_pinmux_config
                0x000024dc       0xa8 src/ASF/sam0/drivers/system/pinmux/pinmux.o
 .text.system_pinmux_pin_set_config
                0x00002584       0x30 src/ASF/sam0/drivers/system/pinmux/pinmux.o
                0x00002584                system_pinmux_pin_set_config
 .text._system_dummy_init
                0x000025b4        0x2 src/ASF/sam0/drivers/system/system.o
                0x000025b4                _system_extint_init
                0x000025b4                _system_events_init
                0x000025b4                _system_dummy_init
                0x000025b4                _system_divas_init
 *fill*         0x000025b6        0x2 
 .text.system_init
                0x000025b8       0x2c src/ASF/sam0/drivers/system/system.o
                0x000025b8                system_init
 .text.Dummy_Handler
                0x000025e4        0x2 src/ASF/sam0/utils/cmsis/samr21/source/gcc/startup_samr21.o
                0x000025e4                DMAC_Handler
                0x000025e4                HardFault_Handler
                0x000025e4                AC_Handler
                0x000025e4                NMI_Handler
                0x000025e4                ADC_Handler
                0x000025e4                TCC1_Handler
                0x000025e4                TCC0_Handler
                0x000025e4                RTC_Handler
                0x000025e4                EIC_Handler
                0x000025e4                WDT_Handler
                0x000025e4                TC4_Handler
                0x000025e4                USB_Handler
                0x000025e4                TC3_Handler
                0x000025e4                Dummy_Handler
                0x000025e4                PM_Handler
                0x000025e4                TCC2_Handler
                0x000025e4                EVSYS_Handler
                0x000025e4                NVMCTRL_Handler
                0x000025e4                PTC_Handler
                0x000025e4                TC5_Handler
 *fill*         0x000025e6        0x2 
 .text.Reset_Handler
                0x000025e8       0xe4 src/ASF/sam0/utils/cmsis/samr21/source/gcc/startup_samr21.o
                0x000025e8                Reset_Handler
 .text._sbrk    0x000026cc       0x24 src/ASF/sam0/utils/syscalls/gcc/syscalls.o
                0x000026cc                _sbrk
 .text.vListInsertEnd
                0x000026f0       0x18 src/ASF/thirdparty/freertos/freertos-8.0.1/Source/list.o
                0x000026f0                vListInsertEnd
 .text.uxListRemove
                0x00002708       0x26 src/ASF/thirdparty/freertos/freertos-8.0.1/Source/list.o
                0x00002708                uxListRemove
 .text.SVC_Handler
                0x0000272e        0x2 src/ASF/thirdparty/freertos/freertos-8.0.1/Source/portable/GCC/ARM_CM0/port.o
                0x0000272e                SVC_Handler
 .text.ulSetInterruptMaskFromISR
                0x00002730        0xa src/ASF/thirdparty/freertos/freertos-8.0.1/Source/portable/GCC/ARM_CM0/port.o
                0x00002730                ulSetInterruptMaskFromISR
 .text.vClearInterruptMaskFromISR
                0x0000273a        0x6 src/ASF/thirdparty/freertos/freertos-8.0.1/Source/portable/GCC/ARM_CM0/port.o
                0x0000273a                vClearInterruptMaskFromISR
 .text.PendSV_Handler
                0x00002740       0x44 src/ASF/thirdparty/freertos/freertos-8.0.1/Source/portable/GCC/ARM_CM0/port.o
                0x00002740                PendSV_Handler
 .text.SysTick_Handler
                0x00002784       0x30 src/ASF/thirdparty/freertos/freertos-8.0.1/Source/portable/GCC/ARM_CM0/port.o
                0x00002784                SysTick_Handler
 .text.prvResetNextTaskUnblockTime
                0x000027b4       0x2c src/ASF/thirdparty/freertos/freertos-8.0.1/Source/tasks.o
 .text.xTaskIncrementTick
                0x000027e0      0x124 src/ASF/thirdparty/freertos/freertos-8.0.1/Source/tasks.o
                0x000027e0                xTaskIncrementTick
 .text.vTaskSwitchContext
                0x00002904       0xb0 src/ASF/thirdparty/freertos/freertos-8.0.1/Source/tasks.o
                0x00002904                vTaskSwitchContext
 .text.configure_usart
                0x000029b4       0xbc src/main.o
                0x000029b4                configure_usart
 .text.configure_eeprom
                0x00002a70       0x24 src/main.o
                0x00002a70                configure_eeprom
 .text.SYSCTRL_Handler
                0x00002a94       0x24 src/main.o
                0x00002a94                SYSCTRL_Handler
 .text.main     0x00002ab8      0x20c src/main.o
                0x00002ab8                main
 .text          0x00002cc4      0x114 c:/program files (x86)/atmel/studio/7.0/toolchain/arm/arm-gnu-toolchain/bin/../lib/gcc/arm-none-eabi/6.2.1/thumb/v6-m\libgcc.a(_udivsi3.o)
                0x00002cc4                __aeabi_uidiv
                0x00002cc4                __udivsi3
                0x00002dd0                __aeabi_uidivmod
 .text          0x00002dd8        0x4 c:/program files (x86)/atmel/studio/7.0/toolchain/arm/arm-gnu-toolchain/bin/../lib/gcc/arm-none-eabi/6.2.1/thumb/v6-m\libgcc.a(_dvmd_tls.o)
                0x00002dd8                __aeabi_idiv0
                0x00002dd8                __aeabi_ldiv0
 .text          0x00002ddc       0x54 c:/program files (x86)/atmel/studio/7.0/toolchain/arm/arm-gnu-toolchain/bin/../lib/gcc/arm-none-eabi/6.2.1/thumb/v6-m\libgcc.a(_muldi3.o)
                0x00002ddc                __muldi3
                0x00002ddc                __aeabi_lmul
 .text.__libc_init_array
                0x00002e30       0x48 c:/program files (x86)/atmel/studio/7.0/toolchain/arm/arm-gnu-toolchain/bin/../lib/gcc/arm-none-eabi/6.2.1/../../../../arm-none-eabi/lib/thumb/v6-m\libc_nano.a(lib_a-init.o)
                0x00002e30                __libc_init_array
 .text.memcpy   0x00002e78       0x12 c:/program files (x86)/atmel/studio/7.0/toolchain/arm/arm-gnu-toolchain/bin/../lib/gcc/arm-none-eabi/6.2.1/../../../../arm-none-eabi/lib/thumb/v6-m\libc_nano.a(lib_a-memcpy-stub.o)
                0x00002e78                memcpy
 .text.memset   0x00002e8a       0x10 c:/program files (x86)/atmel/studio/7.0/toolchain/arm/arm-gnu-toolchain/bin/../lib/gcc/arm-none-eabi/6.2.1/../../../../arm-none-eabi/lib/thumb/v6-m\libc_nano.a(lib_a-memset.o)
                0x00002e8a                memset
 *fill*         0x00002e9a        0x2 
 .text.sprintf  0x00002e9c       0x44 c:/program files (x86)/atmel/studio/7.0/toolchain/arm/arm-gnu-toolchain/bin/../lib/gcc/arm-none-eabi/6.2.1/../../../../arm-none-eabi/lib/thumb/v6-m\libc_nano.a(lib_a-sprintf.o)
                0x00002e9c                siprintf
                0x00002e9c                sprintf
 .text.__ssputs_r
                0x00002ee0       0xc4 c:/program files (x86)/atmel/studio/7.0/toolchain/arm/arm-gnu-toolchain/bin/../lib/gcc/arm-none-eabi/6.2.1/../../../../arm-none-eabi/lib/thumb/v6-m\libc_nano.a(lib_a-nano-svfprintf.o)
                0x00002ee0                __ssputs_r
 .text._svfprintf_r
                0x00002fa4      0x208 c:/program files (x86)/atmel/studio/7.0/toolchain/arm/arm-gnu-toolchain/bin/../lib/gcc/arm-none-eabi/6.2.1/../../../../arm-none-eabi/lib/thumb/v6-m\libc_nano.a(lib_a-nano-svfprintf.o)
                0x00002fa4                _svfiprintf_r
                0x00002fa4                _svfprintf_r
 .text._printf_common
                0x000031ac       0xda c:/program files (x86)/atmel/studio/7.0/toolchain/arm/arm-gnu-toolchain/bin/../lib/gcc/arm-none-eabi/6.2.1/../../../../arm-none-eabi/lib/thumb/v6-m\libc_nano.a(lib_a-nano-vfprintf_i.o)
                0x000031ac                _printf_common
 *fill*         0x00003286        0x2 
 .text._printf_i
                0x00003288      0x234 c:/program files (x86)/atmel/studio/7.0/toolchain/arm/arm-gnu-toolchain/bin/../lib/gcc/arm-none-eabi/6.2.1/../../../../arm-none-eabi/lib/thumb/v6-m\libc_nano.a(lib_a-nano-vfprintf_i.o)
                0x00003288                _printf_i
 .text.memchr   0x000034bc       0x16 c:/program files (x86)/atmel/studio/7.0/toolchain/arm/arm-gnu-toolchain/bin/../lib/gcc/arm-none-eabi/6.2.1/../../../../arm-none-eabi/lib/thumb/v6-m\libc_nano.a(lib_a-memchr-stub.o)
                0x000034bc                memchr
 .text.memmove  0x000034d2       0x24 c:/program files (x86)/atmel/studio/7.0/toolchain/arm/arm-gnu-toolchain/bin/../lib/gcc/arm-none-eabi/6.2.1/../../../../arm-none-eabi/lib/thumb/v6-m\libc_nano.a(lib_a-memmove.o)
                0x000034d2                memmove
 *fill*         0x000034f6        0x2 
 .text._free_r  0x000034f8       0x94 c:/program files (x86)/atmel/studio/7.0/toolchain/arm/arm-gnu-toolchain/bin/../lib/gcc/arm-none-eabi/6.2.1/../../../../arm-none-eabi/lib/thumb/v6-m\libc_nano.a(lib_a-nano-freer.o)
                0x000034f8                _free_r
 .text._malloc_r
                0x0000358c       0xbc c:/program files (x86)/atmel/studio/7.0/toolchain/arm/arm-gnu-toolchain/bin/../lib/gcc/arm-none-eabi/6.2.1/../../../../arm-none-eabi/lib/thumb/v6-m\libc_nano.a(lib_a-nano-mallocr.o)
                0x0000358c                _malloc_r
 .text._realloc_r
                0x00003648       0x4c c:/program files (x86)/atmel/studio/7.0/toolchain/arm/arm-gnu-toolchain/bin/../lib/gcc/arm-none-eabi/6.2.1/../../../../arm-none-eabi/lib/thumb/v6-m\libc_nano.a(lib_a-nano-reallocr.o)
                0x00003648                _realloc_r
 .text._sbrk_r  0x00003694       0x24 c:/program files (x86)/atmel/studio/7.0/toolchain/arm/arm-gnu-toolchain/bin/../lib/gcc/arm-none-eabi/6.2.1/../../../../arm-none-eabi/lib/thumb/v6-m\libc_nano.a(lib_a-sbrkr.o)
                0x00003694                _sbrk_r
 .text.__malloc_lock
                0x000036b8        0x2 c:/program files (x86)/atmel/studio/7.0/toolchain/arm/arm-gnu-toolchain/bin/../lib/gcc/arm-none-eabi/6.2.1/../../../../arm-none-eabi/lib/thumb/v6-m\libc_nano.a(lib_a-mlock.o)
                0x000036b8                __malloc_lock
 .text.__malloc_unlock
                0x000036ba        0x2 c:/program files (x86)/atmel/studio/7.0/toolchain/arm/arm-gnu-toolchain/bin/../lib/gcc/arm-none-eabi/6.2.1/../../../../arm-none-eabi/lib/thumb/v6-m\libc_nano.a(lib_a-mlock.o)
                0x000036ba                __malloc_unlock
 .text._malloc_usable_size_r
                0x000036bc       0x10 c:/program files (x86)/atmel/studio/7.0/toolchain/arm/arm-gnu-toolchain/bin/../lib/gcc/arm-none-eabi/6.2.1/../../../../arm-none-eabi/lib/thumb/v6-m\libc_nano.a(lib_a-nano-msizer.o)
                0x000036bc                _malloc_usable_size_r
 *(.glue_7t)
 .glue_7t       0x000036cc        0x0 linker stubs
 *(.glue_7)
 .glue_7        0x000036cc        0x0 linker stubs
 *(.rodata .rodata* .gnu.linkonce.r.*)
 .rodata.nvm_execute_command
                0x000036cc      0x118 src/ASF/sam0/drivers/nvm/nvm.o
 .rodata        0x000037e4        0xc src/ASF/sam0/services/eeprom/emulator/main_array/eeprom.o
 .rodata.sysfont_glyphs
                0x000037f0      0x292 src/ASF/common2/services/gfx_mono/sysfont.o
 *fill*         0x00003a82        0x2 
 .rodata        0x00003a84       0x18 src/ASF/sam0/drivers/sercom/sercom.o
 .rodata.system_clock_source_get_hz
                0x00003a9c       0x24 src/ASF/sam0/drivers/system/clock/clock_samd21_r21_da_ha1/clock.o
 .rodata.system_clock_source_enable
                0x00003ac0       0x24 src/ASF/sam0/drivers/system/clock/clock_samd21_r21_da_ha1/clock.o
 .rodata.main.str1.4
                0x00003ae4       0x60 src/main.o
                                 0x5e (size before relaxing)
 .rodata._svfprintf_r.str1.1
                0x00003b44       0x11 c:/program files (x86)/atmel/studio/7.0/toolchain/arm/arm-gnu-toolchain/bin/../lib/gcc/arm-none-eabi/6.2.1/../../../../arm-none-eabi/lib/thumb/v6-m\libc_nano.a(lib_a-nano-svfprintf.o)
 .rodata._printf_i.str1.1
                0x00003b55       0x22 c:/program files (x86)/atmel/studio/7.0/toolchain/arm/arm-gnu-toolchain/bin/../lib/gcc/arm-none-eabi/6.2.1/../../../../arm-none-eabi/lib/thumb/v6-m\libc_nano.a(lib_a-nano-vfprintf_i.o)
 *(.ARM.extab* .gnu.linkonce.armextab.*)
                0x00003b78                . = ALIGN (0x4)
 *fill*         0x00003b77        0x1 
 *(.init)
 .init          0x00003b78        0x4 c:/program files (x86)/atmel/studio/7.0/toolchain/arm/arm-gnu-toolchain/bin/../lib/gcc/arm-none-eabi/6.2.1/thumb/v6-m/crti.o
                0x00003b78                _init
 .init          0x00003b7c        0x8 c:/program files (x86)/atmel/studio/7.0/toolchain/arm/arm-gnu-toolchain/bin/../lib/gcc/arm-none-eabi/6.2.1/thumb/v6-m/crtn.o
                0x00003b84                . = ALIGN (0x4)
                0x00003b84                __preinit_array_start = .
 *(.preinit_array)
                0x00003b84                __preinit_array_end = .
                0x00003b84                . = ALIGN (0x4)
                0x00003b84                __init_array_start = .
 *(SORT(.init_array.*))
 *(.init_array)
 .init_array    0x00003b84        0x4 c:/program files (x86)/atmel/studio/7.0/toolchain/arm/arm-gnu-toolchain/bin/../lib/gcc/arm-none-eabi/6.2.1/thumb/v6-m/crtbegin.o
                0x00003b88                __init_array_end = .
                0x00003b88                . = ALIGN (0x4)
 *crtbegin.o(.ctors)
 *(EXCLUDE_FILE(*crtend.o) .ctors)
 *(SORT(.ctors.*))
 *crtend.o(.ctors)
                0x00003b88                . = ALIGN (0x4)
 *(.fini)
 .fini          0x00003b88        0x4 c:/program files (x86)/atmel/studio/7.0/toolchain/arm/arm-gnu-toolchain/bin/../lib/gcc/arm-none-eabi/6.2.1/thumb/v6-m/crti.o
                0x00003b88                _fini
 .fini          0x00003b8c        0x8 c:/program files (x86)/atmel/studio/7.0/toolchain/arm/arm-gnu-toolchain/bin/../lib/gcc/arm-none-eabi/6.2.1/thumb/v6-m/crtn.o
                0x00003b94                . = ALIGN (0x4)
                0x00003b94                __fini_array_start = .
 *(.fini_array)
 .fini_array    0x00003b94        0x4 c:/program files (x86)/atmel/studio/7.0/toolchain/arm/arm-gnu-toolchain/bin/../lib/gcc/arm-none-eabi/6.2.1/thumb/v6-m/crtbegin.o
 *(SORT(.fini_array.*))
                0x00003b98                __fini_array_end = .
 *crtbegin.o(.dtors)
 *(EXCLUDE_FILE(*crtend.o) .dtors)
 *(SORT(.dtors.*))
 *crtend.o(.dtors)
                0x00003b98                . = ALIGN (0x4)
                0x00003b98                _efixed = .
                [!provide]                PROVIDE (__exidx_start, .)

.vfp11_veneer   0x00003b98        0x0
 .vfp11_veneer  0x00003b98        0x0 linker stubs

.v4_bx          0x00003b98        0x0
 .v4_bx         0x00003b98        0x0 linker stubs

.iplt           0x00003b98        0x0
 .iplt          0x00003b98        0x0 c:/program files (x86)/atmel/studio/7.0/toolchain/arm/arm-gnu-toolchain/bin/../lib/gcc/arm-none-eabi/6.2.1/thumb/v6-m/crtbegin.o

.eh_frame       0x00003b98        0x0
 .eh_frame      0x00003b98        0x0 c:/program files (x86)/atmel/studio/7.0/toolchain/arm/arm-gnu-toolchain/bin/../lib/gcc/arm-none-eabi/6.2.1/thumb/v6-m/crtbegin.o

.rel.dyn        0x00003b98        0x0
 .rel.iplt      0x00003b98        0x0 c:/program files (x86)/atmel/studio/7.0/toolchain/arm/arm-gnu-toolchain/bin/../lib/gcc/arm-none-eabi/6.2.1/thumb/v6-m/crtbegin.o

.jcr            0x00003b98        0x0
 .jcr           0x00003b98        0x0 c:/program files (x86)/atmel/studio/7.0/toolchain/arm/arm-gnu-toolchain/bin/../lib/gcc/arm-none-eabi/6.2.1/thumb/v6-m/crtbegin.o

.igot.plt       0x00003b98        0x0
 .igot.plt      0x00003b98        0x0 c:/program files (x86)/atmel/studio/7.0/toolchain/arm/arm-gnu-toolchain/bin/../lib/gcc/arm-none-eabi/6.2.1/thumb/v6-m/crtbegin.o

.ARM.exidx
 *(.ARM.exidx* .gnu.linkonce.armexidx.*)
                [!provide]                PROVIDE (__exidx_end, .)
                0x00003b98                . = ALIGN (0x4)
                0x00003b98                _etext = .

.relocate       0x20000000       0x80 load address 0x00003b98
                0x20000000                . = ALIGN (0x4)
                0x20000000                _srelocate = .
 *(.ramfunc .ramfunc.*)
 *(.data .data.*)
 .data.cycles_per_ms
                0x20000000        0x4 src/ASF/common2/services/delay/sam0/systick_counter.o
 .data.cycles_per_us
                0x20000004        0x4 src/ASF/common2/services/delay/sam0/systick_counter.o
 .data.sysfont  0x20000008        0xc src/ASF/common2/services/gfx_mono/sysfont.o
                0x20000008                sysfont
 .data.g_interrupt_enabled
                0x20000014        0x1 src/ASF/common/utils/interrupt/interrupt_sam_nvic.o
                0x20000014                g_interrupt_enabled
 *fill*         0x20000015        0x3 
 .data.xNextTaskUnblockTime
                0x20000018        0x4 src/ASF/thirdparty/freertos/freertos-8.0.1/Source/tasks.o
 .data._impure_ptr
                0x2000001c        0x4 c:/program files (x86)/atmel/studio/7.0/toolchain/arm/arm-gnu-toolchain/bin/../lib/gcc/arm-none-eabi/6.2.1/../../../../arm-none-eabi/lib/thumb/v6-m\libc_nano.a(lib_a-impure.o)
                0x2000001c                _impure_ptr
 .data.impure_data
                0x20000020       0x60 c:/program files (x86)/atmel/studio/7.0/toolchain/arm/arm-gnu-toolchain/bin/../lib/gcc/arm-none-eabi/6.2.1/../../../../arm-none-eabi/lib/thumb/v6-m\libc_nano.a(lib_a-impure.o)
                0x20000080                . = ALIGN (0x4)
                0x20000080                _erelocate = .

.bss            0x20000080      0x658 load address 0x00003c18
                0x20000080                . = ALIGN (0x4)
                0x20000080                _sbss = .
                0x20000080                _szero = .
 *(.bss .bss.*)
 .bss           0x20000080       0x1c c:/program files (x86)/atmel/studio/7.0/toolchain/arm/arm-gnu-toolchain/bin/../lib/gcc/arm-none-eabi/6.2.1/thumb/v6-m/crtbegin.o
 .bss._nvm_dev  0x2000009c        0x6 src/ASF/sam0/drivers/nvm/nvm.o
 *fill*         0x200000a2        0x2 
 .bss._eeprom_instance
                0x200000a4       0xcc src/ASF/sam0/services/eeprom/emulator/main_array/eeprom.o
 .bss.fbpointer
                0x20000170        0x4 src/ASF/common2/services/gfx_mono/gfx_mono_framebuffer.o
 .bss.framebuffer
                0x20000174      0x400 src/ASF/common2/services/gfx_mono/gfx_mono_ug_2832hsweg04.o
 .bss.cpu_irq_critical_section_counter
                0x20000574        0x4 src/ASF/common/utils/interrupt/interrupt_sam_nvic.o
 .bss.cpu_irq_prev_interrupt_state
                0x20000578        0x1 src/ASF/common/utils/interrupt/interrupt_sam_nvic.o
 *fill*         0x20000579        0x3 
 .bss._sercom_config
                0x2000057c        0x2 src/ASF/sam0/drivers/sercom/sercom.o
 .bss._handler_table_initialized
                0x2000057e        0x1 src/ASF/sam0/drivers/sercom/sercom_interrupt.o
 *fill*         0x2000057f        0x1 
 .bss._sercom_interrupt_handlers
                0x20000580       0x18 src/ASF/sam0/drivers/sercom/sercom_interrupt.o
 .bss._system_clock_inst
                0x20000598       0x18 src/ASF/sam0/drivers/system/clock/clock_samd21_r21_da_ha1/clock.o
 .bss.heap.5276
                0x200005b0        0x4 src/ASF/sam0/utils/syscalls/gcc/syscalls.o
 .bss.pxCurrentTCB
                0x200005b4        0x4 src/ASF/thirdparty/freertos/freertos-8.0.1/Source/tasks.o
                0x200005b4                pxCurrentTCB
 .bss.pxDelayedTaskList
                0x200005b8        0x4 src/ASF/thirdparty/freertos/freertos-8.0.1/Source/tasks.o
 .bss.pxOverflowDelayedTaskList
                0x200005bc        0x4 src/ASF/thirdparty/freertos/freertos-8.0.1/Source/tasks.o
 .bss.pxReadyTasksLists
                0x200005c0       0x64 src/ASF/thirdparty/freertos/freertos-8.0.1/Source/tasks.o
 .bss.uxPendedTicks
                0x20000624        0x4 src/ASF/thirdparty/freertos/freertos-8.0.1/Source/tasks.o
 .bss.uxSchedulerSuspended
                0x20000628        0x4 src/ASF/thirdparty/freertos/freertos-8.0.1/Source/tasks.o
 .bss.uxTopReadyPriority
                0x2000062c        0x4 src/ASF/thirdparty/freertos/freertos-8.0.1/Source/tasks.o
 .bss.xNumOfOverflows
                0x20000630        0x4 src/ASF/thirdparty/freertos/freertos-8.0.1/Source/tasks.o
 .bss.xTickCount
                0x20000634        0x4 src/ASF/thirdparty/freertos/freertos-8.0.1/Source/tasks.o
 .bss.xYieldPending
                0x20000638        0x4 src/ASF/thirdparty/freertos/freertos-8.0.1/Source/tasks.o
 .bss.__malloc_free_list
                0x2000063c        0x4 c:/program files (x86)/atmel/studio/7.0/toolchain/arm/arm-gnu-toolchain/bin/../lib/gcc/arm-none-eabi/6.2.1/../../../../arm-none-eabi/lib/thumb/v6-m\libc_nano.a(lib_a-nano-mallocr.o)
                0x2000063c                __malloc_free_list
 .bss.__malloc_sbrk_start
                0x20000640        0x4 c:/program files (x86)/atmel/studio/7.0/toolchain/arm/arm-gnu-toolchain/bin/../lib/gcc/arm-none-eabi/6.2.1/../../../../arm-none-eabi/lib/thumb/v6-m\libc_nano.a(lib_a-nano-mallocr.o)
                0x20000640                __malloc_sbrk_start
 *(COMMON)
 COMMON         0x20000644       0x3f src/ASF/common2/components/display/ssd1306/ssd1306.o
                0x20000644                ssd1306_master
                0x20000680                ssd1306_slave
 *fill*         0x20000683        0x1 
 COMMON         0x20000684       0x18 src/ASF/sam0/drivers/sercom/sercom_interrupt.o
                0x20000684                _sercom_instances
 COMMON         0x2000069c        0x2 src/ASF/sam0/drivers/sercom/spi/spi_interrupt.o
                0x2000069c                dummy_write
 *fill*         0x2000069e        0x2 
 COMMON         0x200006a0       0x34 src/main.o
                0x200006a0                usart_instance
 COMMON         0x200006d4        0x4 c:/program files (x86)/atmel/studio/7.0/toolchain/arm/arm-gnu-toolchain/bin/../lib/gcc/arm-none-eabi/6.2.1/../../../../arm-none-eabi/lib/thumb/v6-m\libc_nano.a(lib_a-reent.o)
                0x200006d4                errno
                0x200006d8                . = ALIGN (0x4)
                0x200006d8                _ebss = .
                0x200006d8                _ezero = .

.stack          0x200006d8     0x2000 load address 0x00004270
                0x200006d8                . = ALIGN (0x8)
                0x200006d8                _sstack = .
                0x200026d8                . = (. + STACK_SIZE)
 *fill*         0x200006d8     0x2000 
                0x200026d8                . = ALIGN (0x8)
                0x200026d8                _estack = .
                0x200026d8                . = ALIGN (0x4)
                0x200026d8                _end = .
OUTPUT(mod_FreeRTOS_example_teste2_barrica.elf elf32-littlearm)

.ARM.attributes
                0x00000000       0x28
 .ARM.attributes
                0x00000000       0x1e c:/program files (x86)/atmel/studio/7.0/toolchain/arm/arm-gnu-toolchain/bin/../lib/gcc/arm-none-eabi/6.2.1/thumb/v6-m/crti.o
 .ARM.attributes
                0x0000001e       0x2c c:/program files (x86)/atmel/studio/7.0/toolchain/arm/arm-gnu-toolchain/bin/../lib/gcc/arm-none-eabi/6.2.1/thumb/v6-m/crtbegin.o
 .ARM.attributes
                0x0000004a       0x32 src/ASF/sam0/drivers/bod/bod_sam_d_r_h/bod.o
 .ARM.attributes
                0x0000007c       0x32 src/ASF/sam0/drivers/nvm/nvm.o
 .ARM.attributes
                0x000000ae       0x32 src/ASF/sam0/services/eeprom/emulator/main_array/eeprom.o
 .ARM.attributes
                0x000000e0       0x32 src/ASF/common2/components/display/ssd1306/ssd1306.o
 .ARM.attributes
                0x00000112       0x32 src/ASF/common2/services/delay/sam0/systick_counter.o
 .ARM.attributes
                0x00000144       0x32 src/ASF/common2/services/gfx_mono/gfx_mono_framebuffer.o
 .ARM.attributes
                0x00000176       0x32 src/ASF/common2/services/gfx_mono/gfx_mono_generic.o
 .ARM.attributes
                0x000001a8       0x32 src/ASF/common2/services/gfx_mono/gfx_mono_text.o
 .ARM.attributes
                0x000001da       0x32 src/ASF/common2/services/gfx_mono/gfx_mono_ug_2832hsweg04.o
 .ARM.attributes
                0x0000020c       0x32 src/ASF/common2/services/gfx_mono/sysfont.o
 .ARM.attributes
                0x0000023e       0x32 src/ASF/common/utils/interrupt/interrupt_sam_nvic.o
 .ARM.attributes
                0x00000270       0x32 src/ASF/sam0/boards/samr21_xplained_pro/board_init.o
 .ARM.attributes
                0x000002a2       0x32 src/ASF/sam0/drivers/port/port.o
 .ARM.attributes
                0x000002d4       0x32 src/ASF/sam0/drivers/sercom/sercom.o
 .ARM.attributes
                0x00000306       0x32 src/ASF/sam0/drivers/sercom/sercom_interrupt.o
 .ARM.attributes
                0x00000338       0x32 src/ASF/sam0/drivers/sercom/spi/spi.o
 .ARM.attributes
                0x0000036a       0x32 src/ASF/sam0/drivers/sercom/spi/spi_interrupt.o
 .ARM.attributes
                0x0000039c       0x32 src/ASF/sam0/drivers/sercom/usart/usart.o
 .ARM.attributes
                0x000003ce       0x32 src/ASF/sam0/drivers/sercom/usart/usart_interrupt.o
 .ARM.attributes
                0x00000400       0x32 src/ASF/sam0/drivers/system/clock/clock_samd21_r21_da_ha1/clock.o
 .ARM.attributes
                0x00000432       0x32 src/ASF/sam0/drivers/system/clock/clock_samd21_r21_da_ha1/gclk.o
 .ARM.attributes
                0x00000464       0x32 src/ASF/sam0/drivers/system/pinmux/pinmux.o
 .ARM.attributes
                0x00000496       0x32 src/ASF/sam0/drivers/system/system.o
 .ARM.attributes
                0x000004c8       0x32 src/ASF/sam0/utils/cmsis/samr21/source/gcc/startup_samr21.o
 .ARM.attributes
                0x000004fa       0x32 src/ASF/sam0/utils/syscalls/gcc/syscalls.o
 .ARM.attributes
                0x0000052c       0x32 src/ASF/thirdparty/freertos/freertos-8.0.1/Source/list.o
 .ARM.attributes
                0x0000055e       0x32 src/ASF/thirdparty/freertos/freertos-8.0.1/Source/portable/GCC/ARM_CM0/port.o
 .ARM.attributes
                0x00000590       0x32 src/ASF/thirdparty/freertos/freertos-8.0.1/Source/tasks.o
 .ARM.attributes
                0x000005c2       0x32 src/main.o
 .ARM.attributes
                0x000005f4       0x1e c:/program files (x86)/atmel/studio/7.0/toolchain/arm/arm-gnu-toolchain/bin/../lib/gcc/arm-none-eabi/6.2.1/thumb/v6-m\libgcc.a(_udivsi3.o)
 .ARM.attributes
                0x00000612       0x1e c:/program files (x86)/atmel/studio/7.0/toolchain/arm/arm-gnu-toolchain/bin/../lib/gcc/arm-none-eabi/6.2.1/thumb/v6-m\libgcc.a(_dvmd_tls.o)
 .ARM.attributes
                0x00000630       0x2c c:/program files (x86)/atmel/studio/7.0/toolchain/arm/arm-gnu-toolchain/bin/../lib/gcc/arm-none-eabi/6.2.1/thumb/v6-m\libgcc.a(_muldi3.o)
 .ARM.attributes
                0x0000065c       0x2c c:/program files (x86)/atmel/studio/7.0/toolchain/arm/arm-gnu-toolchain/bin/../lib/gcc/arm-none-eabi/6.2.1/../../../../arm-none-eabi/lib/thumb/v6-m\libc_nano.a(lib_a-impure.o)
 .ARM.attributes
                0x00000688       0x2c c:/program files (x86)/atmel/studio/7.0/toolchain/arm/arm-gnu-toolchain/bin/../lib/gcc/arm-none-eabi/6.2.1/../../../../arm-none-eabi/lib/thumb/v6-m\libc_nano.a(lib_a-init.o)
 .ARM.attributes
                0x000006b4       0x2c c:/program files (x86)/atmel/studio/7.0/toolchain/arm/arm-gnu-toolchain/bin/../lib/gcc/arm-none-eabi/6.2.1/../../../../arm-none-eabi/lib/thumb/v6-m\libc_nano.a(lib_a-memcpy-stub.o)
 .ARM.attributes
                0x000006e0       0x2c c:/program files (x86)/atmel/studio/7.0/toolchain/arm/arm-gnu-toolchain/bin/../lib/gcc/arm-none-eabi/6.2.1/../../../../arm-none-eabi/lib/thumb/v6-m\libc_nano.a(lib_a-memset.o)
 .ARM.attributes
                0x0000070c       0x2c c:/program files (x86)/atmel/studio/7.0/toolchain/arm/arm-gnu-toolchain/bin/../lib/gcc/arm-none-eabi/6.2.1/../../../../arm-none-eabi/lib/thumb/v6-m\libc_nano.a(lib_a-sprintf.o)
 .ARM.attributes
                0x00000738       0x2c c:/program files (x86)/atmel/studio/7.0/toolchain/arm/arm-gnu-toolchain/bin/../lib/gcc/arm-none-eabi/6.2.1/../../../../arm-none-eabi/lib/thumb/v6-m\libc_nano.a(lib_a-nano-svfprintf.o)
 .ARM.attributes
                0x00000764       0x2c c:/program files (x86)/atmel/studio/7.0/toolchain/arm/arm-gnu-toolchain/bin/../lib/gcc/arm-none-eabi/6.2.1/../../../../arm-none-eabi/lib/thumb/v6-m\libc_nano.a(lib_a-nano-vfprintf_i.o)
 .ARM.attributes
                0x00000790       0x2c c:/program files (x86)/atmel/studio/7.0/toolchain/arm/arm-gnu-toolchain/bin/../lib/gcc/arm-none-eabi/6.2.1/../../../../arm-none-eabi/lib/thumb/v6-m\libc_nano.a(lib_a-memchr-stub.o)
 .ARM.attributes
                0x000007bc       0x2c c:/program files (x86)/atmel/studio/7.0/toolchain/arm/arm-gnu-toolchain/bin/../lib/gcc/arm-none-eabi/6.2.1/../../../../arm-none-eabi/lib/thumb/v6-m\libc_nano.a(lib_a-memmove.o)
 .ARM.attributes
                0x000007e8       0x2c c:/program files (x86)/atmel/studio/7.0/toolchain/arm/arm-gnu-toolchain/bin/../lib/gcc/arm-none-eabi/6.2.1/../../../../arm-none-eabi/lib/thumb/v6-m\libc_nano.a(lib_a-nano-freer.o)
 .ARM.attributes
                0x00000814       0x2c c:/program files (x86)/atmel/studio/7.0/toolchain/arm/arm-gnu-toolchain/bin/../lib/gcc/arm-none-eabi/6.2.1/../../../../arm-none-eabi/lib/thumb/v6-m\libc_nano.a(lib_a-nano-mallocr.o)
 .ARM.attributes
                0x00000840       0x2c c:/program files (x86)/atmel/studio/7.0/toolchain/arm/arm-gnu-toolchain/bin/../lib/gcc/arm-none-eabi/6.2.1/../../../../arm-none-eabi/lib/thumb/v6-m\libc_nano.a(lib_a-nano-reallocr.o)
 .ARM.attributes
                0x0000086c       0x2c c:/program files (x86)/atmel/studio/7.0/toolchain/arm/arm-gnu-toolchain/bin/../lib/gcc/arm-none-eabi/6.2.1/../../../../arm-none-eabi/lib/thumb/v6-m\libc_nano.a(lib_a-sbrkr.o)
 .ARM.attributes
                0x00000898       0x2c c:/program files (x86)/atmel/studio/7.0/toolchain/arm/arm-gnu-toolchain/bin/../lib/gcc/arm-none-eabi/6.2.1/../../../../arm-none-eabi/lib/thumb/v6-m\libc_nano.a(lib_a-mlock.o)
 .ARM.attributes
                0x000008c4       0x2c c:/program files (x86)/atmel/studio/7.0/toolchain/arm/arm-gnu-toolchain/bin/../lib/gcc/arm-none-eabi/6.2.1/../../../../arm-none-eabi/lib/thumb/v6-m\libc_nano.a(lib_a-nano-msizer.o)
 .ARM.attributes
                0x000008f0       0x2c c:/program files (x86)/atmel/studio/7.0/toolchain/arm/arm-gnu-toolchain/bin/../lib/gcc/arm-none-eabi/6.2.1/../../../../arm-none-eabi/lib/thumb/v6-m\libc_nano.a(lib_a-reent.o)
 .ARM.attributes
                0x0000091c       0x1e c:/program files (x86)/atmel/studio/7.0/toolchain/arm/arm-gnu-toolchain/bin/../lib/gcc/arm-none-eabi/6.2.1/thumb/v6-m/crtn.o

.comment        0x00000000       0x59
 .comment       0x00000000       0x59 src/ASF/sam0/drivers/bod/bod_sam_d_r_h/bod.o
                                 0x5a (size before relaxing)
 .comment       0x00000059       0x5a src/ASF/sam0/drivers/nvm/nvm.o
 .comment       0x00000059       0x5a src/ASF/sam0/services/eeprom/emulator/main_array/eeprom.o
 .comment       0x00000059       0x5a src/ASF/common2/components/display/ssd1306/ssd1306.o
 .comment       0x00000059       0x5a src/ASF/common2/services/delay/sam0/systick_counter.o
 .comment       0x00000059       0x5a src/ASF/common2/services/gfx_mono/gfx_mono_framebuffer.o
 .comment       0x00000059       0x5a src/ASF/common2/services/gfx_mono/gfx_mono_generic.o
 .comment       0x00000059       0x5a src/ASF/common2/services/gfx_mono/gfx_mono_text.o
 .comment       0x00000059       0x5a src/ASF/common2/services/gfx_mono/gfx_mono_ug_2832hsweg04.o
 .comment       0x00000059       0x5a src/ASF/common2/services/gfx_mono/sysfont.o
 .comment       0x00000059       0x5a src/ASF/common/utils/interrupt/interrupt_sam_nvic.o
 .comment       0x00000059       0x5a src/ASF/sam0/boards/samr21_xplained_pro/board_init.o
 .comment       0x00000059       0x5a src/ASF/sam0/drivers/port/port.o
 .comment       0x00000059       0x5a src/ASF/sam0/drivers/sercom/sercom.o
 .comment       0x00000059       0x5a src/ASF/sam0/drivers/sercom/sercom_interrupt.o
 .comment       0x00000059       0x5a src/ASF/sam0/drivers/sercom/spi/spi.o
 .comment       0x00000059       0x5a src/ASF/sam0/drivers/sercom/spi/spi_interrupt.o
 .comment       0x00000059       0x5a src/ASF/sam0/drivers/sercom/usart/usart.o
 .comment       0x00000059       0x5a src/ASF/sam0/drivers/sercom/usart/usart_interrupt.o
 .comment       0x00000059       0x5a src/ASF/sam0/drivers/system/clock/clock_samd21_r21_da_ha1/clock.o
 .comment       0x00000059       0x5a src/ASF/sam0/drivers/system/clock/clock_samd21_r21_da_ha1/gclk.o
 .comment       0x00000059       0x5a src/ASF/sam0/drivers/system/pinmux/pinmux.o
 .comment       0x00000059       0x5a src/ASF/sam0/drivers/system/system.o
 .comment       0x00000059       0x5a src/ASF/sam0/utils/cmsis/samr21/source/gcc/startup_samr21.o
 .comment       0x00000059       0x5a src/ASF/sam0/utils/syscalls/gcc/syscalls.o
 .comment       0x00000059       0x5a src/ASF/thirdparty/freertos/freertos-8.0.1/Source/list.o
 .comment       0x00000059       0x5a src/ASF/thirdparty/freertos/freertos-8.0.1/Source/portable/GCC/ARM_CM0/port.o
 .comment       0x00000059       0x5a src/ASF/thirdparty/freertos/freertos-8.0.1/Source/tasks.o
 .comment       0x00000059       0x5a src/main.o

.debug_info     0x00000000    0x48473
 .debug_info    0x00000000     0x1d1c src/ASF/sam0/drivers/bod/bod_sam_d_r_h/bod.o
 .debug_info    0x00001d1c     0x2559 src/ASF/sam0/drivers/nvm/nvm.o
 .debug_info    0x00004275     0x2024 src/ASF/sam0/services/eeprom/emulator/main_array/eeprom.o
 .debug_info    0x00006299     0x421c src/ASF/common2/components/display/ssd1306/ssd1306.o
 .debug_info    0x0000a4b5      0xb81 src/ASF/common2/services/delay/sam0/systick_counter.o
 .debug_info    0x0000b036     0x2f7b src/ASF/common2/services/gfx_mono/gfx_mono_framebuffer.o
 .debug_info    0x0000dfb1     0x35fc src/ASF/common2/services/gfx_mono/gfx_mono_generic.o
 .debug_info    0x000115ad     0x2fca src/ASF/common2/services/gfx_mono/gfx_mono_text.o
 .debug_info    0x00014577     0x333d src/ASF/common2/services/gfx_mono/gfx_mono_ug_2832hsweg04.o
 .debug_info    0x000178b4     0x2cb2 src/ASF/common2/services/gfx_mono/sysfont.o
 .debug_info    0x0001a566      0xafb src/ASF/common/utils/interrupt/interrupt_sam_nvic.o
 .debug_info    0x0001b061     0x12a0 src/ASF/sam0/boards/samr21_xplained_pro/board_init.o
 .debug_info    0x0001c301     0x12aa src/ASF/sam0/drivers/port/port.o
 .debug_info    0x0001d5ab     0x2dc0 src/ASF/sam0/drivers/sercom/sercom.o
 .debug_info    0x0002036b     0x2bae src/ASF/sam0/drivers/sercom/sercom_interrupt.o
 .debug_info    0x00022f19     0x5e34 src/ASF/sam0/drivers/sercom/spi/spi.o
 .debug_info    0x00028d4d     0x318e src/ASF/sam0/drivers/sercom/spi/spi_interrupt.o
 .debug_info    0x0002bedb     0x4a0b src/ASF/sam0/drivers/sercom/usart/usart.o
 .debug_info    0x000308e6     0x303f src/ASF/sam0/drivers/sercom/usart/usart_interrupt.o
 .debug_info    0x00033925     0x3747 src/ASF/sam0/drivers/system/clock/clock_samd21_r21_da_ha1/clock.o
 .debug_info    0x0003706c     0x1e1c src/ASF/sam0/drivers/system/clock/clock_samd21_r21_da_ha1/gclk.o
 .debug_info    0x00038e88     0x1368 src/ASF/sam0/drivers/system/pinmux/pinmux.o
 .debug_info    0x0003a1f0      0xa67 src/ASF/sam0/drivers/system/system.o
 .debug_info    0x0003ac57     0x3a35 src/ASF/sam0/utils/cmsis/samr21/source/gcc/startup_samr21.o
 .debug_info    0x0003e68c      0xd8c src/ASF/sam0/utils/syscalls/gcc/syscalls.o
 .debug_info    0x0003f418      0xc4f src/ASF/thirdparty/freertos/freertos-8.0.1/Source/list.o
 .debug_info    0x00040067      0xcd1 src/ASF/thirdparty/freertos/freertos-8.0.1/Source/portable/GCC/ARM_CM0/port.o
 .debug_info    0x00040d38     0x21ec src/ASF/thirdparty/freertos/freertos-8.0.1/Source/tasks.o
 .debug_info    0x00042f24     0x554f src/main.o

.debug_abbrev   0x00000000     0x6016
 .debug_abbrev  0x00000000      0x253 src/ASF/sam0/drivers/bod/bod_sam_d_r_h/bod.o
 .debug_abbrev  0x00000253      0x491 src/ASF/sam0/drivers/nvm/nvm.o
 .debug_abbrev  0x000006e4      0x4a1 src/ASF/sam0/services/eeprom/emulator/main_array/eeprom.o
 .debug_abbrev  0x00000b85      0x3f5 src/ASF/common2/components/display/ssd1306/ssd1306.o
 .debug_abbrev  0x00000f7a      0x24b src/ASF/common2/services/delay/sam0/systick_counter.o
 .debug_abbrev  0x000011c5      0x306 src/ASF/common2/services/gfx_mono/gfx_mono_framebuffer.o
 .debug_abbrev  0x000014cb      0x319 src/ASF/common2/services/gfx_mono/gfx_mono_generic.o
 .debug_abbrev  0x000017e4      0x374 src/ASF/common2/services/gfx_mono/gfx_mono_text.o
 .debug_abbrev  0x00001b58      0x3cd src/ASF/common2/services/gfx_mono/gfx_mono_ug_2832hsweg04.o
 .debug_abbrev  0x00001f25      0x238 src/ASF/common2/services/gfx_mono/sysfont.o
 .debug_abbrev  0x0000215d      0x22c src/ASF/common/utils/interrupt/interrupt_sam_nvic.o
 .debug_abbrev  0x00002389      0x2dc src/ASF/sam0/boards/samr21_xplained_pro/board_init.o
 .debug_abbrev  0x00002665      0x298 src/ASF/sam0/drivers/port/port.o
 .debug_abbrev  0x000028fd      0x378 src/ASF/sam0/drivers/sercom/sercom.o
 .debug_abbrev  0x00002c75      0x2d8 src/ASF/sam0/drivers/sercom/sercom_interrupt.o
 .debug_abbrev  0x00002f4d      0x4ff src/ASF/sam0/drivers/sercom/spi/spi.o
 .debug_abbrev  0x0000344c      0x3fd src/ASF/sam0/drivers/sercom/spi/spi_interrupt.o
 .debug_abbrev  0x00003849      0x477 src/ASF/sam0/drivers/sercom/usart/usart.o
 .debug_abbrev  0x00003cc0      0x416 src/ASF/sam0/drivers/sercom/usart/usart_interrupt.o
 .debug_abbrev  0x000040d6      0x465 src/ASF/sam0/drivers/system/clock/clock_samd21_r21_da_ha1/clock.o
 .debug_abbrev  0x0000453b      0x3f1 src/ASF/sam0/drivers/system/clock/clock_samd21_r21_da_ha1/gclk.o
 .debug_abbrev  0x0000492c      0x332 src/ASF/sam0/drivers/system/pinmux/pinmux.o
 .debug_abbrev  0x00004c5e      0x1e1 src/ASF/sam0/drivers/system/system.o
 .debug_abbrev  0x00004e3f      0x234 src/ASF/sam0/utils/cmsis/samr21/source/gcc/startup_samr21.o
 .debug_abbrev  0x00005073      0x257 src/ASF/sam0/utils/syscalls/gcc/syscalls.o
 .debug_abbrev  0x000052ca      0x23b src/ASF/thirdparty/freertos/freertos-8.0.1/Source/list.o
 .debug_abbrev  0x00005505      0x2dc src/ASF/thirdparty/freertos/freertos-8.0.1/Source/portable/GCC/ARM_CM0/port.o
 .debug_abbrev  0x000057e1      0x3ec src/ASF/thirdparty/freertos/freertos-8.0.1/Source/tasks.o
 .debug_abbrev  0x00005bcd      0x449 src/main.o

.debug_loc      0x00000000     0xb8f9
 .debug_loc     0x00000000       0xbe src/ASF/sam0/drivers/bod/bod_sam_d_r_h/bod.o
 .debug_loc     0x000000be     0x10c4 src/ASF/sam0/drivers/nvm/nvm.o
 .debug_loc     0x00001182      0xe3a src/ASF/sam0/services/eeprom/emulator/main_array/eeprom.o
 .debug_loc     0x00001fbc      0x415 src/ASF/common2/components/display/ssd1306/ssd1306.o
 .debug_loc     0x000023d1       0xe4 src/ASF/common2/services/delay/sam0/systick_counter.o
 .debug_loc     0x000024b5      0x539 src/ASF/common2/services/gfx_mono/gfx_mono_framebuffer.o
 .debug_loc     0x000029ee      0xd60 src/ASF/common2/services/gfx_mono/gfx_mono_generic.o
 .debug_loc     0x0000374e      0x7ab src/ASF/common2/services/gfx_mono/gfx_mono_text.o
 .debug_loc     0x00003ef9      0x760 src/ASF/common2/services/gfx_mono/gfx_mono_ug_2832hsweg04.o
 .debug_loc     0x00004659       0x8a src/ASF/sam0/boards/samr21_xplained_pro/board_init.o
 .debug_loc     0x000046e3      0x13d src/ASF/sam0/drivers/port/port.o
 .debug_loc     0x00004820      0x9d5 src/ASF/sam0/drivers/sercom/sercom.o
 .debug_loc     0x000051f5      0x161 src/ASF/sam0/drivers/sercom/sercom_interrupt.o
 .debug_loc     0x00005356     0x19c3 src/ASF/sam0/drivers/sercom/spi/spi.o
 .debug_loc     0x00006d19      0x632 src/ASF/sam0/drivers/sercom/spi/spi_interrupt.o
 .debug_loc     0x0000734b      0xe2f src/ASF/sam0/drivers/sercom/usart/usart.o
 .debug_loc     0x0000817a      0x711 src/ASF/sam0/drivers/sercom/usart/usart_interrupt.o
 .debug_loc     0x0000888b      0xf19 src/ASF/sam0/drivers/system/clock/clock_samd21_r21_da_ha1/clock.o
 .debug_loc     0x000097a4      0x504 src/ASF/sam0/drivers/system/clock/clock_samd21_r21_da_ha1/gclk.o
 .debug_loc     0x00009ca8      0x322 src/ASF/sam0/drivers/system/pinmux/pinmux.o
 .debug_loc     0x00009fca       0x20 src/ASF/sam0/drivers/system/system.o
 .debug_loc     0x00009fea       0x40 src/ASF/sam0/utils/cmsis/samr21/source/gcc/startup_samr21.o
 .debug_loc     0x0000a02a       0xef src/ASF/sam0/utils/syscalls/gcc/syscalls.o
 .debug_loc     0x0000a119       0x72 src/ASF/thirdparty/freertos/freertos-8.0.1/Source/list.o
 .debug_loc     0x0000a18b      0x133 src/ASF/thirdparty/freertos/freertos-8.0.1/Source/portable/GCC/ARM_CM0/port.o
 .debug_loc     0x0000a2be     0x12ad src/ASF/thirdparty/freertos/freertos-8.0.1/Source/tasks.o
 .debug_loc     0x0000b56b      0x38e src/main.o

.debug_aranges  0x00000000      0x950
 .debug_aranges
                0x00000000       0x20 src/ASF/sam0/drivers/bod/bod_sam_d_r_h/bod.o
 .debug_aranges
                0x00000020       0x68 src/ASF/sam0/drivers/nvm/nvm.o
 .debug_aranges
                0x00000088       0x80 src/ASF/sam0/services/eeprom/emulator/main_array/eeprom.o
 .debug_aranges
                0x00000108       0x30 src/ASF/common2/components/display/ssd1306/ssd1306.o
 .debug_aranges
                0x00000138       0x30 src/ASF/common2/services/delay/sam0/systick_counter.o
 .debug_aranges
                0x00000168       0x58 src/ASF/common2/services/gfx_mono/gfx_mono_framebuffer.o
 .debug_aranges
                0x000001c0       0x58 src/ASF/common2/services/gfx_mono/gfx_mono_generic.o
 .debug_aranges
                0x00000218       0x40 src/ASF/common2/services/gfx_mono/gfx_mono_text.o
 .debug_aranges
                0x00000258       0x60 src/ASF/common2/services/gfx_mono/gfx_mono_ug_2832hsweg04.o
 .debug_aranges
                0x000002b8       0x18 src/ASF/common2/services/gfx_mono/sysfont.o
 .debug_aranges
                0x000002d0       0x28 src/ASF/common/utils/interrupt/interrupt_sam_nvic.o
 .debug_aranges
                0x000002f8       0x20 src/ASF/sam0/boards/samr21_xplained_pro/board_init.o
 .debug_aranges
                0x00000318       0x28 src/ASF/sam0/drivers/port/port.o
 .debug_aranges
                0x00000340       0x48 src/ASF/sam0/drivers/sercom/sercom.o
 .debug_aranges
                0x00000388       0x60 src/ASF/sam0/drivers/sercom/sercom_interrupt.o
 .debug_aranges
                0x000003e8       0x58 src/ASF/sam0/drivers/sercom/spi/spi.o
 .debug_aranges
                0x00000440       0x50 src/ASF/sam0/drivers/sercom/spi/spi_interrupt.o
 .debug_aranges
                0x00000490       0x40 src/ASF/sam0/drivers/sercom/usart/usart.o
 .debug_aranges
                0x000004d0       0x70 src/ASF/sam0/drivers/sercom/usart/usart_interrupt.o
 .debug_aranges
                0x00000540       0x78 src/ASF/sam0/drivers/system/clock/clock_samd21_r21_da_ha1/clock.o
 .debug_aranges
                0x000005b8       0x80 src/ASF/sam0/drivers/system/clock/clock_samd21_r21_da_ha1/gclk.o
 .debug_aranges
                0x00000638       0x38 src/ASF/sam0/drivers/system/pinmux/pinmux.o
 .debug_aranges
                0x00000670       0x28 src/ASF/sam0/drivers/system/system.o
 .debug_aranges
                0x00000698       0x28 src/ASF/sam0/utils/cmsis/samr21/source/gcc/startup_samr21.o
 .debug_aranges
                0x000006c0       0x60 src/ASF/sam0/utils/syscalls/gcc/syscalls.o
 .debug_aranges
                0x00000720       0x40 src/ASF/thirdparty/freertos/freertos-8.0.1/Source/list.o
 .debug_aranges
                0x00000760       0x88 src/ASF/thirdparty/freertos/freertos-8.0.1/Source/portable/GCC/ARM_CM0/port.o
 .debug_aranges
                0x000007e8      0x130 src/ASF/thirdparty/freertos/freertos-8.0.1/Source/tasks.o
 .debug_aranges
                0x00000918       0x38 src/main.o

.debug_ranges   0x00000000      0xf28
 .debug_ranges  0x00000000       0x10 src/ASF/sam0/drivers/bod/bod_sam_d_r_h/bod.o
 .debug_ranges  0x00000010      0x118 src/ASF/sam0/drivers/nvm/nvm.o
 .debug_ranges  0x00000128      0x230 src/ASF/sam0/services/eeprom/emulator/main_array/eeprom.o
 .debug_ranges  0x00000358       0x50 src/ASF/common2/components/display/ssd1306/ssd1306.o
 .debug_ranges  0x000003a8       0x50 src/ASF/common2/services/delay/sam0/systick_counter.o
 .debug_ranges  0x000003f8       0x48 src/ASF/common2/services/gfx_mono/gfx_mono_framebuffer.o
 .debug_ranges  0x00000440       0x48 src/ASF/common2/services/gfx_mono/gfx_mono_generic.o
 .debug_ranges  0x00000488       0x48 src/ASF/common2/services/gfx_mono/gfx_mono_text.o
 .debug_ranges  0x000004d0       0x68 src/ASF/common2/services/gfx_mono/gfx_mono_ug_2832hsweg04.o
 .debug_ranges  0x00000538       0x18 src/ASF/common/utils/interrupt/interrupt_sam_nvic.o
 .debug_ranges  0x00000550       0x10 src/ASF/sam0/boards/samr21_xplained_pro/board_init.o
 .debug_ranges  0x00000560       0x18 src/ASF/sam0/drivers/port/port.o
 .debug_ranges  0x00000578       0x50 src/ASF/sam0/drivers/sercom/sercom.o
 .debug_ranges  0x000005c8       0x50 src/ASF/sam0/drivers/sercom/sercom_interrupt.o
 .debug_ranges  0x00000618      0x240 src/ASF/sam0/drivers/sercom/spi/spi.o
 .debug_ranges  0x00000858       0xb8 src/ASF/sam0/drivers/sercom/spi/spi_interrupt.o
 .debug_ranges  0x00000910      0x140 src/ASF/sam0/drivers/sercom/usart/usart.o
 .debug_ranges  0x00000a50       0x60 src/ASF/sam0/drivers/sercom/usart/usart_interrupt.o
 .debug_ranges  0x00000ab0       0x68 src/ASF/sam0/drivers/system/clock/clock_samd21_r21_da_ha1/clock.o
 .debug_ranges  0x00000b18       0x88 src/ASF/sam0/drivers/system/clock/clock_samd21_r21_da_ha1/gclk.o
 .debug_ranges  0x00000ba0       0x28 src/ASF/sam0/drivers/system/pinmux/pinmux.o
 .debug_ranges  0x00000bc8       0x18 src/ASF/sam0/drivers/system/system.o
 .debug_ranges  0x00000be0       0x18 src/ASF/sam0/utils/cmsis/samr21/source/gcc/startup_samr21.o
 .debug_ranges  0x00000bf8       0x50 src/ASF/sam0/utils/syscalls/gcc/syscalls.o
 .debug_ranges  0x00000c48       0x30 src/ASF/thirdparty/freertos/freertos-8.0.1/Source/list.o
 .debug_ranges  0x00000c78       0x78 src/ASF/thirdparty/freertos/freertos-8.0.1/Source/portable/GCC/ARM_CM0/port.o
 .debug_ranges  0x00000cf0      0x1f8 src/ASF/thirdparty/freertos/freertos-8.0.1/Source/tasks.o
 .debug_ranges  0x00000ee8       0x40 src/main.o

.debug_macro    0x00000000    0x1e4f2
 .debug_macro   0x00000000      0x4fe src/ASF/sam0/drivers/bod/bod_sam_d_r_h/bod.o
 .debug_macro   0x000004fe      0x8ce src/ASF/sam0/drivers/bod/bod_sam_d_r_h/bod.o
 .debug_macro   0x00000dcc      0x16d src/ASF/sam0/drivers/bod/bod_sam_d_r_h/bod.o
 .debug_macro   0x00000f39      0x64b src/ASF/sam0/drivers/bod/bod_sam_d_r_h/bod.o
 .debug_macro   0x00001584       0x22 src/ASF/sam0/drivers/bod/bod_sam_d_r_h/bod.o
 .debug_macro   0x000015a6       0x87 src/ASF/sam0/drivers/bod/bod_sam_d_r_h/bod.o
 .debug_macro   0x0000162d       0x51 src/ASF/sam0/drivers/bod/bod_sam_d_r_h/bod.o
 .debug_macro   0x0000167e       0xef src/ASF/sam0/drivers/bod/bod_sam_d_r_h/bod.o
 .debug_macro   0x0000176d       0x6a src/ASF/sam0/drivers/bod/bod_sam_d_r_h/bod.o
 .debug_macro   0x000017d7      0x1df src/ASF/sam0/drivers/bod/bod_sam_d_r_h/bod.o
 .debug_macro   0x000019b6       0x10 src/ASF/sam0/drivers/bod/bod_sam_d_r_h/bod.o
 .debug_macro   0x000019c6       0x76 src/ASF/sam0/drivers/bod/bod_sam_d_r_h/bod.o
 .debug_macro   0x00001a3c       0x16 src/ASF/sam0/drivers/bod/bod_sam_d_r_h/bod.o
 .debug_macro   0x00001a52      0x6e5 src/ASF/sam0/drivers/bod/bod_sam_d_r_h/bod.o
 .debug_macro   0x00002137      0xde2 src/ASF/sam0/drivers/bod/bod_sam_d_r_h/bod.o
 .debug_macro   0x00002f19       0x22 src/ASF/sam0/drivers/bod/bod_sam_d_r_h/bod.o
 .debug_macro   0x00002f3b       0x40 src/ASF/sam0/drivers/bod/bod_sam_d_r_h/bod.o
 .debug_macro   0x00002f7b       0x3a src/ASF/sam0/drivers/bod/bod_sam_d_r_h/bod.o
 .debug_macro   0x00002fb5       0x1f src/ASF/sam0/drivers/bod/bod_sam_d_r_h/bod.o
 .debug_macro   0x00002fd4      0x250 src/ASF/sam0/drivers/bod/bod_sam_d_r_h/bod.o
 .debug_macro   0x00003224      0x682 src/ASF/sam0/drivers/bod/bod_sam_d_r_h/bod.o
 .debug_macro   0x000038a6      0x8bf src/ASF/sam0/drivers/bod/bod_sam_d_r_h/bod.o
 .debug_macro   0x00004165      0xd6a src/ASF/sam0/drivers/bod/bod_sam_d_r_h/bod.o
 .debug_macro   0x00004ecf      0x4ce src/ASF/sam0/drivers/bod/bod_sam_d_r_h/bod.o
 .debug_macro   0x0000539d      0x9f8 src/ASF/sam0/drivers/bod/bod_sam_d_r_h/bod.o
 .debug_macro   0x00005d95      0x82b src/ASF/sam0/drivers/bod/bod_sam_d_r_h/bod.o
 .debug_macro   0x000065c0      0x45f src/ASF/sam0/drivers/bod/bod_sam_d_r_h/bod.o
 .debug_macro   0x00006a1f       0x5e src/ASF/sam0/drivers/bod/bod_sam_d_r_h/bod.o
 .debug_macro   0x00006a7d      0x225 src/ASF/sam0/drivers/bod/bod_sam_d_r_h/bod.o
 .debug_macro   0x00006ca2      0x797 src/ASF/sam0/drivers/bod/bod_sam_d_r_h/bod.o
 .debug_macro   0x00007439       0x5e src/ASF/sam0/drivers/bod/bod_sam_d_r_h/bod.o
 .debug_macro   0x00007497      0x60a src/ASF/sam0/drivers/bod/bod_sam_d_r_h/bod.o
 .debug_macro   0x00007aa1      0x3b6 src/ASF/sam0/drivers/bod/bod_sam_d_r_h/bod.o
 .debug_macro   0x00007e57       0x94 src/ASF/sam0/drivers/bod/bod_sam_d_r_h/bod.o
 .debug_macro   0x00007eeb      0xc55 src/ASF/sam0/drivers/bod/bod_sam_d_r_h/bod.o
 .debug_macro   0x00008b40     0x1092 src/ASF/sam0/drivers/bod/bod_sam_d_r_h/bod.o
 .debug_macro   0x00009bd2      0xc4a src/ASF/sam0/drivers/bod/bod_sam_d_r_h/bod.o
 .debug_macro   0x0000a81c      0x6bf src/ASF/sam0/drivers/bod/bod_sam_d_r_h/bod.o
 .debug_macro   0x0000aedb     0x1b4b src/ASF/sam0/drivers/bod/bod_sam_d_r_h/bod.o
 .debug_macro   0x0000ca26     0x144a src/ASF/sam0/drivers/bod/bod_sam_d_r_h/bod.o
 .debug_macro   0x0000de70      0x34e src/ASF/sam0/drivers/bod/bod_sam_d_r_h/bod.o
 .debug_macro   0x0000e1be       0x7c src/ASF/sam0/drivers/bod/bod_sam_d_r_h/bod.o
 .debug_macro   0x0000e23a       0xa0 src/ASF/sam0/drivers/bod/bod_sam_d_r_h/bod.o
 .debug_macro   0x0000e2da       0xca src/ASF/sam0/drivers/bod/bod_sam_d_r_h/bod.o
 .debug_macro   0x0000e3a4       0x94 src/ASF/sam0/drivers/bod/bod_sam_d_r_h/bod.o
 .debug_macro   0x0000e438       0x58 src/ASF/sam0/drivers/bod/bod_sam_d_r_h/bod.o
 .debug_macro   0x0000e490      0x364 src/ASF/sam0/drivers/bod/bod_sam_d_r_h/bod.o
 .debug_macro   0x0000e7f4       0x82 src/ASF/sam0/drivers/bod/bod_sam_d_r_h/bod.o
 .debug_macro   0x0000e876      0x197 src/ASF/sam0/drivers/bod/bod_sam_d_r_h/bod.o
 .debug_macro   0x0000ea0d       0xa0 src/ASF/sam0/drivers/bod/bod_sam_d_r_h/bod.o
 .debug_macro   0x0000eaad       0xb2 src/ASF/sam0/drivers/bod/bod_sam_d_r_h/bod.o
 .debug_macro   0x0000eb5f       0x1c src/ASF/sam0/drivers/bod/bod_sam_d_r_h/bod.o
 .debug_macro   0x0000eb7b       0x1c src/ASF/sam0/drivers/bod/bod_sam_d_r_h/bod.o
 .debug_macro   0x0000eb97       0x1c src/ASF/sam0/drivers/bod/bod_sam_d_r_h/bod.o
 .debug_macro   0x0000ebb3       0x7c src/ASF/sam0/drivers/bod/bod_sam_d_r_h/bod.o
 .debug_macro   0x0000ec2f      0x1c6 src/ASF/sam0/drivers/bod/bod_sam_d_r_h/bod.o
 .debug_macro   0x0000edf5       0x16 src/ASF/sam0/drivers/bod/bod_sam_d_r_h/bod.o
 .debug_macro   0x0000ee0b       0xdc src/ASF/sam0/drivers/bod/bod_sam_d_r_h/bod.o
 .debug_macro   0x0000eee7      0x12f src/ASF/sam0/drivers/bod/bod_sam_d_r_h/bod.o
 .debug_macro   0x0000f016      0x12f src/ASF/sam0/drivers/bod/bod_sam_d_r_h/bod.o
 .debug_macro   0x0000f145      0x12f src/ASF/sam0/drivers/bod/bod_sam_d_r_h/bod.o
 .debug_macro   0x0000f274      0x12f src/ASF/sam0/drivers/bod/bod_sam_d_r_h/bod.o
 .debug_macro   0x0000f3a3      0x12f src/ASF/sam0/drivers/bod/bod_sam_d_r_h/bod.o
 .debug_macro   0x0000f4d2      0x12f src/ASF/sam0/drivers/bod/bod_sam_d_r_h/bod.o
 .debug_macro   0x0000f601      0x11e src/ASF/sam0/drivers/bod/bod_sam_d_r_h/bod.o
 .debug_macro   0x0000f71f       0xe2 src/ASF/sam0/drivers/bod/bod_sam_d_r_h/bod.o
 .debug_macro   0x0000f801       0xe2 src/ASF/sam0/drivers/bod/bod_sam_d_r_h/bod.o
 .debug_macro   0x0000f8e3       0xe2 src/ASF/sam0/drivers/bod/bod_sam_d_r_h/bod.o
 .debug_macro   0x0000f9c5      0x12c src/ASF/sam0/drivers/bod/bod_sam_d_r_h/bod.o
 .debug_macro   0x0000faf1      0x100 src/ASF/sam0/drivers/bod/bod_sam_d_r_h/bod.o
 .debug_macro   0x0000fbf1       0xf4 src/ASF/sam0/drivers/bod/bod_sam_d_r_h/bod.o
 .debug_macro   0x0000fce5      0x40f src/ASF/sam0/drivers/bod/bod_sam_d_r_h/bod.o
 .debug_macro   0x000100f4       0x40 src/ASF/sam0/drivers/bod/bod_sam_d_r_h/bod.o
 .debug_macro   0x00010134      0x345 src/ASF/sam0/drivers/bod/bod_sam_d_r_h/bod.o
 .debug_macro   0x00010479     0x174b src/ASF/sam0/drivers/bod/bod_sam_d_r_h/bod.o
 .debug_macro   0x00011bc4       0x74 src/ASF/sam0/drivers/bod/bod_sam_d_r_h/bod.o
 .debug_macro   0x00011c38       0x52 src/ASF/sam0/drivers/bod/bod_sam_d_r_h/bod.o
 .debug_macro   0x00011c8a       0x35 src/ASF/sam0/drivers/bod/bod_sam_d_r_h/bod.o
 .debug_macro   0x00011cbf       0x9c src/ASF/sam0/drivers/bod/bod_sam_d_r_h/bod.o
 .debug_macro   0x00011d5b       0x16 src/ASF/sam0/drivers/bod/bod_sam_d_r_h/bod.o
 .debug_macro   0x00011d71       0x35 src/ASF/sam0/drivers/bod/bod_sam_d_r_h/bod.o
 .debug_macro   0x00011da6      0x330 src/ASF/sam0/drivers/bod/bod_sam_d_r_h/bod.o
 .debug_macro   0x000120d6       0x10 src/ASF/sam0/drivers/bod/bod_sam_d_r_h/bod.o
 .debug_macro   0x000120e6       0x52 src/ASF/sam0/drivers/bod/bod_sam_d_r_h/bod.o
 .debug_macro   0x00012138       0x1f src/ASF/sam0/drivers/bod/bod_sam_d_r_h/bod.o
 .debug_macro   0x00012157       0x43 src/ASF/sam0/drivers/bod/bod_sam_d_r_h/bod.o
 .debug_macro   0x0001219a       0x20 src/ASF/sam0/drivers/bod/bod_sam_d_r_h/bod.o
 .debug_macro   0x000121ba      0x187 src/ASF/sam0/drivers/bod/bod_sam_d_r_h/bod.o
 .debug_macro   0x00012341       0x10 src/ASF/sam0/drivers/bod/bod_sam_d_r_h/bod.o
 .debug_macro   0x00012351       0x1c src/ASF/sam0/drivers/bod/bod_sam_d_r_h/bod.o
 .debug_macro   0x0001236d       0x52 src/ASF/sam0/drivers/bod/bod_sam_d_r_h/bod.o
 .debug_macro   0x000123bf       0x40 src/ASF/sam0/drivers/bod/bod_sam_d_r_h/bod.o
 .debug_macro   0x000123ff       0x10 src/ASF/sam0/drivers/bod/bod_sam_d_r_h/bod.o
 .debug_macro   0x0001240f       0x40 src/ASF/sam0/drivers/bod/bod_sam_d_r_h/bod.o
 .debug_macro   0x0001244f       0xd7 src/ASF/sam0/drivers/bod/bod_sam_d_r_h/bod.o
 .debug_macro   0x00012526       0x16 src/ASF/sam0/drivers/bod/bod_sam_d_r_h/bod.o
 .debug_macro   0x0001253c      0x18b src/ASF/sam0/drivers/bod/bod_sam_d_r_h/bod.o
 .debug_macro   0x000126c7       0x16 src/ASF/sam0/drivers/bod/bod_sam_d_r_h/bod.o
 .debug_macro   0x000126dd       0x16 src/ASF/sam0/drivers/bod/bod_sam_d_r_h/bod.o
 .debug_macro   0x000126f3       0x29 src/ASF/sam0/drivers/bod/bod_sam_d_r_h/bod.o
 .debug_macro   0x0001271c       0x51 src/ASF/sam0/drivers/bod/bod_sam_d_r_h/bod.o
 .debug_macro   0x0001276d       0x3f src/ASF/sam0/drivers/bod/bod_sam_d_r_h/bod.o
 .debug_macro   0x000127ac      0x3df src/ASF/sam0/drivers/bod/bod_sam_d_r_h/bod.o
 .debug_macro   0x00012b8b      0x585 src/ASF/sam0/drivers/nvm/nvm.o
 .debug_macro   0x00013110       0x11 src/ASF/sam0/drivers/nvm/nvm.o
 .debug_macro   0x00013121       0x11 src/ASF/sam0/drivers/nvm/nvm.o
 .debug_macro   0x00013132       0x16 src/ASF/sam0/drivers/nvm/nvm.o
 .debug_macro   0x00013148       0x2e src/ASF/sam0/drivers/nvm/nvm.o
 .debug_macro   0x00013176       0x16 src/ASF/sam0/drivers/nvm/nvm.o
 .debug_macro   0x0001318c      0x530 src/ASF/sam0/services/eeprom/emulator/main_array/eeprom.o
 .debug_macro   0x000136bc       0x4a src/ASF/sam0/services/eeprom/emulator/main_array/eeprom.o
 .debug_macro   0x00013706       0x11 src/ASF/sam0/services/eeprom/emulator/main_array/eeprom.o
 .debug_macro   0x00013717      0x616 src/ASF/common2/components/display/ssd1306/ssd1306.o
 .debug_macro   0x00013d2d       0x19 src/ASF/common2/components/display/ssd1306/ssd1306.o
 .debug_macro   0x00013d46       0xa0 src/ASF/common2/components/display/ssd1306/ssd1306.o
 .debug_macro   0x00013de6       0x10 src/ASF/common2/components/display/ssd1306/ssd1306.o
 .debug_macro   0x00013df6       0x16 src/ASF/common2/components/display/ssd1306/ssd1306.o
 .debug_macro   0x00013e0c       0x35 src/ASF/common2/components/display/ssd1306/ssd1306.o
 .debug_macro   0x00013e41       0x1c src/ASF/common2/components/display/ssd1306/ssd1306.o
 .debug_macro   0x00013e5d       0x16 src/ASF/common2/components/display/ssd1306/ssd1306.o
 .debug_macro   0x00013e73      0x2c6 src/ASF/common2/components/display/ssd1306/ssd1306.o
 .debug_macro   0x00014139      0x69f src/ASF/common2/components/display/ssd1306/ssd1306.o
 .debug_macro   0x000147d8       0x52 src/ASF/common2/components/display/ssd1306/ssd1306.o
 .debug_macro   0x0001482a       0xd3 src/ASF/common2/components/display/ssd1306/ssd1306.o
 .debug_macro   0x000148fd      0x525 src/ASF/common2/services/delay/sam0/systick_counter.o
 .debug_macro   0x00014e22       0x16 src/ASF/common2/services/delay/sam0/systick_counter.o
 .debug_macro   0x00014e38      0x654 src/ASF/common2/services/gfx_mono/gfx_mono_framebuffer.o
 .debug_macro   0x0001548c       0x16 src/ASF/common2/services/gfx_mono/gfx_mono_framebuffer.o
 .debug_macro   0x000154a2       0x22 src/ASF/common2/services/gfx_mono/gfx_mono_framebuffer.o
 .debug_macro   0x000154c4       0x85 src/ASF/common2/services/gfx_mono/gfx_mono_framebuffer.o
 .debug_macro   0x00015549       0x7b src/ASF/common2/services/gfx_mono/gfx_mono_framebuffer.o
 .debug_macro   0x000155c4      0x654 src/ASF/common2/services/gfx_mono/gfx_mono_generic.o
 .debug_macro   0x00015c18      0x7d6 src/ASF/common2/services/gfx_mono/gfx_mono_text.o
 .debug_macro   0x000163ee       0x4c src/ASF/common2/services/gfx_mono/gfx_mono_text.o
 .debug_macro   0x0001643a       0x8d src/ASF/common2/services/gfx_mono/gfx_mono_text.o
 .debug_macro   0x000164c7       0x16 src/ASF/common2/services/gfx_mono/gfx_mono_text.o
 .debug_macro   0x000164dd       0x57 src/ASF/common2/services/gfx_mono/gfx_mono_text.o
 .debug_macro   0x00016534       0x1c src/ASF/common2/services/gfx_mono/gfx_mono_text.o
 .debug_macro   0x00016550       0x50 src/ASF/common2/services/gfx_mono/gfx_mono_text.o
 .debug_macro   0x000165a0       0x40 src/ASF/common2/services/gfx_mono/gfx_mono_text.o
 .debug_macro   0x000165e0      0x11e src/ASF/common2/services/gfx_mono/gfx_mono_text.o
 .debug_macro   0x000166fe       0xa9 src/ASF/common2/services/gfx_mono/gfx_mono_text.o
 .debug_macro   0x000167a7       0x12 src/ASF/common2/services/gfx_mono/gfx_mono_text.o
 .debug_macro   0x000167b9       0x1f src/ASF/common2/services/gfx_mono/gfx_mono_text.o
 .debug_macro   0x000167d8      0x330 src/ASF/common2/services/gfx_mono/gfx_mono_text.o
 .debug_macro   0x00016b08       0x16 src/ASF/common2/services/gfx_mono/gfx_mono_text.o
 .debug_macro   0x00016b1e       0x79 src/ASF/common2/services/gfx_mono/gfx_mono_text.o
 .debug_macro   0x00016b97       0x43 src/ASF/common2/services/gfx_mono/gfx_mono_text.o
 .debug_macro   0x00016bda       0x6f src/ASF/common2/services/gfx_mono/gfx_mono_text.o
 .debug_macro   0x00016c49       0x91 src/ASF/common2/services/gfx_mono/gfx_mono_text.o
 .debug_macro   0x00016cda       0x19 src/ASF/common2/services/gfx_mono/gfx_mono_text.o
 .debug_macro   0x00016cf3       0xb0 src/ASF/common2/services/gfx_mono/gfx_mono_text.o
 .debug_macro   0x00016da3       0x7e src/ASF/common2/services/gfx_mono/gfx_mono_text.o
 .debug_macro   0x00016e21       0x3a src/ASF/common2/services/gfx_mono/gfx_mono_text.o
 .debug_macro   0x00016e5b       0x49 src/ASF/common2/services/gfx_mono/gfx_mono_text.o
 .debug_macro   0x00016ea4       0x22 src/ASF/common2/services/gfx_mono/gfx_mono_text.o
 .debug_macro   0x00016ec6      0x654 src/ASF/common2/services/gfx_mono/gfx_mono_ug_2832hsweg04.o
 .debug_macro   0x0001751a       0x28 src/ASF/common2/services/gfx_mono/gfx_mono_ug_2832hsweg04.o
 .debug_macro   0x00017542      0x678 src/ASF/common2/services/gfx_mono/sysfont.o
 .debug_macro   0x00017bba      0x4ea src/ASF/common/utils/interrupt/interrupt_sam_nvic.o
 .debug_macro   0x000180a4      0x526 src/ASF/sam0/boards/samr21_xplained_pro/board_init.o
 .debug_macro   0x000185ca      0x504 src/ASF/sam0/drivers/port/port.o
 .debug_macro   0x00018ace      0x577 src/ASF/sam0/drivers/sercom/sercom.o
 .debug_macro   0x00019045      0x574 src/ASF/sam0/drivers/sercom/sercom_interrupt.o
 .debug_macro   0x000195b9      0x5bb src/ASF/sam0/drivers/sercom/spi/spi.o
 .debug_macro   0x00019b74      0x5c5 src/ASF/sam0/drivers/sercom/spi/spi_interrupt.o
 .debug_macro   0x0001a139      0x588 src/ASF/sam0/drivers/sercom/usart/usart.o
 .debug_macro   0x0001a6c1       0x51 src/ASF/sam0/drivers/sercom/usart/usart.o
 .debug_macro   0x0001a712      0x588 src/ASF/sam0/drivers/sercom/usart/usart_interrupt.o
 .debug_macro   0x0001ac9a      0x55b src/ASF/sam0/drivers/system/clock/clock_samd21_r21_da_ha1/clock.o
 .debug_macro   0x0001b1f5      0x29c src/ASF/sam0/drivers/system/clock/clock_samd21_r21_da_ha1/clock.o
 .debug_macro   0x0001b491      0x520 src/ASF/sam0/drivers/system/clock/clock_samd21_r21_da_ha1/gclk.o
 .debug_macro   0x0001b9b1      0x4fc src/ASF/sam0/drivers/system/pinmux/pinmux.o
 .debug_macro   0x0001bead      0x52d src/ASF/sam0/drivers/system/system.o
 .debug_macro   0x0001c3da      0x2d1 src/ASF/sam0/utils/cmsis/samr21/source/gcc/startup_samr21.o
 .debug_macro   0x0001c6ab       0x3a src/ASF/sam0/utils/cmsis/samr21/source/gcc/startup_samr21.o
 .debug_macro   0x0001c6e5      0x1d6 src/ASF/sam0/utils/syscalls/gcc/syscalls.o
 .debug_macro   0x0001c8bb       0x97 src/ASF/sam0/utils/syscalls/gcc/syscalls.o
 .debug_macro   0x0001c952       0xf6 src/ASF/sam0/utils/syscalls/gcc/syscalls.o
 .debug_macro   0x0001ca48       0x4c src/ASF/sam0/utils/syscalls/gcc/syscalls.o
 .debug_macro   0x0001ca94       0x16 src/ASF/sam0/utils/syscalls/gcc/syscalls.o
 .debug_macro   0x0001caaa       0x10 src/ASF/sam0/utils/syscalls/gcc/syscalls.o
 .debug_macro   0x0001caba       0x10 src/ASF/sam0/utils/syscalls/gcc/syscalls.o
 .debug_macro   0x0001caca       0x35 src/ASF/sam0/utils/syscalls/gcc/syscalls.o
 .debug_macro   0x0001caff      0x122 src/ASF/sam0/utils/syscalls/gcc/syscalls.o
 .debug_macro   0x0001cc21      0x53f src/ASF/thirdparty/freertos/freertos-8.0.1/Source/list.o
 .debug_macro   0x0001d160      0x5ae src/ASF/thirdparty/freertos/freertos-8.0.1/Source/portable/GCC/ARM_CM0/port.o
 .debug_macro   0x0001d70e      0x5fe src/ASF/thirdparty/freertos/freertos-8.0.1/Source/tasks.o
 .debug_macro   0x0001dd0c      0x7d6 src/main.o
 .debug_macro   0x0001e4e2       0x10 src/main.o

.debug_line     0x00000000    0x15851
 .debug_line    0x00000000      0x8dc src/ASF/sam0/drivers/bod/bod_sam_d_r_h/bod.o
 .debug_line    0x000008dc      0xddd src/ASF/sam0/drivers/nvm/nvm.o
 .debug_line    0x000016b9      0xbbc src/ASF/sam0/services/eeprom/emulator/main_array/eeprom.o
 .debug_line    0x00002275      0xd8f src/ASF/common2/components/display/ssd1306/ssd1306.o
 .debug_line    0x00003004      0x9b0 src/ASF/common2/services/delay/sam0/systick_counter.o
 .debug_line    0x000039b4      0xdd3 src/ASF/common2/services/gfx_mono/gfx_mono_framebuffer.o
 .debug_line    0x00004787      0xe86 src/ASF/common2/services/gfx_mono/gfx_mono_generic.o
 .debug_line    0x0000560d     0x10ca src/ASF/common2/services/gfx_mono/gfx_mono_text.o
 .debug_line    0x000066d7      0xe65 src/ASF/common2/services/gfx_mono/gfx_mono_ug_2832hsweg04.o
 .debug_line    0x0000753c      0xd2b src/ASF/common2/services/gfx_mono/sysfont.o
 .debug_line    0x00008267      0x8ba src/ASF/common/utils/interrupt/interrupt_sam_nvic.o
 .debug_line    0x00008b21      0x961 src/ASF/sam0/boards/samr21_xplained_pro/board_init.o
 .debug_line    0x00009482      0x8e6 src/ASF/sam0/drivers/port/port.o
 .debug_line    0x00009d68      0xbc0 src/ASF/sam0/drivers/sercom/sercom.o
 .debug_line    0x0000a928      0xb63 src/ASF/sam0/drivers/sercom/sercom_interrupt.o
 .debug_line    0x0000b48b     0x102d src/ASF/sam0/drivers/sercom/spi/spi.o
 .debug_line    0x0000c4b8      0xce0 src/ASF/sam0/drivers/sercom/spi/spi_interrupt.o
 .debug_line    0x0000d198      0xd2a src/ASF/sam0/drivers/sercom/usart/usart.o
 .debug_line    0x0000dec2      0xcb8 src/ASF/sam0/drivers/sercom/usart/usart_interrupt.o
 .debug_line    0x0000eb7a      0xc4a src/ASF/sam0/drivers/system/clock/clock_samd21_r21_da_ha1/clock.o
 .debug_line    0x0000f7c4      0xc62 src/ASF/sam0/drivers/system/clock/clock_samd21_r21_da_ha1/gclk.o
 .debug_line    0x00010426      0x916 src/ASF/sam0/drivers/system/pinmux/pinmux.o
 .debug_line    0x00010d3c      0x9dd src/ASF/sam0/drivers/system/system.o
 .debug_line    0x00011719      0x638 src/ASF/sam0/utils/cmsis/samr21/source/gcc/startup_samr21.o
 .debug_line    0x00011d51      0x40a src/ASF/sam0/utils/syscalls/gcc/syscalls.o
 .debug_line    0x0001215b      0xa35 src/ASF/thirdparty/freertos/freertos-8.0.1/Source/list.o
 .debug_line    0x00012b90      0xaac src/ASF/thirdparty/freertos/freertos-8.0.1/Source/portable/GCC/ARM_CM0/port.o
 .debug_line    0x0001363c     0x10b4 src/ASF/thirdparty/freertos/freertos-8.0.1/Source/tasks.o
 .debug_line    0x000146f0     0x1161 src/main.o

.debug_str      0x00000000    0x8d8fe
 .debug_str     0x00000000    0x79979 src/ASF/sam0/drivers/bod/bod_sam_d_r_h/bod.o
                              0x79e3d (size before relaxing)
 .debug_str     0x00079979     0x13e0 src/ASF/sam0/drivers/nvm/nvm.o
                              0x7acd1 (size before relaxing)
 .debug_str     0x0007ad59      0x68e src/ASF/sam0/services/eeprom/emulator/main_array/eeprom.o
                              0x7a3b9 (size before relaxing)
 .debug_str     0x0007b3e7     0x4ede src/ASF/common2/components/display/ssd1306/ssd1306.o
                              0x7ec78 (size before relaxing)
 .debug_str     0x000802c5       0x75 src/ASF/common2/services/delay/sam0/systick_counter.o
                              0x79796 (size before relaxing)
 .debug_str     0x0008033a      0xbb3 src/ASF/common2/services/gfx_mono/gfx_mono_framebuffer.o
                              0x7ea99 (size before relaxing)
 .debug_str     0x00080eed      0x272 src/ASF/common2/services/gfx_mono/gfx_mono_generic.o
                              0x7e8b0 (size before relaxing)
 .debug_str     0x0008115f     0x5eb4 src/ASF/common2/services/gfx_mono/gfx_mono_text.o
                              0x846c4 (size before relaxing)
 .debug_str     0x00087013      0x10c src/ASF/common2/services/gfx_mono/gfx_mono_ug_2832hsweg04.o
                              0x7eb71 (size before relaxing)
 .debug_str     0x0008711f       0x3e src/ASF/common2/services/gfx_mono/sysfont.o
                              0x7fa18 (size before relaxing)
 .debug_str     0x0008715d       0x66 src/ASF/common/utils/interrupt/interrupt_sam_nvic.o
                              0x79586 (size before relaxing)
 .debug_str     0x000871c3       0x4a src/ASF/sam0/boards/samr21_xplained_pro/board_init.o
                              0x7c26b (size before relaxing)
 .debug_str     0x0008720d       0xaa src/ASF/sam0/drivers/port/port.o
                              0x799a1 (size before relaxing)
 .debug_str     0x000872b7      0x428 src/ASF/sam0/drivers/sercom/sercom.o
                              0x7ac2f (size before relaxing)
 .debug_str     0x000876df      0x17b src/ASF/sam0/drivers/sercom/sercom_interrupt.o
                              0x7aa5a (size before relaxing)
 .debug_str     0x0008785a      0x445 src/ASF/sam0/drivers/sercom/spi/spi.o
                              0x7bee4 (size before relaxing)
 .debug_str     0x00087c9f      0x252 src/ASF/sam0/drivers/sercom/spi/spi_interrupt.o
                              0x7aef6 (size before relaxing)
 .debug_str     0x00087ef1      0x72f src/ASF/sam0/drivers/sercom/usart/usart.o
                              0x7b9dc (size before relaxing)
 .debug_str     0x00088620      0x16b src/ASF/sam0/drivers/sercom/usart/usart_interrupt.o
                              0x7ac52 (size before relaxing)
 .debug_str     0x0008878b     0x22f7 src/ASF/sam0/drivers/system/clock/clock_samd21_r21_da_ha1/clock.o
                              0x7c6af (size before relaxing)
 .debug_str     0x0008aa82      0x1e3 src/ASF/sam0/drivers/system/clock/clock_samd21_r21_da_ha1/gclk.o
                              0x7a219 (size before relaxing)
 .debug_str     0x0008ac65       0xf4 src/ASF/sam0/drivers/system/pinmux/pinmux.o
                              0x7997d (size before relaxing)
 .debug_str     0x0008ad59       0x47 src/ASF/sam0/drivers/system/system.o
                              0x7963d (size before relaxing)
 .debug_str     0x0008ada0      0xf2b src/ASF/sam0/utils/cmsis/samr21/source/gcc/startup_samr21.o
                              0x656f0 (size before relaxing)
 .debug_str     0x0008bccb      0x75b src/ASF/sam0/utils/syscalls/gcc/syscalls.o
                               0x728b (size before relaxing)
 .debug_str     0x0008c426      0x15e src/ASF/thirdparty/freertos/freertos-8.0.1/Source/list.o
                              0x7b9ea (size before relaxing)
 .debug_str     0x0008c584      0x40f src/ASF/thirdparty/freertos/freertos-8.0.1/Source/portable/GCC/ARM_CM0/port.o
                              0x7c153 (size before relaxing)
 .debug_str     0x0008c993      0xd3c src/ASF/thirdparty/freertos/freertos-8.0.1/Source/tasks.o
                              0x7d3d0 (size before relaxing)
 .debug_str     0x0008d6cf      0x22f src/main.o
                              0x85b7a (size before relaxing)

.debug_frame    0x00000000     0x1af4
 .debug_frame   0x00000000       0x28 src/ASF/sam0/drivers/bod/bod_sam_d_r_h/bod.o
 .debug_frame   0x00000028      0x12c src/ASF/sam0/drivers/nvm/nvm.o
 .debug_frame   0x00000154      0x1b8 src/ASF/sam0/services/eeprom/emulator/main_array/eeprom.o
 .debug_frame   0x0000030c       0x70 src/ASF/common2/components/display/ssd1306/ssd1306.o
 .debug_frame   0x0000037c       0x64 src/ASF/common2/services/delay/sam0/systick_counter.o
 .debug_frame   0x000003e0       0xd8 src/ASF/common2/services/gfx_mono/gfx_mono_framebuffer.o
 .debug_frame   0x000004b8      0x150 src/ASF/common2/services/gfx_mono/gfx_mono_generic.o
 .debug_frame   0x00000608       0xd0 src/ASF/common2/services/gfx_mono/gfx_mono_text.o
 .debug_frame   0x000006d8      0x124 src/ASF/common2/services/gfx_mono/gfx_mono_ug_2832hsweg04.o
 .debug_frame   0x000007fc       0x30 src/ASF/common/utils/interrupt/interrupt_sam_nvic.o
 .debug_frame   0x0000082c       0x30 src/ASF/sam0/boards/samr21_xplained_pro/board_init.o
 .debug_frame   0x0000085c       0x44 src/ASF/sam0/drivers/port/port.o
 .debug_frame   0x000008a0       0xbc src/ASF/sam0/drivers/sercom/sercom.o
 .debug_frame   0x0000095c       0xe8 src/ASF/sam0/drivers/sercom/sercom_interrupt.o
 .debug_frame   0x00000a44      0x120 src/ASF/sam0/drivers/sercom/spi/spi.o
 .debug_frame   0x00000b64       0xb0 src/ASF/sam0/drivers/sercom/spi/spi_interrupt.o
 .debug_frame   0x00000c14       0xac src/ASF/sam0/drivers/sercom/usart/usart.o
 .debug_frame   0x00000cc0      0x110 src/ASF/sam0/drivers/sercom/usart/usart_interrupt.o
 .debug_frame   0x00000dd0      0x158 src/ASF/sam0/drivers/system/clock/clock_samd21_r21_da_ha1/clock.o
 .debug_frame   0x00000f28      0x148 src/ASF/sam0/drivers/system/clock/clock_samd21_r21_da_ha1/gclk.o
 .debug_frame   0x00001070       0x74 src/ASF/sam0/drivers/system/pinmux/pinmux.o
 .debug_frame   0x000010e4       0x38 src/ASF/sam0/drivers/system/system.o
 .debug_frame   0x0000111c       0x40 src/ASF/sam0/utils/cmsis/samr21/source/gcc/startup_samr21.o
 .debug_frame   0x0000115c       0xa0 src/ASF/sam0/utils/syscalls/gcc/syscalls.o
 .debug_frame   0x000011fc       0x6c src/ASF/thirdparty/freertos/freertos-8.0.1/Source/list.o
 .debug_frame   0x00001268      0x110 src/ASF/thirdparty/freertos/freertos-8.0.1/Source/portable/GCC/ARM_CM0/port.o
 .debug_frame   0x00001378      0x384 src/ASF/thirdparty/freertos/freertos-8.0.1/Source/tasks.o
 .debug_frame   0x000016fc       0x84 src/main.o
 .debug_frame   0x00001780       0x20 c:/program files (x86)/atmel/studio/7.0/toolchain/arm/arm-gnu-toolchain/bin/../lib/gcc/arm-none-eabi/6.2.1/thumb/v6-m\libgcc.a(_udivsi3.o)
 .debug_frame   0x000017a0       0x34 c:/program files (x86)/atmel/studio/7.0/toolchain/arm/arm-gnu-toolchain/bin/../lib/gcc/arm-none-eabi/6.2.1/thumb/v6-m\libgcc.a(_muldi3.o)
 .debug_frame   0x000017d4       0x2c c:/program files (x86)/atmel/studio/7.0/toolchain/arm/arm-gnu-toolchain/bin/../lib/gcc/arm-none-eabi/6.2.1/../../../../arm-none-eabi/lib/thumb/v6-m\libc_nano.a(lib_a-init.o)
 .debug_frame   0x00001800       0x28 c:/program files (x86)/atmel/studio/7.0/toolchain/arm/arm-gnu-toolchain/bin/../lib/gcc/arm-none-eabi/6.2.1/../../../../arm-none-eabi/lib/thumb/v6-m\libc_nano.a(lib_a-memcpy-stub.o)
 .debug_frame   0x00001828       0x20 c:/program files (x86)/atmel/studio/7.0/toolchain/arm/arm-gnu-toolchain/bin/../lib/gcc/arm-none-eabi/6.2.1/../../../../arm-none-eabi/lib/thumb/v6-m\libc_nano.a(lib_a-memset.o)
 .debug_frame   0x00001848       0x50 c:/program files (x86)/atmel/studio/7.0/toolchain/arm/arm-gnu-toolchain/bin/../lib/gcc/arm-none-eabi/6.2.1/../../../../arm-none-eabi/lib/thumb/v6-m\libc_nano.a(lib_a-sprintf.o)
 .debug_frame   0x00001898       0x74 c:/program files (x86)/atmel/studio/7.0/toolchain/arm/arm-gnu-toolchain/bin/../lib/gcc/arm-none-eabi/6.2.1/../../../../arm-none-eabi/lib/thumb/v6-m\libc_nano.a(lib_a-nano-svfprintf.o)
 .debug_frame   0x0000190c       0x54 c:/program files (x86)/atmel/studio/7.0/toolchain/arm/arm-gnu-toolchain/bin/../lib/gcc/arm-none-eabi/6.2.1/../../../../arm-none-eabi/lib/thumb/v6-m\libc_nano.a(lib_a-nano-vfprintf_i.o)
 .debug_frame   0x00001960       0x20 c:/program files (x86)/atmel/studio/7.0/toolchain/arm/arm-gnu-toolchain/bin/../lib/gcc/arm-none-eabi/6.2.1/../../../../arm-none-eabi/lib/thumb/v6-m\libc_nano.a(lib_a-memchr-stub.o)
 .debug_frame   0x00001980       0x28 c:/program files (x86)/atmel/studio/7.0/toolchain/arm/arm-gnu-toolchain/bin/../lib/gcc/arm-none-eabi/6.2.1/../../../../arm-none-eabi/lib/thumb/v6-m\libc_nano.a(lib_a-memmove.o)
 .debug_frame   0x000019a8       0x2c c:/program files (x86)/atmel/studio/7.0/toolchain/arm/arm-gnu-toolchain/bin/../lib/gcc/arm-none-eabi/6.2.1/../../../../arm-none-eabi/lib/thumb/v6-m\libc_nano.a(lib_a-nano-freer.o)
 .debug_frame   0x000019d4       0x2c c:/program files (x86)/atmel/studio/7.0/toolchain/arm/arm-gnu-toolchain/bin/../lib/gcc/arm-none-eabi/6.2.1/../../../../arm-none-eabi/lib/thumb/v6-m\libc_nano.a(lib_a-nano-mallocr.o)
 .debug_frame   0x00001a00       0x30 c:/program files (x86)/atmel/studio/7.0/toolchain/arm/arm-gnu-toolchain/bin/../lib/gcc/arm-none-eabi/6.2.1/../../../../arm-none-eabi/lib/thumb/v6-m\libc_nano.a(lib_a-nano-reallocr.o)
 .debug_frame   0x00001a30       0x2c c:/program files (x86)/atmel/studio/7.0/toolchain/arm/arm-gnu-toolchain/bin/../lib/gcc/arm-none-eabi/6.2.1/../../../../arm-none-eabi/lib/thumb/v6-m\libc_nano.a(lib_a-sbrkr.o)
 .debug_frame   0x00001a5c       0x30 c:/program files (x86)/atmel/studio/7.0/toolchain/arm/arm-gnu-toolchain/bin/../lib/gcc/arm-none-eabi/6.2.1/../../../../arm-none-eabi/lib/thumb/v6-m\libc_nano.a(lib_a-mlock.o)
 .debug_frame   0x00001a8c       0x20 c:/program files (x86)/atmel/studio/7.0/toolchain/arm/arm-gnu-toolchain/bin/../lib/gcc/arm-none-eabi/6.2.1/../../../../arm-none-eabi/lib/thumb/v6-m\libc_nano.a(lib_a-nano-msizer.o)
 .debug_frame   0x00001aac       0x48 c:/program files (x86)/atmel/studio/7.0/toolchain/arm/arm-gnu-toolchain/bin/../lib/gcc/arm-none-eabi/6.2.1/../../../../arm-none-eabi/lib/thumb/v6-m\libc_nano.a(lib_a-reent.o)

Cross Reference Table

Symbol                                            File
AC_Handler                                        src/ASF/sam0/utils/cmsis/samr21/source/gcc/startup_samr21.o
ADC_Handler                                       src/ASF/sam0/utils/cmsis/samr21/source/gcc/startup_samr21.o
DMAC_Handler                                      src/ASF/sam0/utils/cmsis/samr21/source/gcc/startup_samr21.o
Dummy_Handler                                     src/ASF/sam0/utils/cmsis/samr21/source/gcc/startup_samr21.o
EIC_Handler                                       src/ASF/sam0/utils/cmsis/samr21/source/gcc/startup_samr21.o
EVSYS_Handler                                     src/ASF/sam0/utils/cmsis/samr21/source/gcc/startup_samr21.o
HardFault_Handler                                 src/ASF/sam0/utils/cmsis/samr21/source/gcc/startup_samr21.o
NMI_Handler                                       src/ASF/sam0/utils/cmsis/samr21/source/gcc/startup_samr21.o