Archive member included to satisfy reference by file (symbol)

c:/program files (x86)/atmel/studio/7.0/toolchain/arm/arm-gnu-toolchain/bin/../lib/gcc/arm-none-eabi/6.2.1/thumb/v6-m\libgcc.a(_udivsi3.o)
                              src/ASF/common2/components/display/ssd1306/ssd1306.o (__aeabi_uidiv)
c:/program files (x86)/atmel/studio/7.0/toolchain/arm/arm-gnu-toolchain/bin/../lib/gcc/arm-none-eabi/6.2.1/thumb/v6-m\libgcc.a(_dvmd_tls.o)
                              c:/program files (x86)/atmel/studio/7.0/toolchain/arm/arm-gnu-toolchain/bin/../lib/gcc/arm-none-eabi/6.2.1/thumb/v6-m\libgcc.a(_udivsi3.o) (__aeabi_idiv0)
c:/program files (x86)/atmel/studio/7.0/toolchain/arm/arm-gnu-toolchain/bin/../lib/gcc/arm-none-eabi/6.2.1/thumb/v6-m\libgcc.a(_muldi3.o)
                              src/ASF/sam0/drivers/sercom/sercom.o (__aeabi_lmul)
c:/program files (x86)/atmel/studio/7.0/toolchain/arm/arm-gnu-toolchain/bin/../lib/gcc/arm-none-eabi/6.2.1/../../../../arm-none-eabi/lib/thumb/v6-m\libc_nano.a(lib_a-exit.o)
                              c:/program files (x86)/atmel/studio/7.0/toolchain/arm/arm-gnu-toolchain/bin/../lib/gcc/arm-none-eabi/6.2.1/../../../../arm-none-eabi/lib/thumb/v6-m/crt0.o (exit)
c:/program files (x86)/atmel/studio/7.0/toolchain/arm/arm-gnu-toolchain/bin/../lib/gcc/arm-none-eabi/6.2.1/../../../../arm-none-eabi/lib/thumb/v6-m\libc_nano.a(lib_a-impure.o)
                              c:/program files (x86)/atmel/studio/7.0/toolchain/arm/arm-gnu-toolchain/bin/../lib/gcc/arm-none-eabi/6.2.1/../../../../arm-none-eabi/lib/thumb/v6-m\libc_nano.a(lib_a-exit.o) (_global_impure_ptr)
c:/program files (x86)/atmel/studio/7.0/toolchain/arm/arm-gnu-toolchain/bin/../lib/gcc/arm-none-eabi/6.2.1/../../../../arm-none-eabi/lib/thumb/v6-m\libc_nano.a(lib_a-init.o)
                              c:/program files (x86)/atmel/studio/7.0/toolchain/arm/arm-gnu-toolchain/bin/../lib/gcc/arm-none-eabi/6.2.1/../../../../arm-none-eabi/lib/thumb/v6-m/crt0.o (__libc_init_array)
c:/program files (x86)/atmel/studio/7.0/toolchain/arm/arm-gnu-toolchain/bin/../lib/gcc/arm-none-eabi/6.2.1/../../../../arm-none-eabi/lib/thumb/v6-m\libc_nano.a(lib_a-memcpy-stub.o)
                              src/ASF/thirdparty/freertos/freertos-8.0.1/Source/queue.o (memcpy)
c:/program files (x86)/atmel/studio/7.0/toolchain/arm/arm-gnu-toolchain/bin/../lib/gcc/arm-none-eabi/6.2.1/../../../../arm-none-eabi/lib/thumb/v6-m\libc_nano.a(lib_a-memset.o)
                              c:/program files (x86)/atmel/studio/7.0/toolchain/arm/arm-gnu-toolchain/bin/../lib/gcc/arm-none-eabi/6.2.1/../../../../arm-none-eabi/lib/thumb/v6-m/crt0.o (memset)

Allocating common symbols
Common symbol       size              file

usart_instance      0x34              src/main.o
ssd1306_master      0x3c              src/ASF/common2/components/display/ssd1306/ssd1306.o
dummy_write         0x2               src/ASF/sam0/drivers/sercom/spi/spi_interrupt.o
_sercom_instances   0x18              src/ASF/sam0/drivers/sercom/sercom_interrupt.o
ssd1306_slave       0x3               src/ASF/common2/components/display/ssd1306/ssd1306.o

Discarded input sections

 .text          0x00000000        0x0 c:/program files (x86)/atmel/studio/7.0/toolchain/arm/arm-gnu-toolchain/bin/../lib/gcc/arm-none-eabi/6.2.1/thumb/v6-m/crti.o
 .data          0x00000000        0x0 c:/program files (x86)/atmel/studio/7.0/toolchain/arm/arm-gnu-toolchain/bin/../lib/gcc/arm-none-eabi/6.2.1/thumb/v6-m/crti.o
 .bss           0x00000000        0x0 c:/program files (x86)/atmel/studio/7.0/toolchain/arm/arm-gnu-toolchain/bin/../lib/gcc/arm-none-eabi/6.2.1/thumb/v6-m/crti.o
 .data          0x00000000        0x4 c:/program files (x86)/atmel/studio/7.0/toolchain/arm/arm-gnu-toolchain/bin/../lib/gcc/arm-none-eabi/6.2.1/thumb/v6-m/crtbegin.o
 .text          0x00000000       0x78 c:/program files (x86)/atmel/studio/7.0/toolchain/arm/arm-gnu-toolchain/bin/../lib/gcc/arm-none-eabi/6.2.1/../../../../arm-none-eabi/lib/thumb/v6-m/crt0.o
 .data          0x00000000        0x0 c:/program files (x86)/atmel/studio/7.0/toolchain/arm/arm-gnu-toolchain/bin/../lib/gcc/arm-none-eabi/6.2.1/../../../../arm-none-eabi/lib/thumb/v6-m/crt0.o
 .bss           0x00000000        0x0 c:/program files (x86)/atmel/studio/7.0/toolchain/arm/arm-gnu-toolchain/bin/../lib/gcc/arm-none-eabi/6.2.1/../../../../arm-none-eabi/lib/thumb/v6-m/crt0.o
 .ARM.extab     0x00000000        0x0 c:/program files (x86)/atmel/studio/7.0/toolchain/arm/arm-gnu-toolchain/bin/../lib/gcc/arm-none-eabi/6.2.1/../../../../arm-none-eabi/lib/thumb/v6-m/crt0.o
 .ARM.exidx     0x00000000        0x8 c:/program files (x86)/atmel/studio/7.0/toolchain/arm/arm-gnu-toolchain/bin/../lib/gcc/arm-none-eabi/6.2.1/../../../../arm-none-eabi/lib/thumb/v6-m/crt0.o
 .ARM.attributes
[...]
Memory Configuration

Name             Origin             Length             Attributes
rom              0x00000000         0x00040000         xr
ram              0x20000000         0x00008000         xrw
*default*        0x00000000         0xffffffff

Linker script and memory map

LOAD c:/program files (x86)/atmel/studio/7.0/toolchain/arm/arm-gnu-toolchain/bin/../lib/gcc/arm-none-eabi/6.2.1/thumb/v6-m/crti.o
LOAD c:/program files (x86)/atmel/studio/7.0/toolchain/arm/arm-gnu-toolchain/bin/../lib/gcc/arm-none-eabi/6.2.1/thumb/v6-m/crtbegin.o
LOAD c:/program files (x86)/atmel/studio/7.0/toolchain/arm/arm-gnu-toolchain/bin/../lib/gcc/arm-none-eabi/6.2.1/../../../../arm-none-eabi/lib/thumb/v6-m/crt0.o
LOAD src/ASF/common2/components/display/ssd1306/ssd1306.o
LOAD src/ASF/common2/services/delay/sam0/systick_counter.o
LOAD src/ASF/common2/services/gfx_mono/gfx_mono_framebuffer.o
LOAD src/ASF/common2/services/gfx_mono/gfx_mono_generic.o
LOAD src/ASF/common2/services/gfx_mono/gfx_mono_text.o
LOAD src/ASF/common2/services/gfx_mono/gfx_mono_ug_2832hsweg04.o
LOAD src/ASF/common2/services/gfx_mono/sysfont.o
LOAD src/ASF/common/utils/interrupt/interrupt_sam_nvic.o
LOAD src/ASF/sam0/boards/samr21_xplained_pro/board_init.o
LOAD src/ASF/sam0/drivers/port/port.o
LOAD src/ASF/sam0/drivers/sercom/sercom.o
LOAD src/ASF/sam0/drivers/sercom/sercom_interrupt.o
LOAD src/ASF/sam0/drivers/sercom/spi/spi.o
LOAD src/ASF/sam0/drivers/sercom/spi/spi_interrupt.o
LOAD src/ASF/sam0/drivers/sercom/usart/usart.o
LOAD src/ASF/sam0/drivers/sercom/usart/usart_interrupt.o
LOAD src/ASF/sam0/drivers/system/clock/clock_samd21_r21_da_ha1/clock.o
LOAD src/ASF/sam0/drivers/system/clock/clock_samd21_r21_da_ha1/gclk.o
LOAD src/ASF/sam0/drivers/system/interrupt/system_interrupt.o
LOAD src/ASF/sam0/drivers/system/pinmux/pinmux.o
LOAD src/ASF/sam0/drivers/system/system.o
LOAD src/ASF/sam0/utils/cmsis/samr21/source/gcc/startup_samr21.o
LOAD src/ASF/sam0/utils/cmsis/samr21/source/system_samr21.o
LOAD src/ASF/sam0/utils/syscalls/gcc/syscalls.o
LOAD src/ASF/thirdparty/freertos/freertos-8.0.1/Source/croutine.o
LOAD src/ASF/thirdparty/freertos/freertos-8.0.1/Source/event_groups.o
LOAD src/ASF/thirdparty/freertos/freertos-8.0.1/Source/list.o
LOAD src/ASF/thirdparty/freertos/freertos-8.0.1/Source/portable/GCC/ARM_CM0/port.o
LOAD src/ASF/thirdparty/freertos/freertos-8.0.1/Source/portable/MemMang/heap_1.o
LOAD src/ASF/thirdparty/freertos/freertos-8.0.1/Source/queue.o
LOAD src/ASF/thirdparty/freertos/freertos-8.0.1/Source/tasks.o
LOAD src/ASF/thirdparty/freertos/freertos-8.0.1/Source/timers.o
LOAD src/main.o
START GROUP
LOAD ../src/ASF/thirdparty/CMSIS/Lib/GCC\libarm_cortexM0l_math.a
LOAD c:/program files (x86)/atmel/studio/7.0/toolchain/arm/arm-gnu-toolchain/bin/../lib/gcc/arm-none-eabi/6.2.1/../../../../arm-none-eabi/lib/thumb/v6-m\libm.a
END GROUP
START GROUP
LOAD c:/program files (x86)/atmel/studio/7.0/toolchain/arm/arm-gnu-toolchain/bin/../lib/gcc/arm-none-eabi/6.2.1/thumb/v6-m\libgcc.a
LOAD c:/program files (x86)/atmel/studio/7.0/toolchain/arm/arm-gnu-toolchain/bin/../lib/gcc/arm-none-eabi/6.2.1/../../../../arm-none-eabi/lib/thumb/v6-m\libc_nano.a
END GROUP
START GROUP
LOAD c:/program files (x86)/atmel/studio/7.0/toolchain/arm/arm-gnu-toolchain/bin/../lib/gcc/arm-none-eabi/6.2.1/thumb/v6-m\libgcc.a
LOAD c:/program files (x86)/atmel/studio/7.0/toolchain/arm/arm-gnu-toolchain/bin/../lib/gcc/arm-none-eabi/6.2.1/../../../../arm-none-eabi/lib/thumb/v6-m\libc_nano.a
END GROUP
LOAD c:/program files (x86)/atmel/studio/7.0/toolchain/arm/arm-gnu-toolchain/bin/../lib/gcc/arm-none-eabi/6.2.1/thumb/v6-m/crtend.o
LOAD c:/program files (x86)/atmel/studio/7.0/toolchain/arm/arm-gnu-toolchain/bin/../lib/gcc/arm-none-eabi/6.2.1/thumb/v6-m/crtn.o
                0x00002000                STACK_SIZE = DEFINED (STACK_SIZE)?STACK_SIZE:DEFINED (__stack_size__)?__stack_size__:0x2000

.text           0x00000000     0x2800
                0x00000000                . = ALIGN (0x4)
                0x00000000                _sfixed = .
 *(.vectors .vectors.*)
 .vectors       0x00000000       0xb4 src/ASF/sam0/utils/cmsis/samr21/source/gcc/startup_samr21.o
                0x00000000                exception_table
 *(.text .text.* .gnu.linkonce.t.*)
 .text          0x000000b4       0x60 c:/program files (x86)/atmel/studio/7.0/toolchain/arm/arm-gnu-toolchain/bin/../lib/gcc/arm-none-eabi/6.2.1/thumb/v6-m/crtbegin.o
 .text.ssd1306_write_command
                0x00000114       0x4c src/ASF/common2/components/display/ssd1306/ssd1306.o
                0x00000114                ssd1306_write_command
 .text.ssd1306_init
                0x00000160      0x1d0 src/ASF/common2/components/display/ssd1306/ssd1306.o
                0x00000160                ssd1306_init
 .text.ssd1306_write_data
                0x00000330       0x4c src/ASF/common2/components/display/ssd1306/ssd1306.o
                0x00000330                ssd1306_write_data
 .text.delay_init
                0x0000037c       0x40 src/ASF/common2/services/delay/sam0/systick_counter.o
                0x0000037c                delay_init
 .text.delay_cycles_ms
                0x000003bc       0x2c src/ASF/common2/services/delay/sam0/systick_counter.o
                0x000003bc                delay_cycles_ms
 .text.gfx_mono_set_framebuffer
                0x000003e8        0xc src/ASF/common2/services/gfx_mono/gfx_mono_framebuffer.o
                0x000003e8                gfx_mono_set_framebuffer
 .text.gfx_mono_framebuffer_put_byte
                0x000003f4       0x10 src/ASF/common2/services/gfx_mono/gfx_mono_framebuffer.o
                0x000003f4                gfx_mono_framebuffer_put_byte
 .text.gfx_mono_framebuffer_get_byte
                0x00000404       0x10 src/ASF/common2/services/gfx_mono/gfx_mono_framebuffer.o
                0x00000404                gfx_mono_framebuffer_get_byte
 .text.gfx_mono_generic_draw_horizontal_line
                0x00000414       0xc8 src/ASF/common2/services/gfx_mono/gfx_mono_generic.o
                0x00000414                gfx_mono_generic_draw_horizontal_line
 .text.gfx_mono_generic_draw_filled_rect
                0x000004dc       0x34 src/ASF/common2/services/gfx_mono/gfx_mono_generic.o
                0x000004dc                gfx_mono_generic_draw_filled_rect
 .text.gfx_mono_draw_char
                0x00000510       0xd0 src/ASF/common2/services/gfx_mono/gfx_mono_text.o
                0x00000510                gfx_mono_draw_char
 .text.gfx_mono_ssd1306_put_byte
                0x000005e0       0x54 src/ASF/common2/services/gfx_mono/gfx_mono_ug_2832hsweg04.o
                0x000005e0                gfx_mono_ssd1306_put_byte
 .text.gfx_mono_ssd1306_init
                0x00000634       0x4c src/ASF/common2/services/gfx_mono/gfx_mono_ug_2832hsweg04.o
                0x00000634                gfx_mono_ssd1306_init
 .text.gfx_mono_ssd1306_draw_pixel
                0x00000680       0x68 src/ASF/common2/services/gfx_mono/gfx_mono_ug_2832hsweg04.o
                0x00000680                gfx_mono_ssd1306_draw_pixel
 .text.gfx_mono_ssd1306_get_byte
                0x000006e8        0xc src/ASF/common2/services/gfx_mono/gfx_mono_ug_2832hsweg04.o
                0x000006e8                gfx_mono_ssd1306_get_byte
 .text.cpu_irq_enter_critical
                0x000006f4       0x40 src/ASF/common/utils/interrupt/interrupt_sam_nvic.o
                0x000006f4                cpu_irq_enter_critical
 .text.cpu_irq_leave_critical
                0x00000734       0x30 src/ASF/common/utils/interrupt/interrupt_sam_nvic.o
                0x00000734                cpu_irq_leave_critical
 .text.system_board_init
                0x00000764       0x38 src/ASF/sam0/boards/samr21_xplained_pro/board_init.o
                0x00000764                board_init
                0x00000764                system_board_init
 .text.port_pin_set_config
                0x0000079c       0x24 src/ASF/sam0/drivers/port/port.o
                0x0000079c                port_pin_set_config
 .text.long_division
                0x000007c0       0xba src/ASF/sam0/drivers/sercom/sercom.o
 .text._sercom_get_sync_baud_val
                0x0000087a       0x28 src/ASF/sam0/drivers/sercom/sercom.o
                0x0000087a                _sercom_get_sync_baud_val
 *fill*         0x000008a2        0x2 
 .text._sercom_get_async_baud_val
                0x000008a4       0x94 src/ASF/sam0/drivers/sercom/sercom.o
                0x000008a4                _sercom_get_async_baud_val
 .text.sercom_set_gclk_generator
                0x00000938       0x4c src/ASF/sam0/drivers/sercom/sercom.o
                0x00000938                sercom_set_gclk_generator
 .text._sercom_get_default_pad
                0x00000984      0x178 src/ASF/sam0/drivers/sercom/sercom.o
                0x00000984                _sercom_get_default_pad
 .text._sercom_get_sercom_inst_index
                0x00000afc       0x38 src/ASF/sam0/drivers/sercom/sercom.o
                0x00000afc                _sercom_get_sercom_inst_index
 .text._sercom_default_handler
                0x00000b34        0x2 src/ASF/sam0/drivers/sercom/sercom_interrupt.o
 *fill*         0x00000b36        0x2 
 .text._sercom_set_handler
                0x00000b38       0x3c src/ASF/sam0/drivers/sercom/sercom_interrupt.o
                0x00000b38                _sercom_set_handler
 .text._sercom_get_interrupt_vector
                0x00000b74       0x30 src/ASF/sam0/drivers/sercom/sercom_interrupt.o
                0x00000b74                _sercom_get_interrupt_vector
 .text.SERCOM0_Handler
                0x00000ba4       0x10 src/ASF/sam0/drivers/sercom/sercom_interrupt.o
                0x00000ba4                SERCOM0_Handler
 .text.SERCOM1_Handler
                0x00000bb4       0x10 src/ASF/sam0/drivers/sercom/sercom_interrupt.o
                0x00000bb4                SERCOM1_Handler
 .text.SERCOM2_Handler
                0x00000bc4       0x10 src/ASF/sam0/drivers/sercom/sercom_interrupt.o
                0x00000bc4                SERCOM2_Handler
 .text.SERCOM3_Handler
                0x00000bd4       0x10 src/ASF/sam0/drivers/sercom/sercom_interrupt.o
                0x00000bd4                SERCOM3_Handler
 .text.SERCOM4_Handler
                0x00000be4       0x10 src/ASF/sam0/drivers/sercom/sercom_interrupt.o
                0x00000be4                SERCOM4_Handler
 .text.SERCOM5_Handler
                0x00000bf4       0x10 src/ASF/sam0/drivers/sercom/sercom_interrupt.o
                0x00000bf4                SERCOM5_Handler
 .text.spi_init
                0x00000c04      0x1d8 src/ASF/sam0/drivers/sercom/spi/spi.o
                0x00000c04                spi_init
 .text.spi_select_slave
                0x00000ddc       0xf4 src/ASF/sam0/drivers/sercom/spi/spi.o
                0x00000ddc                spi_select_slave
 .text.spi_write_buffer_wait
                0x00000ed0       0xcc src/ASF/sam0/drivers/sercom/spi/spi.o
                0x00000ed0                spi_write_buffer_wait
 .text._spi_interrupt_handler
                0x00000f9c      0x1d0 src/ASF/sam0/drivers/sercom/spi/spi_interrupt.o
                0x00000f9c                _spi_interrupt_handler
 .text.usart_init
                0x0000116c      0x344 src/ASF/sam0/drivers/sercom/usart/usart.o
                0x0000116c                usart_init
 .text.usart_write_wait
                0x000014b0       0x2c src/ASF/sam0/drivers/sercom/usart/usart.o
                0x000014b0                usart_write_wait
 .text.usart_write_buffer_wait
                0x000014dc       0xc0 src/ASF/sam0/drivers/sercom/usart/usart.o
                0x000014dc                usart_write_buffer_wait
 .text._usart_interrupt_handler
                0x0000159c      0x194 src/ASF/sam0/drivers/sercom/usart/usart_interrupt.o
                0x0000159c                _usart_interrupt_handler
 .text.system_clock_source_get_hz
                0x00001730       0x90 src/ASF/sam0/drivers/system/clock/clock_samd21_r21_da_ha1/clock.o
                0x00001730                system_clock_source_get_hz
 .text.system_clock_source_osc8m_set_config
                0x000017c0       0x3c src/ASF/sam0/drivers/system/clock/clock_samd21_r21_da_ha1/clock.o
                0x000017c0                system_clock_source_osc8m_set_config
 .text.system_clock_source_enable
                0x000017fc       0xa8 src/ASF/sam0/drivers/system/clock/clock_samd21_r21_da_ha1/clock.o
                0x000017fc                system_clock_source_enable
 .text.system_clock_init
                0x000018a4       0xb8 src/ASF/sam0/drivers/system/clock/clock_samd21_r21_da_ha1/clock.o
                0x000018a4                system_clock_init
 .text.system_gclk_init
                0x0000195c       0x24 src/ASF/sam0/drivers/system/clock/clock_samd21_r21_da_ha1/gclk.o
                0x0000195c                system_gclk_init
 .text.system_gclk_gen_set_config
                0x00001980       0xb8 src/ASF/sam0/drivers/system/clock/clock_samd21_r21_da_ha1/gclk.o
                0x00001980                system_gclk_gen_set_config
 .text.system_gclk_gen_enable
                0x00001a38       0x44 src/ASF/sam0/drivers/system/clock/clock_samd21_r21_da_ha1/gclk.o
                0x00001a38                system_gclk_gen_enable
 .text.system_gclk_gen_get_hz
                0x00001a7c       0x8c src/ASF/sam0/drivers/system/clock/clock_samd21_r21_da_ha1/gclk.o
                0x00001a7c                system_gclk_gen_get_hz
 .text.system_gclk_chan_enable
                0x00001b08       0x30 src/ASF/sam0/drivers/system/clock/clock_samd21_r21_da_ha1/gclk.o
                0x00001b08                system_gclk_chan_enable
 .text.system_gclk_chan_disable
                0x00001b38       0x5c src/ASF/sam0/drivers/system/clock/clock_samd21_r21_da_ha1/gclk.o
                0x00001b38                system_gclk_chan_disable
 .text.system_gclk_chan_set_config
                0x00001b94       0x1c src/ASF/sam0/drivers/system/clock/clock_samd21_r21_da_ha1/gclk.o
                0x00001b94                system_gclk_chan_set_config
 .text.system_gclk_chan_get_hz
                0x00001bb0       0x34 src/ASF/sam0/drivers/system/clock/clock_samd21_r21_da_ha1/gclk.o
                0x00001bb0                system_gclk_chan_get_hz
 .text._system_pinmux_config
                0x00001be4       0xa8 src/ASF/sam0/drivers/system/pinmux/pinmux.o
 .text.system_pinmux_pin_set_config
                0x00001c8c       0x30 src/ASF/sam0/drivers/system/pinmux/pinmux.o
                0x00001c8c                system_pinmux_pin_set_config
 .text._system_dummy_init
                0x00001cbc        0x2 src/ASF/sam0/drivers/system/system.o
                0x00001cbc                _system_extint_init
                0x00001cbc                _system_events_init
                0x00001cbc                _system_dummy_init
                0x00001cbc                _system_divas_init
 *fill*         0x00001cbe        0x2 
 .text.system_init
                0x00001cc0       0x2c src/ASF/sam0/drivers/system/system.o
                0x00001cc0                system_init
 .text.Dummy_Handler
                0x00001cec        0x2 src/ASF/sam0/utils/cmsis/samr21/source/gcc/startup_samr21.o
                0x00001cec                DMAC_Handler
                0x00001cec                HardFault_Handler
                0x00001cec                AC_Handler
                0x00001cec                NMI_Handler
                0x00001cec                ADC_Handler
                0x00001cec                TCC1_Handler
                0x00001cec                TCC0_Handler
                0x00001cec                RTC_Handler
                0x00001cec                EIC_Handler
                0x00001cec                WDT_Handler
                0x00001cec                TC4_Handler
                0x00001cec                USB_Handler
                0x00001cec                TC3_Handler
                0x00001cec                Dummy_Handler
                0x00001cec                PM_Handler
                0x00001cec                TCC2_Handler
                0x00001cec                EVSYS_Handler
                0x00001cec                NVMCTRL_Handler
                0x00001cec                PTC_Handler
                0x00001cec                TC5_Handler
                0x00001cec                SYSCTRL_Handler
 *fill*         0x00001cee        0x2 
 .text.Reset_Handler
                0x00001cf0       0xe4 src/ASF/sam0/utils/cmsis/samr21/source/gcc/startup_samr21.o
                0x00001cf0                Reset_Handler
 .text.vListInsertEnd
                0x00001dd4       0x18 src/ASF/thirdparty/freertos/freertos-8.0.1/Source/list.o
                0x00001dd4                vListInsertEnd
 .text.uxListRemove
                0x00001dec       0x26 src/ASF/thirdparty/freertos/freertos-8.0.1/Source/list.o
                0x00001dec                uxListRemove
 .text.SVC_Handler
                0x00001e12        0x2 src/ASF/thirdparty/freertos/freertos-8.0.1/Source/portable/GCC/ARM_CM0/port.o
                0x00001e12                SVC_Handler
 .text.ulSetInterruptMaskFromISR
                0x00001e14        0xa src/ASF/thirdparty/freertos/freertos-8.0.1/Source/portable/GCC/ARM_CM0/port.o
                0x00001e14                ulSetInterruptMaskFromISR
 .text.vClearInterruptMaskFromISR
                0x00001e1e        0x6 src/ASF/thirdparty/freertos/freertos-8.0.1/Source/portable/GCC/ARM_CM0/port.o
                0x00001e1e                vClearInterruptMaskFromISR
 .text.PendSV_Handler
                0x00001e24       0x44 src/ASF/thirdparty/freertos/freertos-8.0.1/Source/portable/GCC/ARM_CM0/port.o
                0x00001e24                PendSV_Handler
 .text.SysTick_Handler
                0x00001e68       0x30 src/ASF/thirdparty/freertos/freertos-8.0.1/Source/portable/GCC/ARM_CM0/port.o
                0x00001e68                SysTick_Handler
 .text.prvResetNextTaskUnblockTime
                0x00001e98       0x2c src/ASF/thirdparty/freertos/freertos-8.0.1/Source/tasks.o
 .text.xTaskIncrementTick
                0x00001ec4      0x124 src/ASF/thirdparty/freertos/freertos-8.0.1/Source/tasks.o
                0x00001ec4                xTaskIncrementTick
 .text.vTaskSwitchContext
                0x00001fe8       0xb0 src/ASF/thirdparty/freertos/freertos-8.0.1/Source/tasks.o
                0x00001fe8                vTaskSwitchContext
 .text.configure_usart
                0x00002098       0xbc src/main.o
                0x00002098                configure_usart
 .text.main     0x00002154      0x194 src/main.o
                0x00002154                main
 .text          0x000022e8      0x114 c:/program files (x86)/atmel/studio/7.0/toolchain/arm/arm-gnu-toolchain/bin/../lib/gcc/arm-none-eabi/6.2.1/thumb/v6-m\libgcc.a(_udivsi3.o)
                0x000022e8                __aeabi_uidiv
                0x000022e8                __udivsi3
                0x000023f4                __aeabi_uidivmod
 .text          0x000023fc        0x4 c:/program files (x86)/atmel/studio/7.0/toolchain/arm/arm-gnu-toolchain/bin/../lib/gcc/arm-none-eabi/6.2.1/thumb/v6-m\libgcc.a(_dvmd_tls.o)
                0x000023fc                __aeabi_idiv0
                0x000023fc                __aeabi_ldiv0
 .text          0x00002400       0x54 c:/program files (x86)/atmel/studio/7.0/toolchain/arm/arm-gnu-toolchain/bin/../lib/gcc/arm-none-eabi/6.2.1/thumb/v6-m\libgcc.a(_muldi3.o)
                0x00002400                __muldi3
                0x00002400                __aeabi_lmul
 .text.__libc_init_array
                0x00002454       0x48 c:/program files (x86)/atmel/studio/7.0/toolchain/arm/arm-gnu-toolchain/bin/../lib/gcc/arm-none-eabi/6.2.1/../../../../arm-none-eabi/lib/thumb/v6-m\libc_nano.a(lib_a-init.o)
                0x00002454                __libc_init_array
 .text.memset   0x0000249c       0x10 c:/program files (x86)/atmel/studio/7.0/toolchain/arm/arm-gnu-toolchain/bin/../lib/gcc/arm-none-eabi/6.2.1/../../../../arm-none-eabi/lib/thumb/v6-m\libc_nano.a(lib_a-memset.o)
                0x0000249c                memset
 *(.glue_7t)
 .glue_7t       0x000024ac        0x0 linker stubs
 *(.glue_7)
 .glue_7        0x000024ac        0x0 linker stubs
 *(.rodata .rodata* .gnu.linkonce.r.*)
 .rodata.sysfont_glyphs
                0x000024ac      0x292 src/ASF/common2/services/gfx_mono/sysfont.o
 *fill*         0x0000273e        0x2 
 .rodata        0x00002740       0x18 src/ASF/sam0/drivers/sercom/sercom.o
 .rodata.system_clock_source_get_hz
                0x00002758       0x24 src/ASF/sam0/drivers/system/clock/clock_samd21_r21_da_ha1/clock.o
 .rodata.system_clock_source_enable
                0x0000277c       0x24 src/ASF/sam0/drivers/system/clock/clock_samd21_r21_da_ha1/clock.o
 .rodata.main.str1.4
                0x000027a0       0x40 src/main.o
                                 0x3e (size before relaxing)
 *(.ARM.extab* .gnu.linkonce.armextab.*)
                0x000027e0                . = ALIGN (0x4)
 *(.init)
 .init          0x000027e0        0x4 c:/program files (x86)/atmel/studio/7.0/toolchain/arm/arm-gnu-toolchain/bin/../lib/gcc/arm-none-eabi/6.2.1/thumb/v6-m/crti.o
                0x000027e0                _init
 .init          0x000027e4        0x8 c:/program files (x86)/atmel/studio/7.0/toolchain/arm/arm-gnu-toolchain/bin/../lib/gcc/arm-none-eabi/6.2.1/thumb/v6-m/crtn.o
                0x000027ec                . = ALIGN (0x4)
                0x000027ec                __preinit_array_start = .
 *(.preinit_array)
                0x000027ec                __preinit_array_end = .
                0x000027ec                . = ALIGN (0x4)
                0x000027ec                __init_array_start = .
 *(SORT(.init_array.*))
 *(.init_array)
 .init_array    0x000027ec        0x4 c:/program files (x86)/atmel/studio/7.0/toolchain/arm/arm-gnu-toolchain/bin/../lib/gcc/arm-none-eabi/6.2.1/thumb/v6-m/crtbegin.o
                0x000027f0                __init_array_end = .
                0x000027f0                . = ALIGN (0x4)
 *crtbegin.o(.ctors)
 *(EXCLUDE_FILE(*crtend.o) .ctors)
 *(SORT(.ctors.*))
 *crtend.o(.ctors)
                0x000027f0                . = ALIGN (0x4)
 *(.fini)
 .fini          0x000027f0        0x4 c:/program files (x86)/atmel/studio/7.0/toolchain/arm/arm-gnu-toolchain/bin/../lib/gcc/arm-none-eabi/6.2.1/thumb/v6-m/crti.o
                0x000027f0                _fini
 .fini          0x000027f4        0x8 c:/program files (x86)/atmel/studio/7.0/toolchain/arm/arm-gnu-toolchain/bin/../lib/gcc/arm-none-eabi/6.2.1/thumb/v6-m/crtn.o
                0x000027fc                . = ALIGN (0x4)
                0x000027fc                __fini_array_start = .
 *(.fini_array)
 .fini_array    0x000027fc        0x4 c:/program files (x86)/atmel/studio/7.0/toolchain/arm/arm-gnu-toolchain/bin/../lib/gcc/arm-none-eabi/6.2.1/thumb/v6-m/crtbegin.o
 *(SORT(.fini_array.*))
                0x00002800                __fini_array_end = .
 *crtbegin.o(.dtors)
 *(EXCLUDE_FILE(*crtend.o) .dtors)
 *(SORT(.dtors.*))
 *crtend.o(.dtors)
                0x00002800                . = ALIGN (0x4)
                0x00002800                _efixed = .
                [!provide]                PROVIDE (__exidx_start, .)

.vfp11_veneer   0x00002800        0x0
 .vfp11_veneer  0x00002800        0x0 linker stubs

.v4_bx          0x00002800        0x0
 .v4_bx         0x00002800        0x0 linker stubs

.iplt           0x00002800        0x0
 .iplt          0x00002800        0x0 c:/program files (x86)/atmel/studio/7.0/toolchain/arm/arm-gnu-toolchain/bin/../lib/gcc/arm-none-eabi/6.2.1/thumb/v6-m/crtbegin.o

.eh_frame       0x00002800        0x0
 .eh_frame      0x00002800        0x0 c:/program files (x86)/atmel/studio/7.0/toolchain/arm/arm-gnu-toolchain/bin/../lib/gcc/arm-none-eabi/6.2.1/thumb/v6-m/crtbegin.o

.rel.dyn        0x00002800        0x0
 .rel.iplt      0x00002800        0x0 c:/program files (x86)/atmel/studio/7.0/toolchain/arm/arm-gnu-toolchain/bin/../lib/gcc/arm-none-eabi/6.2.1/thumb/v6-m/crtbegin.o

.jcr            0x00002800        0x0
 .jcr           0x00002800        0x0 c:/program files (x86)/atmel/studio/7.0/toolchain/arm/arm-gnu-toolchain/bin/../lib/gcc/arm-none-eabi/6.2.1/thumb/v6-m/crtbegin.o

.igot.plt       0x00002800        0x0
 .igot.plt      0x00002800        0x0 c:/program files (x86)/atmel/studio/7.0/toolchain/arm/arm-gnu-toolchain/bin/../lib/gcc/arm-none-eabi/6.2.1/thumb/v6-m/crtbegin.o

.ARM.exidx
 *(.ARM.exidx* .gnu.linkonce.armexidx.*)
                [!provide]                PROVIDE (__exidx_end, .)
                0x00002800                . = ALIGN (0x4)
                0x00002800                _etext = .

.relocate       0x20000000       0x1c load address 0x00002800
                0x20000000                . = ALIGN (0x4)
                0x20000000                _srelocate = .
 *(.ramfunc .ramfunc.*)
 *(.data .data.*)
 .data.cycles_per_ms
                0x20000000        0x4 src/ASF/common2/services/delay/sam0/systick_counter.o
 .data.cycles_per_us
                0x20000004        0x4 src/ASF/common2/services/delay/sam0/systick_counter.o
 .data.sysfont  0x20000008        0xc src/ASF/common2/services/gfx_mono/sysfont.o
                0x20000008                sysfont
 .data.g_interrupt_enabled
                0x20000014        0x1 src/ASF/common/utils/interrupt/interrupt_sam_nvic.o
                0x20000014                g_interrupt_enabled
 *fill*         0x20000015        0x3 
 .data.xNextTaskUnblockTime
                0x20000018        0x4 src/ASF/thirdparty/freertos/freertos-8.0.1/Source/tasks.o
                0x2000001c                . = ALIGN (0x4)
                0x2000001c                _erelocate = .

.bss            0x2000001c      0x574 load address 0x0000281c
                0x2000001c                . = ALIGN (0x4)
                0x2000001c                _sbss = .
                0x2000001c                _szero = .
 *(.bss .bss.*)
 .bss           0x2000001c       0x1c c:/program files (x86)/atmel/studio/7.0/toolchain/arm/arm-gnu-toolchain/bin/../lib/gcc/arm-none-eabi/6.2.1/thumb/v6-m/crtbegin.o
 .bss.fbpointer
                0x20000038        0x4 src/ASF/common2/services/gfx_mono/gfx_mono_framebuffer.o
 .bss.framebuffer
                0x2000003c      0x400 src/ASF/common2/services/gfx_mono/gfx_mono_ug_2832hsweg04.o
 .bss.cpu_irq_critical_section_counter
                0x2000043c        0x4 src/ASF/common/utils/interrupt/interrupt_sam_nvic.o
 .bss.cpu_irq_prev_interrupt_state
                0x20000440        0x1 src/ASF/common/utils/interrupt/interrupt_sam_nvic.o
 *fill*         0x20000441        0x3 
 .bss._sercom_config
                0x20000444        0x2 src/ASF/sam0/drivers/sercom/sercom.o
 .bss._handler_table_initialized
                0x20000446        0x1 src/ASF/sam0/drivers/sercom/sercom_interrupt.o
 *fill*         0x20000447        0x1 
 .bss._sercom_interrupt_handlers
                0x20000448       0x18 src/ASF/sam0/drivers/sercom/sercom_interrupt.o
 .bss._system_clock_inst
                0x20000460       0x18 src/ASF/sam0/drivers/system/clock/clock_samd21_r21_da_ha1/clock.o
 .bss.pxCurrentTCB
                0x20000478        0x4 src/ASF/thirdparty/freertos/freertos-8.0.1/Source/tasks.o
                0x20000478                pxCurrentTCB
 .bss.pxDelayedTaskList
                0x2000047c        0x4 src/ASF/thirdparty/freertos/freertos-8.0.1/Source/tasks.o
 .bss.pxOverflowDelayedTaskList
                0x20000480        0x4 src/ASF/thirdparty/freertos/freertos-8.0.1/Source/tasks.o
 .bss.pxReadyTasksLists
                0x20000484       0x64 src/ASF/thirdparty/freertos/freertos-8.0.1/Source/tasks.o
 .bss.uxPendedTicks
                0x200004e8        0x4 src/ASF/thirdparty/freertos/freertos-8.0.1/Source/tasks.o
 .bss.uxSchedulerSuspended
                0x200004ec        0x4 src/ASF/thirdparty/freertos/freertos-8.0.1/Source/tasks.o
 .bss.uxTopReadyPriority
                0x200004f0        0x4 src/ASF/thirdparty/freertos/freertos-8.0.1/Source/tasks.o
 .bss.xNumOfOverflows
                0x200004f4        0x4 src/ASF/thirdparty/freertos/freertos-8.0.1/Source/tasks.o
 .bss.xTickCount
                0x200004f8        0x4 src/ASF/thirdparty/freertos/freertos-8.0.1/Source/tasks.o
 .bss.xYieldPending
                0x200004fc        0x4 src/ASF/thirdparty/freertos/freertos-8.0.1/Source/tasks.o
 *(COMMON)
 COMMON         0x20000500       0x3f src/ASF/common2/components/display/ssd1306/ssd1306.o
                0x20000500                ssd1306_master
                0x2000053c                ssd1306_slave
 *fill*         0x2000053f        0x1 
 COMMON         0x20000540       0x18 src/ASF/sam0/drivers/sercom/sercom_interrupt.o
                0x20000540                _sercom_instances
 COMMON         0x20000558        0x2 src/ASF/sam0/drivers/sercom/spi/spi_interrupt.o
                0x20000558                dummy_write
 *fill*         0x2000055a        0x2 
 COMMON         0x2000055c       0x34 src/main.o
                0x2000055c                usart_instance
                0x20000590                . = ALIGN (0x4)
                0x20000590                _ebss = .
                0x20000590                _ezero = .

.stack          0x20000590     0x2000 load address 0x00002d90
                0x20000590                . = ALIGN (0x8)
                0x20000590                _sstack = .
                0x20002590                . = (. + STACK_SIZE)
 *fill*         0x20000590     0x2000 
                0x20002590                . = ALIGN (0x8)
                0x20002590                _estack = .
                0x20002590                . = ALIGN (0x4)
                0x20002590                _end = .
OUTPUT(mod_FreeRTOS_example_teste2_barrica.elf elf32-littlearm)

.ARM.attributes
                0x00000000       0x28
 .ARM.attributes
                0x00000000       0x1e c:/program files (x86)/atmel/studio/7.0/toolchain/arm/arm-gnu-toolchain/bin/../lib/gcc/arm-none-eabi/6.2.1/thumb/v6-m/crti.o
 .ARM.attributes
                0x0000001e       0x2c c:/program files (x86)/atmel/studio/7.0/toolchain/arm/arm-gnu-toolchain/bin/../lib/gcc/arm-none-eabi/6.2.1/thumb/v6-m/crtbegin.o
 .ARM.attributes
                0x0000004a       0x32 src/ASF/common2/components/display/ssd1306/ssd1306.o
 .ARM.attributes
                0x0000007c       0x32 src/ASF/common2/services/delay/sam0/systick_counter.o
 .ARM.attributes
                0x000000ae       0x32 src/ASF/common2/services/gfx_mono/gfx_mono_framebuffer.o
 .ARM.attributes
                0x000000e0       0x32 src/ASF/common2/services/gfx_mono/gfx_mono_generic.o
 .ARM.attributes
                0x00000112       0x32 src/ASF/common2/services/gfx_mono/gfx_mono_text.o
 .ARM.attributes
                0x00000144       0x32 src/ASF/common2/services/gfx_mono/gfx_mono_ug_2832hsweg04.o
 .ARM.attributes
                0x00000176       0x32 src/ASF/common2/services/gfx_mono/sysfont.o
 .ARM.attributes
                0x000001a8       0x32 src/ASF/common/utils/interrupt/interrupt_sam_nvic.o
 .ARM.attributes
                0x000001da       0x32 src/ASF/sam0/boards/samr21_xplained_pro/board_init.o
 .ARM.attributes
                0x0000020c       0x32 src/ASF/sam0/drivers/port/port.o
 .ARM.attributes
                0x0000023e       0x32 src/ASF/sam0/drivers/sercom/sercom.o
 .ARM.attributes
                0x00000270       0x32 src/ASF/sam0/drivers/sercom/sercom_interrupt.o
 .ARM.attributes
                0x000002a2       0x32 src/ASF/sam0/drivers/sercom/spi/spi.o
 .ARM.attributes
                0x000002d4       0x32 src/ASF/sam0/drivers/sercom/spi/spi_interrupt.o
 .ARM.attributes
                0x00000306       0x32 src/ASF/sam0/drivers/sercom/usart/usart.o
 .ARM.attributes
                0x00000338       0x32 src/ASF/sam0/drivers/sercom/usart/usart_interrupt.o
 .ARM.attributes
                0x0000036a       0x32 src/ASF/sam0/drivers/system/clock/clock_samd21_r21_da_ha1/clock.o
 .ARM.attributes
                0x0000039c       0x32 src/ASF/sam0/drivers/system/clock/clock_samd21_r21_da_ha1/gclk.o
 .ARM.attributes
                0x000003ce       0x32 src/ASF/sam0/drivers/system/pinmux/pinmux.o
 .ARM.attributes
                0x00000400       0x32 src/ASF/sam0/drivers/system/system.o
 .ARM.attributes
                0x00000432       0x32 src/ASF/sam0/utils/cmsis/samr21/source/gcc/startup_samr21.o
 .ARM.attributes
                0x00000464       0x32 src/ASF/thirdparty/freertos/freertos-8.0.1/Source/list.o
 .ARM.attributes
                0x00000496       0x32 src/ASF/thirdparty/freertos/freertos-8.0.1/Source/portable/GCC/ARM_CM0/port.o
 .ARM.attributes
                0x000004c8       0x32 src/ASF/thirdparty/freertos/freertos-8.0.1/Source/tasks.o
 .ARM.attributes
                0x000004fa       0x32 src/main.o
 .ARM.attributes
                0x0000052c       0x1e c:/program files (x86)/atmel/studio/7.0/toolchain/arm/arm-gnu-toolchain/bin/../lib/gcc/arm-none-eabi/6.2.1/thumb/v6-m\libgcc.a(_udivsi3.o)
 .ARM.attributes
                0x0000054a       0x1e c:/program files (x86)/atmel/studio/7.0/toolchain/arm/arm-gnu-toolchain/bin/../lib/gcc/arm-none-eabi/6.2.1/thumb/v6-m\libgcc.a(_dvmd_tls.o)
 .ARM.attributes
                0x00000568       0x2c c:/program files (x86)/atmel/studio/7.0/toolchain/arm/arm-gnu-toolchain/bin/../lib/gcc/arm-none-eabi/6.2.1/thumb/v6-m\libgcc.a(_muldi3.o)
 .ARM.attributes
                0x00000594       0x2c c:/program files (x86)/atmel/studio/7.0/toolchain/arm/arm-gnu-toolchain/bin/../lib/gcc/arm-none-eabi/6.2.1/../../../../arm-none-eabi/lib/thumb/v6-m\libc_nano.a(lib_a-init.o)
 .ARM.attributes
                0x000005c0       0x2c c:/program files (x86)/atmel/studio/7.0/toolchain/arm/arm-gnu-toolchain/bin/../lib/gcc/arm-none-eabi/6.2.1/../../../../arm-none-eabi/lib/thumb/v6-m\libc_nano.a(lib_a-memset.o)
 .ARM.attributes
                0x000005ec       0x1e c:/program files (x86)/atmel/studio/7.0/toolchain/arm/arm-gnu-toolchain/bin/../lib/gcc/arm-none-eabi/6.2.1/thumb/v6-m/crtn.o

.comment        0x00000000       0x59
 .comment       0x00000000       0x59 src/ASF/common2/components/display/ssd1306/ssd1306.o
                                 0x5a (size before relaxing)
 .comment       0x00000059       0x5a src/ASF/common2/services/delay/sam0/systick_counter.o
 .comment       0x00000059       0x5a src/ASF/common2/services/gfx_mono/gfx_mono_framebuffer.o
 .comment       0x00000059       0x5a src/ASF/common2/services/gfx_mono/gfx_mono_generic.o
 .comment       0x00000059       0x5a src/ASF/common2/services/gfx_mono/gfx_mono_text.o
 .comment       0x00000059       0x5a src/ASF/common2/services/gfx_mono/gfx_mono_ug_2832hsweg04.o
 .comment       0x00000059       0x5a src/ASF/common2/services/gfx_mono/sysfont.o
 .comment       0x00000059       0x5a src/ASF/common/utils/interrupt/interrupt_sam_nvic.o
 .comment       0x00000059       0x5a src/ASF/sam0/boards/samr21_xplained_pro/board_init.o
 .comment       0x00000059       0x5a src/ASF/sam0/drivers/port/port.o
 .comment       0x00000059       0x5a src/ASF/sam0/drivers/sercom/sercom.o
 .comment       0x00000059       0x5a src/ASF/sam0/drivers/sercom/sercom_interrupt.o
 .comment       0x00000059       0x5a src/ASF/sam0/drivers/sercom/spi/spi.o
 .comment       0x00000059       0x5a src/ASF/sam0/drivers/sercom/spi/spi_interrupt.o
 .comment       0x00000059       0x5a src/ASF/sam0/drivers/sercom/usart/usart.o
 .comment       0x00000059       0x5a src/ASF/sam0/drivers/sercom/usart/usart_interrupt.o
 .comment       0x00000059       0x5a src/ASF/sam0/drivers/system/clock/clock_samd21_r21_da_ha1/clock.o
 .comment       0x00000059       0x5a src/ASF/sam0/drivers/system/clock/clock_samd21_r21_da_ha1/gclk.o
 .comment       0x00000059       0x5a src/ASF/sam0/drivers/system/pinmux/pinmux.o
 .comment       0x00000059       0x5a src/ASF/sam0/drivers/system/system.o
 .comment       0x00000059       0x5a src/ASF/sam0/utils/cmsis/samr21/source/gcc/startup_samr21.o
 .comment       0x00000059       0x5a src/ASF/thirdparty/freertos/freertos-8.0.1/Source/list.o
 .comment       0x00000059       0x5a src/ASF/thirdparty/freertos/freertos-8.0.1/Source/portable/GCC/ARM_CM0/port.o
 .comment       0x00000059       0x5a src/ASF/thirdparty/freertos/freertos-8.0.1/Source/tasks.o
 .comment       0x00000059       0x5a src/main.o

.debug_info     0x00000000    0x40185
 .debug_info    0x00000000     0x421c src/ASF/common2/components/display/ssd1306/ssd1306.o
 .debug_info    0x0000421c      0xb81 src/ASF/common2/services/delay/sam0/systick_counter.o
 .debug_info    0x00004d9d     0x2f7b src/ASF/common2/services/gfx_mono/gfx_mono_framebuffer.o
 .debug_info    0x00007d18     0x35fc src/ASF/common2/services/gfx_mono/gfx_mono_generic.o
 .debug_info    0x0000b314     0x2fca src/ASF/common2/services/gfx_mono/gfx_mono_text.o
 .debug_info    0x0000e2de     0x333d src/ASF/common2/services/gfx_mono/gfx_mono_ug_2832hsweg04.o
 .debug_info    0x0001161b     0x2cb2 src/ASF/common2/services/gfx_mono/sysfont.o
 .debug_info    0x000142cd      0xafb src/ASF/common/utils/interrupt/interrupt_sam_nvic.o
 .debug_info    0x00014dc8     0x12a0 src/ASF/sam0/boards/samr21_xplained_pro/board_init.o
 .debug_info    0x00016068     0x12aa src/ASF/sam0/drivers/port/port.o
 .debug_info    0x00017312     0x2dc0 src/ASF/sam0/drivers/sercom/sercom.o
 .debug_info    0x0001a0d2     0x2bae src/ASF/sam0/drivers/sercom/sercom_interrupt.o
 .debug_info    0x0001cc80     0x5e34 src/ASF/sam0/drivers/sercom/spi/spi.o
 .debug_info    0x00022ab4     0x318e src/ASF/sam0/drivers/sercom/spi/spi_interrupt.o
 .debug_info    0x00025c42     0x4a0b src/ASF/sam0/drivers/sercom/usart/usart.o
 .debug_info    0x0002a64d     0x303f src/ASF/sam0/drivers/sercom/usart/usart_interrupt.o
 .debug_info    0x0002d68c     0x3747 src/ASF/sam0/drivers/system/clock/clock_samd21_r21_da_ha1/clock.o
 .debug_info    0x00030dd3     0x1e1c src/ASF/sam0/drivers/system/clock/clock_samd21_r21_da_ha1/gclk.o
 .debug_info    0x00032bef     0x1368 src/ASF/sam0/drivers/system/pinmux/pinmux.o
 .debug_info    0x00033f57      0xa67 src/ASF/sam0/drivers/system/system.o
 .debug_info    0x000349be     0x3a35 src/ASF/sam0/utils/cmsis/samr21/source/gcc/startup_samr21.o
 .debug_info    0x000383f3      0xc4f src/ASF/thirdparty/freertos/freertos-8.0.1/Source/list.o
 .debug_info    0x00039042      0xcd1 src/ASF/thirdparty/freertos/freertos-8.0.1/Source/portable/GCC/ARM_CM0/port.o
 .debug_info    0x00039d13     0x21ec src/ASF/thirdparty/freertos/freertos-8.0.1/Source/tasks.o
 .debug_info    0x0003beff     0x4286 src/main.o

.debug_abbrev   0x00000000     0x5225
 .debug_abbrev  0x00000000      0x3f5 src/ASF/common2/components/display/ssd1306/ssd1306.o
 .debug_abbrev  0x000003f5      0x24b src/ASF/common2/services/delay/sam0/systick_counter.o
 .debug_abbrev  0x00000640      0x306 src/ASF/common2/services/gfx_mono/gfx_mono_framebuffer.o
 .debug_abbrev  0x00000946      0x319 src/ASF/common2/services/gfx_mono/gfx_mono_generic.o
 .debug_abbrev  0x00000c5f      0x374 src/ASF/common2/services/gfx_mono/gfx_mono_text.o
 .debug_abbrev  0x00000fd3      0x3cd src/ASF/common2/services/gfx_mono/gfx_mono_ug_2832hsweg04.o
 .debug_abbrev  0x000013a0      0x238 src/ASF/common2/services/gfx_mono/sysfont.o
 .debug_abbrev  0x000015d8      0x22c src/ASF/common/utils/interrupt/interrupt_sam_nvic.o
 .debug_abbrev  0x00001804      0x2dc src/ASF/sam0/boards/samr21_xplained_pro/board_init.o
 .debug_abbrev  0x00001ae0      0x298 src/ASF/sam0/drivers/port/port.o
 .debug_abbrev  0x00001d78      0x378 src/ASF/sam0/drivers/sercom/sercom.o
 .debug_abbrev  0x000020f0      0x2d8 src/ASF/sam0/drivers/sercom/sercom_interrupt.o
 .debug_abbrev  0x000023c8      0x4ff src/ASF/sam0/drivers/sercom/spi/spi.o
 .debug_abbrev  0x000028c7      0x3fd src/ASF/sam0/drivers/sercom/spi/spi_interrupt.o
 .debug_abbrev  0x00002cc4      0x477 src/ASF/sam0/drivers/sercom/usart/usart.o
 .debug_abbrev  0x0000313b      0x416 src/ASF/sam0/drivers/sercom/usart/usart_interrupt.o
 .debug_abbrev  0x00003551      0x465 src/ASF/sam0/drivers/system/clock/clock_samd21_r21_da_ha1/clock.o
 .debug_abbrev  0x000039b6      0x3f1 src/ASF/sam0/drivers/system/clock/clock_samd21_r21_da_ha1/gclk.o
 .debug_abbrev  0x00003da7      0x332 src/ASF/sam0/drivers/system/pinmux/pinmux.o
 .debug_abbrev  0x000040d9      0x1e1 src/ASF/sam0/drivers/system/system.o
 .debug_abbrev  0x000042ba      0x234 src/ASF/sam0/utils/cmsis/samr21/source/gcc/startup_samr21.o
 .debug_abbrev  0x000044ee      0x23b src/ASF/thirdparty/freertos/freertos-8.0.1/Source/list.o
 .debug_abbrev  0x00004729      0x2dc src/ASF/thirdparty/freertos/freertos-8.0.1/Source/portable/GCC/ARM_CM0/port.o
 .debug_abbrev  0x00004a05      0x3ec src/ASF/thirdparty/freertos/freertos-8.0.1/Source/tasks.o
 .debug_abbrev  0x00004df1      0x434 src/main.o

.debug_loc      0x00000000     0x97cf
 .debug_loc     0x00000000      0x415 src/ASF/common2/components/display/ssd1306/ssd1306.o
 .debug_loc     0x00000415       0xe4 src/ASF/common2/services/delay/sam0/systick_counter.o
 .debug_loc     0x000004f9      0x539 src/ASF/common2/services/gfx_mono/gfx_mono_framebuffer.o
 .debug_loc     0x00000a32      0xd60 src/ASF/common2/services/gfx_mono/gfx_mono_generic.o
 .debug_loc     0x00001792      0x7ab src/ASF/common2/services/gfx_mono/gfx_mono_text.o
 .debug_loc     0x00001f3d      0x760 src/ASF/common2/services/gfx_mono/gfx_mono_ug_2832hsweg04.o
 .debug_loc     0x0000269d       0x8a src/ASF/sam0/boards/samr21_xplained_pro/board_init.o
 .debug_loc     0x00002727      0x13d src/ASF/sam0/drivers/port/port.o
 .debug_loc     0x00002864      0x9d5 src/ASF/sam0/drivers/sercom/sercom.o
 .debug_loc     0x00003239      0x161 src/ASF/sam0/drivers/sercom/sercom_interrupt.o
 .debug_loc     0x0000339a     0x19c3 src/ASF/sam0/drivers/sercom/spi/spi.o
 .debug_loc     0x00004d5d      0x632 src/ASF/sam0/drivers/sercom/spi/spi_interrupt.o
 .debug_loc     0x0000538f      0xe2f src/ASF/sam0/drivers/sercom/usart/usart.o
 .debug_loc     0x000061be      0x711 src/ASF/sam0/drivers/sercom/usart/usart_interrupt.o
 .debug_loc     0x000068cf      0xf19 src/ASF/sam0/drivers/system/clock/clock_samd21_r21_da_ha1/clock.o
 .debug_loc     0x000077e8      0x504 src/ASF/sam0/drivers/system/clock/clock_samd21_r21_da_ha1/gclk.o
 .debug_loc     0x00007cec      0x322 src/ASF/sam0/drivers/system/pinmux/pinmux.o
 .debug_loc     0x0000800e       0x20 src/ASF/sam0/drivers/system/system.o
 .debug_loc     0x0000802e       0x40 src/ASF/sam0/utils/cmsis/samr21/source/gcc/startup_samr21.o
 .debug_loc     0x0000806e       0x72 src/ASF/thirdparty/freertos/freertos-8.0.1/Source/list.o
 .debug_loc     0x000080e0      0x133 src/ASF/thirdparty/freertos/freertos-8.0.1/Source/portable/GCC/ARM_CM0/port.o
 .debug_loc     0x00008213     0x12ad src/ASF/thirdparty/freertos/freertos-8.0.1/Source/tasks.o
 .debug_loc     0x000094c0      0x30f src/main.o

.debug_aranges  0x00000000      0x7d8
 .debug_aranges
                0x00000000       0x30 src/ASF/common2/components/display/ssd1306/ssd1306.o
 .debug_aranges
                0x00000030       0x30 src/ASF/common2/services/delay/sam0/systick_counter.o
 .debug_aranges
                0x00000060       0x58 src/ASF/common2/services/gfx_mono/gfx_mono_framebuffer.o
 .debug_aranges
                0x000000b8       0x58 src/ASF/common2/services/gfx_mono/gfx_mono_generic.o
 .debug_aranges
                0x00000110       0x40 src/ASF/common2/services/gfx_mono/gfx_mono_text.o
 .debug_aranges
                0x00000150       0x60 src/ASF/common2/services/gfx_mono/gfx_mono_ug_2832hsweg04.o
 .debug_aranges
                0x000001b0       0x18 src/ASF/common2/services/gfx_mono/sysfont.o
 .debug_aranges
                0x000001c8       0x28 src/ASF/common/utils/interrupt/interrupt_sam_nvic.o
 .debug_aranges
                0x000001f0       0x20 src/ASF/sam0/boards/samr21_xplained_pro/board_init.o
 .debug_aranges
                0x00000210       0x28 src/ASF/sam0/drivers/port/port.o
 .debug_aranges
                0x00000238       0x48 src/ASF/sam0/drivers/sercom/sercom.o
 .debug_aranges
                0x00000280       0x60 src/ASF/sam0/drivers/sercom/sercom_interrupt.o
 .debug_aranges
                0x000002e0       0x58 src/ASF/sam0/drivers/sercom/spi/spi.o
 .debug_aranges
                0x00000338       0x50 src/ASF/sam0/drivers/sercom/spi/spi_interrupt.o
 .debug_aranges
                0x00000388       0x40 src/ASF/sam0/drivers/sercom/usart/usart.o
 .debug_aranges
                0x000003c8       0x70 src/ASF/sam0/drivers/sercom/usart/usart_interrupt.o
 .debug_aranges
                0x00000438       0x78 src/ASF/sam0/drivers/system/clock/clock_samd21_r21_da_ha1/clock.o
 .debug_aranges
                0x000004b0       0x80 src/ASF/sam0/drivers/system/clock/clock_samd21_r21_da_ha1/gclk.o
 .debug_aranges
                0x00000530       0x38 src/ASF/sam0/drivers/system/pinmux/pinmux.o
 .debug_aranges
                0x00000568       0x28 src/ASF/sam0/drivers/system/system.o
 .debug_aranges
                0x00000590       0x28 src/ASF/sam0/utils/cmsis/samr21/source/gcc/startup_samr21.o
 .debug_aranges
                0x000005b8       0x40 src/ASF/thirdparty/freertos/freertos-8.0.1/Source/list.o
 .debug_aranges
                0x000005f8       0x88 src/ASF/thirdparty/freertos/freertos-8.0.1/Source/portable/GCC/ARM_CM0/port.o
 .debug_aranges
                0x00000680      0x130 src/ASF/thirdparty/freertos/freertos-8.0.1/Source/tasks.o
 .debug_aranges
                0x000007b0       0x28 src/main.o

.debug_ranges   0x00000000      0xb70
 .debug_ranges  0x00000000       0x50 src/ASF/common2/components/display/ssd1306/ssd1306.o
 .debug_ranges  0x00000050       0x50 src/ASF/common2/services/delay/sam0/systick_counter.o
 .debug_ranges  0x000000a0       0x48 src/ASF/common2/services/gfx_mono/gfx_mono_framebuffer.o
 .debug_ranges  0x000000e8       0x48 src/ASF/common2/services/gfx_mono/gfx_mono_generic.o
 .debug_ranges  0x00000130       0x48 src/ASF/common2/services/gfx_mono/gfx_mono_text.o
 .debug_ranges  0x00000178       0x68 src/ASF/common2/services/gfx_mono/gfx_mono_ug_2832hsweg04.o
 .debug_ranges  0x000001e0       0x18 src/ASF/common/utils/interrupt/interrupt_sam_nvic.o
 .debug_ranges  0x000001f8       0x10 src/ASF/sam0/boards/samr21_xplained_pro/board_init.o
 .debug_ranges  0x00000208       0x18 src/ASF/sam0/drivers/port/port.o
 .debug_ranges  0x00000220       0x50 src/ASF/sam0/drivers/sercom/sercom.o
 .debug_ranges  0x00000270       0x50 src/ASF/sam0/drivers/sercom/sercom_interrupt.o
 .debug_ranges  0x000002c0      0x240 src/ASF/sam0/drivers/sercom/spi/spi.o
 .debug_ranges  0x00000500       0xb8 src/ASF/sam0/drivers/sercom/spi/spi_interrupt.o
 .debug_ranges  0x000005b8      0x140 src/ASF/sam0/drivers/sercom/usart/usart.o
 .debug_ranges  0x000006f8       0x60 src/ASF/sam0/drivers/sercom/usart/usart_interrupt.o
 .debug_ranges  0x00000758       0x68 src/ASF/sam0/drivers/system/clock/clock_samd21_r21_da_ha1/clock.o
 .debug_ranges  0x000007c0       0x88 src/ASF/sam0/drivers/system/clock/clock_samd21_r21_da_ha1/gclk.o
 .debug_ranges  0x00000848       0x28 src/ASF/sam0/drivers/system/pinmux/pinmux.o
 .debug_ranges  0x00000870       0x18 src/ASF/sam0/drivers/system/system.o
 .debug_ranges  0x00000888       0x18 src/ASF/sam0/utils/cmsis/samr21/source/gcc/startup_samr21.o
 .debug_ranges  0x000008a0       0x30 src/ASF/thirdparty/freertos/freertos-8.0.1/Source/list.o
 .debug_ranges  0x000008d0       0x78 src/ASF/thirdparty/freertos/freertos-8.0.1/Source/portable/GCC/ARM_CM0/port.o
 .debug_ranges  0x00000948      0x1f8 src/ASF/thirdparty/freertos/freertos-8.0.1/Source/tasks.o
 .debug_ranges  0x00000b40       0x30 src/main.o

.debug_macro    0x00000000    0x1cf02
 .debug_macro   0x00000000      0x616 src/ASF/common2/components/display/ssd1306/ssd1306.o
 .debug_macro   0x00000616      0x8ce src/ASF/common2/components/display/ssd1306/ssd1306.o
 .debug_macro   0x00000ee4      0x16d src/ASF/common2/components/display/ssd1306/ssd1306.o
 .debug_macro   0x00001051      0x64b src/ASF/common2/components/display/ssd1306/ssd1306.o
 .debug_macro   0x0000169c       0x22 src/ASF/common2/components/display/ssd1306/ssd1306.o
 .debug_macro   0x000016be       0x87 src/ASF/common2/components/display/ssd1306/ssd1306.o
 .debug_macro   0x00001745       0x51 src/ASF/common2/components/display/ssd1306/ssd1306.o
 .debug_macro   0x00001796       0xef src/ASF/common2/components/display/ssd1306/ssd1306.o
 .debug_macro   0x00001885       0x6a src/ASF/common2/components/display/ssd1306/ssd1306.o
 .debug_macro   0x000018ef      0x1df src/ASF/common2/components/display/ssd1306/ssd1306.o
 .debug_macro   0x00001ace       0x10 src/ASF/common2/components/display/ssd1306/ssd1306.o
 .debug_macro   0x00001ade       0x76 src/ASF/common2/components/display/ssd1306/ssd1306.o
 .debug_macro   0x00001b54       0x16 src/ASF/common2/components/display/ssd1306/ssd1306.o
 .debug_macro   0x00001b6a      0x6e5 src/ASF/common2/components/display/ssd1306/ssd1306.o
 .debug_macro   0x0000224f      0xde2 src/ASF/common2/components/display/ssd1306/ssd1306.o
 .debug_macro   0x00003031       0x22 src/ASF/common2/components/display/ssd1306/ssd1306.o
 .debug_macro   0x00003053       0x40 src/ASF/common2/components/display/ssd1306/ssd1306.o
 .debug_macro   0x00003093       0x3a src/ASF/common2/components/display/ssd1306/ssd1306.o
 .debug_macro   0x000030cd       0x1f src/ASF/common2/components/display/ssd1306/ssd1306.o
 .debug_macro   0x000030ec      0x250 src/ASF/common2/components/display/ssd1306/ssd1306.o
 .debug_macro   0x0000333c      0x682 src/ASF/common2/components/display/ssd1306/ssd1306.o
 .debug_macro   0x000039be      0x8bf src/ASF/common2/components/display/ssd1306/ssd1306.o
 .debug_macro   0x0000427d      0xd6a src/ASF/common2/components/display/ssd1306/ssd1306.o
 .debug_macro   0x00004fe7      0x4ce src/ASF/common2/components/display/ssd1306/ssd1306.o
 .debug_macro   0x000054b5      0x9f8 src/ASF/common2/components/display/ssd1306/ssd1306.o
 .debug_macro   0x00005ead      0x82b src/ASF/common2/components/display/ssd1306/ssd1306.o
 .debug_macro   0x000066d8      0x45f src/ASF/common2/components/display/ssd1306/ssd1306.o
 .debug_macro   0x00006b37       0x5e src/ASF/common2/components/display/ssd1306/ssd1306.o
 .debug_macro   0x00006b95      0x225 src/ASF/common2/components/display/ssd1306/ssd1306.o
 .debug_macro   0x00006dba      0x797 src/ASF/common2/components/display/ssd1306/ssd1306.o
 .debug_macro   0x00007551       0x5e src/ASF/common2/components/display/ssd1306/ssd1306.o
 .debug_macro   0x000075af      0x60a src/ASF/common2/components/display/ssd1306/ssd1306.o
 .debug_macro   0x00007bb9      0x3b6 src/ASF/common2/components/display/ssd1306/ssd1306.o
 .debug_macro   0x00007f6f       0x94 src/ASF/common2/components/display/ssd1306/ssd1306.o
 .debug_macro   0x00008003      0xc55 src/ASF/common2/components/display/ssd1306/ssd1306.o
 .debug_macro   0x00008c58     0x1092 src/ASF/common2/components/display/ssd1306/ssd1306.o
 .debug_macro   0x00009cea      0xc4a src/ASF/common2/components/display/ssd1306/ssd1306.o
 .debug_macro   0x0000a934      0x6bf src/ASF/common2/components/display/ssd1306/ssd1306.o
 .debug_macro   0x0000aff3     0x1b4b src/ASF/common2/components/display/ssd1306/ssd1306.o
 .debug_macro   0x0000cb3e     0x144a src/ASF/common2/components/display/ssd1306/ssd1306.o
 .debug_macro   0x0000df88      0x34e src/ASF/common2/components/display/ssd1306/ssd1306.o
 .debug_macro   0x0000e2d6       0x7c src/ASF/common2/components/display/ssd1306/ssd1306.o
 .debug_macro   0x0000e352       0xa0 src/ASF/common2/components/display/ssd1306/ssd1306.o
 .debug_macro   0x0000e3f2       0xca src/ASF/common2/components/display/ssd1306/ssd1306.o
 .debug_macro   0x0000e4bc       0x94 src/ASF/common2/components/display/ssd1306/ssd1306.o
 .debug_macro   0x0000e550       0x58 src/ASF/common2/components/display/ssd1306/ssd1306.o
 .debug_macro   0x0000e5a8      0x364 src/ASF/common2/components/display/ssd1306/ssd1306.o
 .debug_macro   0x0000e90c       0x82 src/ASF/common2/components/display/ssd1306/ssd1306.o
 .debug_macro   0x0000e98e      0x197 src/ASF/common2/components/display/ssd1306/ssd1306.o
 .debug_macro   0x0000eb25       0xa0 src/ASF/common2/components/display/ssd1306/ssd1306.o
 .debug_macro   0x0000ebc5       0xb2 src/ASF/common2/components/display/ssd1306/ssd1306.o
 .debug_macro   0x0000ec77       0x1c src/ASF/common2/components/display/ssd1306/ssd1306.o
 .debug_macro   0x0000ec93       0x1c src/ASF/common2/components/display/ssd1306/ssd1306.o
 .debug_macro   0x0000ecaf       0x1c src/ASF/common2/components/display/ssd1306/ssd1306.o
 .debug_macro   0x0000eccb       0x7c src/ASF/common2/components/display/ssd1306/ssd1306.o
 .debug_macro   0x0000ed47      0x1c6 src/ASF/common2/components/display/ssd1306/ssd1306.o
 .debug_macro   0x0000ef0d       0x16 src/ASF/common2/components/display/ssd1306/ssd1306.o
 .debug_macro   0x0000ef23       0xdc src/ASF/common2/components/display/ssd1306/ssd1306.o
 .debug_macro   0x0000efff      0x12f src/ASF/common2/components/display/ssd1306/ssd1306.o
 .debug_macro   0x0000f12e      0x12f src/ASF/common2/components/display/ssd1306/ssd1306.o
 .debug_macro   0x0000f25d      0x12f src/ASF/common2/components/display/ssd1306/ssd1306.o
 .debug_macro   0x0000f38c      0x12f src/ASF/common2/components/display/ssd1306/ssd1306.o
 .debug_macro   0x0000f4bb      0x12f src/ASF/common2/components/display/ssd1306/ssd1306.o
 .debug_macro   0x0000f5ea      0x12f src/ASF/common2/components/display/ssd1306/ssd1306.o
 .debug_macro   0x0000f719      0x11e src/ASF/common2/components/display/ssd1306/ssd1306.o
 .debug_macro   0x0000f837       0xe2 src/ASF/common2/components/display/ssd1306/ssd1306.o
 .debug_macro   0x0000f919       0xe2 src/ASF/common2/components/display/ssd1306/ssd1306.o
 .debug_macro   0x0000f9fb       0xe2 src/ASF/common2/components/display/ssd1306/ssd1306.o
 .debug_macro   0x0000fadd      0x12c src/ASF/common2/components/display/ssd1306/ssd1306.o
 .debug_macro   0x0000fc09      0x100 src/ASF/common2/components/display/ssd1306/ssd1306.o
 .debug_macro   0x0000fd09       0xf4 src/ASF/common2/components/display/ssd1306/ssd1306.o
 .debug_macro   0x0000fdfd      0x40f src/ASF/common2/components/display/ssd1306/ssd1306.o
 .debug_macro   0x0001020c       0x40 src/ASF/common2/components/display/ssd1306/ssd1306.o
 .debug_macro   0x0001024c      0x345 src/ASF/common2/components/display/ssd1306/ssd1306.o
 .debug_macro   0x00010591     0x174b src/ASF/common2/components/display/ssd1306/ssd1306.o
 .debug_macro   0x00011cdc       0x74 src/ASF/common2/components/display/ssd1306/ssd1306.o
 .debug_macro   0x00011d50       0x52 src/ASF/common2/components/display/ssd1306/ssd1306.o
 .debug_macro   0x00011da2       0x35 src/ASF/common2/components/display/ssd1306/ssd1306.o
 .debug_macro   0x00011dd7       0x9c src/ASF/common2/components/display/ssd1306/ssd1306.o
 .debug_macro   0x00011e73       0x16 src/ASF/common2/components/display/ssd1306/ssd1306.o
 .debug_macro   0x00011e89       0x35 src/ASF/common2/components/display/ssd1306/ssd1306.o
 .debug_macro   0x00011ebe      0x330 src/ASF/common2/components/display/ssd1306/ssd1306.o
 .debug_macro   0x000121ee       0x10 src/ASF/common2/components/display/ssd1306/ssd1306.o
 .debug_macro   0x000121fe       0x52 src/ASF/common2/components/display/ssd1306/ssd1306.o
 .debug_macro   0x00012250       0x1f src/ASF/common2/components/display/ssd1306/ssd1306.o
 .debug_macro   0x0001226f       0x43 src/ASF/common2/components/display/ssd1306/ssd1306.o
 .debug_macro   0x000122b2       0x20 src/ASF/common2/components/display/ssd1306/ssd1306.o
 .debug_macro   0x000122d2      0x187 src/ASF/common2/components/display/ssd1306/ssd1306.o
 .debug_macro   0x00012459       0x10 src/ASF/common2/components/display/ssd1306/ssd1306.o
 .debug_macro   0x00012469       0x1c src/ASF/common2/components/display/ssd1306/ssd1306.o
 .debug_macro   0x00012485       0x52 src/ASF/common2/components/display/ssd1306/ssd1306.o
 .debug_macro   0x000124d7       0x40 src/ASF/common2/components/display/ssd1306/ssd1306.o
 .debug_macro   0x00012517       0x10 src/ASF/common2/components/display/ssd1306/ssd1306.o
 .debug_macro   0x00012527       0x40 src/ASF/common2/components/display/ssd1306/ssd1306.o
 .debug_macro   0x00012567       0xd7 src/ASF/common2/components/display/ssd1306/ssd1306.o
 .debug_macro   0x0001263e       0x16 src/ASF/common2/components/display/ssd1306/ssd1306.o
 .debug_macro   0x00012654      0x18b src/ASF/common2/components/display/ssd1306/ssd1306.o
 .debug_macro   0x000127df       0x16 src/ASF/common2/components/display/ssd1306/ssd1306.o
 .debug_macro   0x000127f5       0x16 src/ASF/common2/components/display/ssd1306/ssd1306.o
 .debug_macro   0x0001280b       0x29 src/ASF/common2/components/display/ssd1306/ssd1306.o
 .debug_macro   0x00012834       0x51 src/ASF/common2/components/display/ssd1306/ssd1306.o
 .debug_macro   0x00012885       0x3f src/ASF/common2/components/display/ssd1306/ssd1306.o
 .debug_macro   0x000128c4      0x3df src/ASF/common2/components/display/ssd1306/ssd1306.o
 .debug_macro   0x00012ca3       0x11 src/ASF/common2/components/display/ssd1306/ssd1306.o
 .debug_macro   0x00012cb4       0x19 src/ASF/common2/components/display/ssd1306/ssd1306.o
 .debug_macro   0x00012ccd       0x11 src/ASF/common2/components/display/ssd1306/ssd1306.o
 .debug_macro   0x00012cde       0x16 src/ASF/common2/components/display/ssd1306/ssd1306.o
 .debug_macro   0x00012cf4       0x2e src/ASF/common2/components/display/ssd1306/ssd1306.o
 .debug_macro   0x00012d22       0xa0 src/ASF/common2/components/display/ssd1306/ssd1306.o
 .debug_macro   0x00012dc2       0x10 src/ASF/common2/components/display/ssd1306/ssd1306.o
 .debug_macro   0x00012dd2       0x16 src/ASF/common2/components/display/ssd1306/ssd1306.o
 .debug_macro   0x00012de8       0x16 src/ASF/common2/components/display/ssd1306/ssd1306.o
 .debug_macro   0x00012dfe       0x35 src/ASF/common2/components/display/ssd1306/ssd1306.o
 .debug_macro   0x00012e33       0x1c src/ASF/common2/components/display/ssd1306/ssd1306.o
 .debug_macro   0x00012e4f       0x16 src/ASF/common2/components/display/ssd1306/ssd1306.o
 .debug_macro   0x00012e65      0x2c6 src/ASF/common2/components/display/ssd1306/ssd1306.o
 .debug_macro   0x0001312b      0x69f src/ASF/common2/components/display/ssd1306/ssd1306.o
 .debug_macro   0x000137ca       0x52 src/ASF/common2/components/display/ssd1306/ssd1306.o
 .debug_macro   0x0001381c       0xd3 src/ASF/common2/components/display/ssd1306/ssd1306.o
 .debug_macro   0x000138ef      0x525 src/ASF/common2/services/delay/sam0/systick_counter.o
 .debug_macro   0x00013e14       0x16 src/ASF/common2/services/delay/sam0/systick_counter.o
 .debug_macro   0x00013e2a      0x654 src/ASF/common2/services/gfx_mono/gfx_mono_framebuffer.o
 .debug_macro   0x0001447e       0x16 src/ASF/common2/services/gfx_mono/gfx_mono_framebuffer.o
 .debug_macro   0x00014494       0x22 src/ASF/common2/services/gfx_mono/gfx_mono_framebuffer.o
 .debug_macro   0x000144b6       0x85 src/ASF/common2/services/gfx_mono/gfx_mono_framebuffer.o
 .debug_macro   0x0001453b       0x7b src/ASF/common2/services/gfx_mono/gfx_mono_framebuffer.o
 .debug_macro   0x000145b6      0x654 src/ASF/common2/services/gfx_mono/gfx_mono_generic.o
 .debug_macro   0x00014c0a      0x7ac src/ASF/common2/services/gfx_mono/gfx_mono_text.o
 .debug_macro   0x000153b6       0x4c src/ASF/common2/services/gfx_mono/gfx_mono_text.o
 .debug_macro   0x00015402       0x8d src/ASF/common2/services/gfx_mono/gfx_mono_text.o
 .debug_macro   0x0001548f       0x16 src/ASF/common2/services/gfx_mono/gfx_mono_text.o
 .debug_macro   0x000154a5       0x57 src/ASF/common2/services/gfx_mono/gfx_mono_text.o
 .debug_macro   0x000154fc       0x1c src/ASF/common2/services/gfx_mono/gfx_mono_text.o
 .debug_macro   0x00015518       0x40 src/ASF/common2/services/gfx_mono/gfx_mono_text.o
 .debug_macro   0x00015558      0x11e src/ASF/common2/services/gfx_mono/gfx_mono_text.o
 .debug_macro   0x00015676       0xa9 src/ASF/common2/services/gfx_mono/gfx_mono_text.o
 .debug_macro   0x0001571f       0x12 src/ASF/common2/services/gfx_mono/gfx_mono_text.o
 .debug_macro   0x00015731       0x1f src/ASF/common2/services/gfx_mono/gfx_mono_text.o
 .debug_macro   0x00015750      0x330 src/ASF/common2/services/gfx_mono/gfx_mono_text.o
 .debug_macro   0x00015a80       0x16 src/ASF/common2/services/gfx_mono/gfx_mono_text.o
 .debug_macro   0x00015a96       0x79 src/ASF/common2/services/gfx_mono/gfx_mono_text.o
 .debug_macro   0x00015b0f       0x43 src/ASF/common2/services/gfx_mono/gfx_mono_text.o
 .debug_macro   0x00015b52       0x6f src/ASF/common2/services/gfx_mono/gfx_mono_text.o
 .debug_macro   0x00015bc1       0x91 src/ASF/common2/services/gfx_mono/gfx_mono_text.o
 .debug_macro   0x00015c52       0x19 src/ASF/common2/services/gfx_mono/gfx_mono_text.o
 .debug_macro   0x00015c6b       0xb0 src/ASF/common2/services/gfx_mono/gfx_mono_text.o
 .debug_macro   0x00015d1b       0x7e src/ASF/common2/services/gfx_mono/gfx_mono_text.o
 .debug_macro   0x00015d99       0x3a src/ASF/common2/services/gfx_mono/gfx_mono_text.o
 .debug_macro   0x00015dd3       0x49 src/ASF/common2/services/gfx_mono/gfx_mono_text.o
 .debug_macro   0x00015e1c       0x22 src/ASF/common2/services/gfx_mono/gfx_mono_text.o
 .debug_macro   0x00015e3e      0x654 src/ASF/common2/services/gfx_mono/gfx_mono_ug_2832hsweg04.o
 .debug_macro   0x00016492       0x28 src/ASF/common2/services/gfx_mono/gfx_mono_ug_2832hsweg04.o
 .debug_macro   0x000164ba      0x678 src/ASF/common2/services/gfx_mono/sysfont.o
 .debug_macro   0x00016b32      0x4ea src/ASF/common/utils/interrupt/interrupt_sam_nvic.o
 .debug_macro   0x0001701c      0x526 src/ASF/sam0/boards/samr21_xplained_pro/board_init.o
 .debug_macro   0x00017542      0x504 src/ASF/sam0/drivers/port/port.o
 .debug_macro   0x00017a46      0x577 src/ASF/sam0/drivers/sercom/sercom.o
 .debug_macro   0x00017fbd      0x574 src/ASF/sam0/drivers/sercom/sercom_interrupt.o
 .debug_macro   0x00018531      0x5bb src/ASF/sam0/drivers/sercom/spi/spi.o
 .debug_macro   0x00018aec      0x5c5 src/ASF/sam0/drivers/sercom/spi/spi_interrupt.o
 .debug_macro   0x000190b1      0x588 src/ASF/sam0/drivers/sercom/usart/usart.o
 .debug_macro   0x00019639       0x51 src/ASF/sam0/drivers/sercom/usart/usart.o
 .debug_macro   0x0001968a      0x588 src/ASF/sam0/drivers/sercom/usart/usart_interrupt.o
 .debug_macro   0x00019c12      0x55b src/ASF/sam0/drivers/system/clock/clock_samd21_r21_da_ha1/clock.o
 .debug_macro   0x0001a16d      0x29c src/ASF/sam0/drivers/system/clock/clock_samd21_r21_da_ha1/clock.o
 .debug_macro   0x0001a409      0x520 src/ASF/sam0/drivers/system/clock/clock_samd21_r21_da_ha1/gclk.o
 .debug_macro   0x0001a929      0x4fc src/ASF/sam0/drivers/system/pinmux/pinmux.o
 .debug_macro   0x0001ae25      0x52d src/ASF/sam0/drivers/system/system.o
 .debug_macro   0x0001b352      0x2d1 src/ASF/sam0/utils/cmsis/samr21/source/gcc/startup_samr21.o
 .debug_macro   0x0001b623       0x3a src/ASF/sam0/utils/cmsis/samr21/source/gcc/startup_samr21.o
 .debug_macro   0x0001b65d      0x53f src/ASF/thirdparty/freertos/freertos-8.0.1/Source/list.o
 .debug_macro   0x0001bb9c      0x5ae src/ASF/thirdparty/freertos/freertos-8.0.1/Source/portable/GCC/ARM_CM0/port.o
 .debug_macro   0x0001c14a      0x5fe src/ASF/thirdparty/freertos/freertos-8.0.1/Source/tasks.o
 .debug_macro   0x0001c748      0x7aa src/main.o
 .debug_macro   0x0001cef2       0x10 src/main.o

.debug_line     0x00000000    0x12fe0
 .debug_line    0x00000000      0xd8f src/ASF/common2/components/display/ssd1306/ssd1306.o
 .debug_line    0x00000d8f      0x9b0 src/ASF/common2/services/delay/sam0/systick_counter.o
 .debug_line    0x0000173f      0xdd3 src/ASF/common2/services/gfx_mono/gfx_mono_framebuffer.o
 .debug_line    0x00002512      0xe86 src/ASF/common2/services/gfx_mono/gfx_mono_generic.o
 .debug_line    0x00003398     0x1005 src/ASF/common2/services/gfx_mono/gfx_mono_text.o
 .debug_line    0x0000439d      0xe65 src/ASF/common2/services/gfx_mono/gfx_mono_ug_2832hsweg04.o
 .debug_line    0x00005202      0xd2b src/ASF/common2/services/gfx_mono/sysfont.o
 .debug_line    0x00005f2d      0x8ba src/ASF/common/utils/interrupt/interrupt_sam_nvic.o
 .debug_line    0x000067e7      0x961 src/ASF/sam0/boards/samr21_xplained_pro/board_init.o
 .debug_line    0x00007148      0x8e6 src/ASF/sam0/drivers/port/port.o
 .debug_line    0x00007a2e      0xbc0 src/ASF/sam0/drivers/sercom/sercom.o
 .debug_line    0x000085ee      0xb63 src/ASF/sam0/drivers/sercom/sercom_interrupt.o
 .debug_line    0x00009151     0x102d src/ASF/sam0/drivers/sercom/spi/spi.o
 .debug_line    0x0000a17e      0xce0 src/ASF/sam0/drivers/sercom/spi/spi_interrupt.o
 .debug_line    0x0000ae5e      0xd2a src/ASF/sam0/drivers/sercom/usart/usart.o
 .debug_line    0x0000bb88      0xcb8 src/ASF/sam0/drivers/sercom/usart/usart_interrupt.o
 .debug_line    0x0000c840      0xc4a src/ASF/sam0/drivers/system/clock/clock_samd21_r21_da_ha1/clock.o
 .debug_line    0x0000d48a      0xc62 src/ASF/sam0/drivers/system/clock/clock_samd21_r21_da_ha1/gclk.o
 .debug_line    0x0000e0ec      0x916 src/ASF/sam0/drivers/system/pinmux/pinmux.o
 .debug_line    0x0000ea02      0x9dd src/ASF/sam0/drivers/system/system.o
 .debug_line    0x0000f3df      0x638 src/ASF/sam0/utils/cmsis/samr21/source/gcc/startup_samr21.o
 .debug_line    0x0000fa17      0xa35 src/ASF/thirdparty/freertos/freertos-8.0.1/Source/list.o
 .debug_line    0x0001044c      0xaac src/ASF/thirdparty/freertos/freertos-8.0.1/Source/portable/GCC/ARM_CM0/port.o
 .debug_line    0x00010ef8     0x10b4 src/ASF/thirdparty/freertos/freertos-8.0.1/Source/tasks.o
 .debug_line    0x00011fac     0x1034 src/main.o

.debug_str      0x00000000    0x8bd42
 .debug_str     0x00000000    0x7e69f src/ASF/common2/components/display/ssd1306/ssd1306.o
                              0x7ec8a (size before relaxing)
 .debug_str     0x0007e69f       0x75 src/ASF/common2/services/delay/sam0/systick_counter.o
                              0x797a8 (size before relaxing)
 .debug_str     0x0007e714      0xbb8 src/ASF/common2/services/gfx_mono/gfx_mono_framebuffer.o
                              0x7eaab (size before relaxing)
 .debug_str     0x0007f2cc      0x278 src/ASF/common2/services/gfx_mono/gfx_mono_generic.o
                              0x7e8c2 (size before relaxing)
 .debug_str     0x0007f544     0x5eb4 src/ASF/common2/services/gfx_mono/gfx_mono_text.o
                              0x844be (size before relaxing)
 .debug_str     0x000853f8      0x10c src/ASF/common2/services/gfx_mono/gfx_mono_ug_2832hsweg04.o
                              0x7eb83 (size before relaxing)
 .debug_str     0x00085504       0x3e src/ASF/common2/services/gfx_mono/sysfont.o
                              0x7fa2a (size before relaxing)
 .debug_str     0x00085542       0x94 src/ASF/common/utils/interrupt/interrupt_sam_nvic.o
                              0x79598 (size before relaxing)
 .debug_str     0x000855d6       0x4a src/ASF/sam0/boards/samr21_xplained_pro/board_init.o
                              0x7c27d (size before relaxing)
 .debug_str     0x00085620       0xaa src/ASF/sam0/drivers/port/port.o
                              0x799b3 (size before relaxing)
 .debug_str     0x000856ca      0x43a src/ASF/sam0/drivers/sercom/sercom.o
                              0x7ac41 (size before relaxing)
 .debug_str     0x00085b04      0x17b src/ASF/sam0/drivers/sercom/sercom_interrupt.o
                              0x7aa6c (size before relaxing)
 .debug_str     0x00085c7f      0x6fe src/ASF/sam0/drivers/sercom/spi/spi.o
                              0x7bef6 (size before relaxing)
 .debug_str     0x0008637d      0x252 src/ASF/sam0/drivers/sercom/spi/spi_interrupt.o
                              0x7af08 (size before relaxing)
 .debug_str     0x000865cf      0x72f src/ASF/sam0/drivers/sercom/usart/usart.o
                              0x7b9ee (size before relaxing)
 .debug_str     0x00086cfe      0x1bb src/ASF/sam0/drivers/sercom/usart/usart_interrupt.o
                              0x7ac64 (size before relaxing)
 .debug_str     0x00086eb9     0x2790 src/ASF/sam0/drivers/system/clock/clock_samd21_r21_da_ha1/clock.o
                              0x7c6c1 (size before relaxing)
 .debug_str     0x00089649      0x1e3 src/ASF/sam0/drivers/system/clock/clock_samd21_r21_da_ha1/gclk.o
                              0x7a22b (size before relaxing)
 .debug_str     0x0008982c       0xf4 src/ASF/sam0/drivers/system/pinmux/pinmux.o
                              0x7998f (size before relaxing)
 .debug_str     0x00089920       0x47 src/ASF/sam0/drivers/system/system.o
                              0x7964f (size before relaxing)
 .debug_str     0x00089967      0xf2b src/ASF/sam0/utils/cmsis/samr21/source/gcc/startup_samr21.o
                              0x65702 (size before relaxing)
 .debug_str     0x0008a892      0x15e src/ASF/thirdparty/freertos/freertos-8.0.1/Source/list.o
                              0x7b9fc (size before relaxing)
 .debug_str     0x0008a9f0      0x40f src/ASF/thirdparty/freertos/freertos-8.0.1/Source/portable/GCC/ARM_CM0/port.o
                              0x7c165 (size before relaxing)
 .debug_str     0x0008adff      0xd3c src/ASF/thirdparty/freertos/freertos-8.0.1/Source/tasks.o
                              0x7d3e2 (size before relaxing)
 .debug_str     0x0008bb3b      0x207 src/main.o
                              0x852dd (size before relaxing)

.debug_frame    0x00000000     0x1444
 .debug_frame   0x00000000       0x70 src/ASF/common2/components/display/ssd1306/ssd1306.o
 .debug_frame   0x00000070       0x64 src/ASF/common2/services/delay/sam0/systick_counter.o
 .debug_frame   0x000000d4       0xd8 src/ASF/common2/services/gfx_mono/gfx_mono_framebuffer.o
 .debug_frame   0x000001ac      0x150 src/ASF/common2/services/gfx_mono/gfx_mono_generic.o
 .debug_frame   0x000002fc       0xd0 src/ASF/common2/services/gfx_mono/gfx_mono_text.o
 .debug_frame   0x000003cc      0x124 src/ASF/common2/services/gfx_mono/gfx_mono_ug_2832hsweg04.o
 .debug_frame   0x000004f0       0x30 src/ASF/common/utils/interrupt/interrupt_sam_nvic.o
 .debug_frame   0x00000520       0x30 src/ASF/sam0/boards/samr21_xplained_pro/board_init.o
 .debug_frame   0x00000550       0x44 src/ASF/sam0/drivers/port/port.o
 .debug_frame   0x00000594       0xbc src/ASF/sam0/drivers/sercom/sercom.o
 .debug_frame   0x00000650       0xe8 src/ASF/sam0/drivers/sercom/sercom_interrupt.o
 .debug_frame   0x00000738      0x120 src/ASF/sam0/drivers/sercom/spi/spi.o
 .debug_frame   0x00000858       0xb0 src/ASF/sam0/drivers/sercom/spi/spi_interrupt.o
 .debug_frame   0x00000908       0xac src/ASF/sam0/drivers/sercom/usart/usart.o
 .debug_frame   0x000009b4      0x110 src/ASF/sam0/drivers/sercom/usart/usart_interrupt.o
 .debug_frame   0x00000ac4      0x158 src/ASF/sam0/drivers/system/clock/clock_samd21_r21_da_ha1/clock.o
 .debug_frame   0x00000c1c      0x148 src/ASF/sam0/drivers/system/clock/clock_samd21_r21_da_ha1/gclk.o
 .debug_frame   0x00000d64       0x74 src/ASF/sam0/drivers/system/pinmux/pinmux.o
 .debug_frame   0x00000dd8       0x38 src/ASF/sam0/drivers/system/system.o
 .debug_frame   0x00000e10       0x40 src/ASF/sam0/utils/cmsis/samr21/source/gcc/startup_samr21.o
 .debug_frame   0x00000e50       0x6c src/ASF/thirdparty/freertos/freertos-8.0.1/Source/list.o
 .debug_frame   0x00000ebc      0x110 src/ASF/thirdparty/freertos/freertos-8.0.1/Source/portable/GCC/ARM_CM0/port.o
 .debug_frame   0x00000fcc      0x384 src/ASF/thirdparty/freertos/freertos-8.0.1/Source/tasks.o
 .debug_frame   0x00001350       0x54 src/main.o
 .debug_frame   0x000013a4       0x20 c:/program files (x86)/atmel/studio/7.0/toolchain/arm/arm-gnu-toolchain/bin/../lib/gcc/arm-none-eabi/6.2.1/thumb/v6-m\libgcc.a(_udivsi3.o)
 .debug_frame   0x000013c4       0x34 c:/program files (x86)/atmel/studio/7.0/toolchain/arm/arm-gnu-toolchain/bin/../lib/gcc/arm-none-eabi/6.2.1/thumb/v6-m\libgcc.a(_muldi3.o)
 .debug_frame   0x000013f8       0x2c c:/program files (x86)/atmel/studio/7.0/toolchain/arm/arm-gnu-toolchain/bin/../lib/gcc/arm-none-eabi/6.2.1/../../../../arm-none-eabi/lib/thumb/v6-m\libc_nano.a(lib_a-init.o)
 .debug_frame   0x00001424       0x20 c:/program files (x86)/atmel/studio/7.0/toolchain/arm/arm-gnu-toolchain/bin/../lib/gcc/arm-none-eabi/6.2.1/../../../../arm-none-eabi/lib/thumb/v6-m\libc_nano.a(lib_a-memset.o)

Cross Reference Table

Symbol                                            File
AC_Handler                                        src/ASF/sam0/utils/cmsis/samr21/source/gcc/startup_samr21.o
ADC_Handler                                       src/ASF/sam0/utils/cmsis/samr21/source/gcc/startup_samr21.o
DMAC_Handler                                      src/ASF/sam0/utils/cmsis/samr21/source/gcc/startup_samr21.o
Dummy_Handler                                     src/ASF/sam0/utils/cmsis/samr21/source/gcc/startup_samr21.o
EIC_Handler                                       src/ASF/sam0/utils/cmsis/samr21/source/gcc/startup_samr21.o
EVSYS_Handler                                     src/ASF/sam0/utils/cmsis/samr21/source/gcc/startup_samr21.o
HardFault_Handler                                 src/ASF/sam0/utils/cmsis/samr21/source/gcc/startup_samr21.o
NMI_Handler                                       src/ASF/sam0/utils/cmsis/samr21/source/gcc/startup_samr21.o
NVMCTRL_Handler                                   src/ASF/sam0/utils/cmsis/samr21/source/gcc/startup_samr21.o
PM_Handler                                        src/ASF/sam0/utils/cmsis/samr21/source/gcc/startup_samr21.o
PTC_Handler                                       src/ASF/sam0/utils/cmsis/samr21/source/gcc/startup_samr21.o
PendSV_Handler                                    src/ASF/thirdparty/freertos/freertos-8.0.1/Source/portable/GCC/ARM_CM0/port.o
                                                  src/ASF/sam0/utils/cmsis/samr21/source/gcc/startup_samr21.o
RTC_Handler                                       src/ASF/sam0/utils/cmsis/samr21/source/gcc/startup_samr21.o
Reset_Handler                                     src/ASF/sam0/utils/cmsis/samr21/source/gcc/startup_samr21.o
SERCOM0_Handler                                   src/ASF/sam0/drivers/sercom/sercom_interrupt.o
SERCOM1_Handler                                   src/ASF/sam0/drivers/sercom/sercom_interrupt.o
SERCOM2_Handler                                   src/ASF/sam0/drivers/sercom/sercom_interrupt.o
SERCOM3_Handler                                   src/ASF/sam0/drivers/sercom/sercom_interrupt.o
SERCOM4_Handler                                   src/ASF/sam0/drivers/sercom/sercom_interrupt.o
SERCOM5_Handler                                   src/ASF/sam0/drivers/sercom/sercom_interrupt.o
SVC_Handler                                       src/ASF/thirdparty/freertos/freertos-8.0.1/Source/portable/GCC/ARM_CM0/port.o
                                                  src/ASF/sam0/utils/cmsis/samr21/source/gcc/startup_samr21.o
SYSCTRL_Handler                                   src/ASF/sam0/utils/cmsis/samr21/source/gcc/startup_samr21.o
SysTick_Handler                                   src/ASF/thirdparty/freertos/freertos-8.0.1/Source/portable/GCC/ARM_CM0/port.o
                                                  src/ASF/sam0/utils/cmsis/samr21/source/gcc/startup_samr21.o
SystemCoreClock                                   src/ASF/sam0/utils/cmsis/samr21/source/system_samr21.o
SystemCoreClockUpdate                             src/ASF/sam0/utils/cmsis/samr21/source/system_samr21.o
SystemInit                                        src/ASF/sam0/utils/cmsis/samr21/source/system_samr21.o
TC3_Handler                                       src/ASF/sam0/utils/cmsis/samr21/source/gcc/startup_samr21.o
TC4_Handler                                       src/ASF/sam0/utils/cmsis/samr21/source/gcc/startup_samr21.o
TC5_Handler                                       src/ASF/sam0/utils/cmsis/samr21/source/gcc/startup_samr21.o
TCC0_Handler                                      src/ASF/sam0/utils/cmsis/samr21/source/gcc/startup_samr21.o
TCC1_Handler                                      src/ASF/sam0/utils/cmsis/samr21/source/gcc/startup_samr21.o
TCC2_Handler                                      src/ASF/sam0/utils/cmsis/samr21/source/gcc/startup_samr21.o
USB_Handler                                       src/ASF/sam0/utils/cmsis/samr21/source/gcc/startup_samr21.o
WDT_Handler                                       src/ASF/sam0/utils/cmsis/samr21/source/gcc/startup_samr21.o
_Jv_RegisterClasses                               c:/program files (x86)/atmel/studio/7.0/toolchain/arm/arm-gnu-toolchain/bin/../lib/gcc/arm-none-eabi/6.2.1/thumb/v6-m/crtbegin.o
__aeabi_idiv0                                     c:/program files (x86)/atmel/studio/7.0/toolchain/arm/arm-gnu-toolchain/bin/../lib/gcc/arm-none-eabi/6.2.1/thumb/v6-m\libgcc.a(_dvmd_tls.o)
                                                  c:/program files (x86)/atmel/studio/7.0/toolchain/arm/arm-gnu-toolchain/bin/../lib/gcc/arm-none-eabi/6.2.1/thumb/v6-m\libgcc.a(_udivsi3.o)
__aeabi_ldiv0                                     c:/program files (x86)/atmel/studio/7.0/toolchain/arm/arm-gnu-toolchain/bin/../lib/gcc/arm-none-eabi/6.2.1/thumb/v6-m\libgcc.a(_dvmd_tls.o)
__aeabi_lmul                                      c:/program files (x86)/atmel/studio/7.0/toolchain/arm/arm-gnu-toolchain/bin/../lib/gcc/arm-none-eabi/6.2.1/thumb/v6-m\libgcc.a(_muldi3.o)
                                                  src/ASF/sam0/drivers/sercom/sercom.o
__aeabi_uidiv                                     c:/program files (x86)/atmel/studio/7.0/toolchain/arm/arm-gnu-toolchain/bin/../lib/gcc/arm-none-eabi/6.2.1/thumb/v6-m\libgcc.a(_udivsi3.o)
                                                  src/ASF/thirdparty/freertos/freertos-8.0.1/Source/portable/GCC/ARM_CM0/port.o
                                                  src/ASF/sam0/drivers/system/clock/clock_samd21_r21_da_ha1/gclk.o
                                                  src/ASF/sam0/drivers/system/clock/clock_samd21_r21_da_ha1/clock.o
                                                  src/ASF/common2/services/delay/sam0/systick_counter.o
                                                  src/ASF/common2/components/display/ssd1306/ssd1306.o
__aeabi_uidivmod                                  c:/program files (x86)/atmel/studio/7.0/toolchain/arm/arm-gnu-toolchain/bin/../lib/gcc/arm-none-eabi/6.2.1/thumb/v6-m\libgcc.a(_udivsi3.o)
__bss_end__                                       c:/program files (x86)/atmel/studio/7.0/toolchain/arm/arm-gnu-toolchain/bin/../lib/gcc/arm-none-eabi/6.2.1/../../../../arm-none-eabi/lib/thumb/v6-m/crt0.o
__bss_start__                                     c:/program files (x86)/atmel/studio/7.0/toolchain/arm/arm-gnu-toolchain/bin/../lib/gcc/arm-none-eabi/6.2.1/../../../../arm-none-eabi/lib/thumb/v6-m/crt0.o
__call_exitprocs                                  c:/program files (x86)/atmel/studio/7.0/toolchain/arm/arm-gnu-toolchain/bin/../lib/gcc/arm-none-eabi/6.2.1/../../../../arm-none-eabi/lib/thumb/v6-m\libc_nano.a(lib_a-exit.o)
__deregister_frame_info                           c:/program files (x86)/atmel/studio/7.0/toolchain/arm/arm-gnu-toolchain/bin/../lib/gcc/arm-none-eabi/6.2.1/thumb/v6-m/crtbegin.o
__dso_handle                                      c:/program files (x86)/atmel/studio/7.0/toolchain/arm/arm-gnu-toolchain/bin/../lib/gcc/arm-none-eabi/6.2.1/thumb/v6-m/crtbegin.o
__init_array_end                                  c:/program files (x86)/atmel/studio/7.0/toolchain/arm/arm-gnu-toolchain/bin/../lib/gcc/arm-none-eabi/6.2.1/../../../../arm-none-eabi/lib/thumb/v6-m\libc_nano.a(lib_a-init.o)
__init_array_start                                c:/program files (x86)/atmel/studio/7.0/toolchain/arm/arm-gnu-toolchain/bin/../lib/gcc/arm-none-eabi/6.2.1/../../../../arm-none-eabi/lib/thumb/v6-m\libc_nano.a(lib_a-init.o)
__libc_fini_array                                 c:/program files (x86)/atmel/studio/7.0/toolchain/arm/arm-gnu-toolchain/bin/../lib/gcc/arm-none-eabi/6.2.1/../../../../arm-none-eabi/lib/thumb/v6-m/crt0.o
__libc_init_array                                 c:/program files (x86)/atmel/studio/7.0/toolchain/arm/arm-gnu-toolchain/bin/../lib/gcc/arm-none-eabi/6.2.1/../../../../arm-none-eabi/lib/thumb/v6-m\libc_nano.a(lib_a-init.o)
                                                  src/ASF/sam0/utils/cmsis/samr21/source/gcc/startup_samr21.o
                                                  c:/program files (x86)/atmel/studio/7.0/toolchain/arm/arm-gnu-toolchain/bin/../lib/gcc/arm-none-eabi/6.2.1/../../../../arm-none-eabi/lib/thumb/v6-m/crt0.o
__muldi3                                          c:/program files (x86)/atmel/studio/7.0/toolchain/arm/arm-gnu-toolchain/bin/../lib/gcc/arm-none-eabi/6.2.1/thumb/v6-m\libgcc.a(_muldi3.o)
__preinit_array_end                               c:/program files (x86)/atmel/studio/7.0/toolchain/arm/arm-gnu-toolchain/bin/../lib/gcc/arm-none-eabi/6.2.1/../../../../arm-none-eabi/lib/thumb/v6-m\libc_nano.a(lib_a-init.o)
__preinit_array_start                             c:/program files (x86)/atmel/studio/7.0/toolchain/arm/arm-gnu-toolchain/bin/../lib/gcc/arm-none-eabi/6.2.1/../../../../arm-none-eabi/lib/thumb/v6-m\libc_nano.a(lib_a-init.o)
__register_frame_info                             c:/program files (x86)/atmel/studio/7.0/toolchain/arm/arm-gnu-toolchain/bin/../lib/gcc/arm-none-eabi/6.2.1/thumb/v6-m/crtbegin.o
__sf_fake_stderr                                  c:/program files (x86)/atmel/studio/7.0/toolchain/arm/arm-gnu-toolchain/bin/../lib/gcc/arm-none-eabi/6.2.1/../../../../arm-none-eabi/lib/thumb/v6-m\libc_nano.a(lib_a-impure.o)
__sf_fake_stdin                                   c:/program files (x86)/atmel/studio/7.0/toolchain/arm/arm-gnu-toolchain/bin/../lib/gcc/arm-none-eabi/6.2.1/../../../../arm-none-eabi/lib/thumb/v6-m\libc_nano.a(lib_a-impure.o)
__sf_fake_stdout                                  c:/program files (x86)/atmel/studio/7.0/toolchain/arm/arm-gnu-toolchain/bin/../lib/gcc/arm-none-eabi/6.2.1/../../../../arm-none-eabi/lib/thumb/v6-m\libc_nano.a(lib_a-impure.o)
__stack                                           c:/program files (x86)/atmel/studio/7.0/toolchain/arm/arm-gnu-toolchain/bin/../lib/gcc/arm-none-eabi/6.2.1/../../../../arm-none-eabi/lib/thumb/v6-m/crt0.o
__udivsi3                                         c:/program files (x86)/atmel/studio/7.0/toolchain/arm/arm-gnu-toolchain/bin/../lib/gcc/arm-none-eabi/6.2.1/thumb/v6-m\libgcc.a(_udivsi3.o)
_close                                            src/ASF/sam0/utils/syscalls/gcc/syscalls.o
_end                                              src/ASF/sam0/utils/syscalls/gcc/syscalls.o
_erelocate                                        src/ASF/sam0/utils/cmsis/samr21/source/gcc/startup_samr21.o
_estack                                           src/ASF/sam0/utils/cmsis/samr21/source/gcc/startup_samr21.o
_etext                                            src/ASF/sam0/utils/cmsis/samr21/source/gcc/startup_samr21.o
_exit                                             src/ASF/sam0/utils/syscalls/gcc/syscalls.o
                                                  c:/program files (x86)/atmel/studio/7.0/toolchain/arm/arm-gnu-toolchain/bin/../lib/gcc/arm-none-eabi/6.2.1/../../../../arm-none-eabi/lib/thumb/v6-m\libc_nano.a(lib_a-exit.o)
_ezero                                            src/ASF/sam0/utils/cmsis/samr21/source/gcc/startup_samr21.o
_fini                                             c:/program files (x86)/atmel/studio/7.0/toolchain/arm/arm-gnu-toolchain/bin/../lib/gcc/arm-none-eabi/6.2.1/thumb/v6-m/crti.o
_fstat                                            src/ASF/sam0/utils/syscalls/gcc/syscalls.o
_getpid                                           src/ASF/sam0/utils/syscalls/gcc/syscalls.o
_global_impure_ptr                                c:/program files (x86)/atmel/studio/7.0/toolchain/arm/arm-gnu-toolchain/bin/../lib/gcc/arm-none-eabi/6.2.1/../../../../arm-none-eabi/lib/thumb/v6-m\libc_nano.a(lib_a-impure.o)
                                                  c:/program files (x86)/atmel/studio/7.0/toolchain/arm/arm-gnu-toolchain/bin/../lib/gcc/arm-none-eabi/6.2.1/../../../../arm-none-eabi/lib/thumb/v6-m\libc_nano.a(lib_a-exit.o)
_impure_ptr                                       c:/program files (x86)/atmel/studio/7.0/toolchain/arm/arm-gnu-toolchain/bin/../lib/gcc/arm-none-eabi/6.2.1/../../../../arm-none-eabi/lib/thumb/v6-m\libc_nano.a(lib_a-impure.o)
_init                                             c:/program files (x86)/atmel/studio/7.0/toolchain/arm/arm-gnu-toolchain/bin/../lib/gcc/arm-none-eabi/6.2.1/thumb/v6-m/crti.o
                                                  c:/program files (x86)/atmel/studio/7.0/toolchain/arm/arm-gnu-toolchain/bin/../lib/gcc/arm-none-eabi/6.2.1/../../../../arm-none-eabi/lib/thumb/v6-m\libc_nano.a(lib_a-init.o)
_isatty                                           src/ASF/sam0/utils/syscalls/gcc/syscalls.o
_kill                                             src/ASF/sam0/utils/syscalls/gcc/syscalls.o
_lseek                                            src/ASF/sam0/utils/syscalls/gcc/syscalls.o
_mainCRTStartup                                   c:/program files (x86)/atmel/studio/7.0/toolchain/arm/arm-gnu-toolchain/bin/../lib/gcc/arm-none-eabi/6.2.1/../../../../arm-none-eabi/lib/thumb/v6-m/crt0.o
_sbrk                                             src/ASF/sam0/utils/syscalls/gcc/syscalls.o
_sercom_get_async_baud_val                        src/ASF/sam0/drivers/sercom/sercom.o
                                                  src/ASF/sam0/drivers/sercom/usart/usart.o
_sercom_get_default_pad                           src/ASF/sam0/drivers/sercom/sercom.o
                                                  src/ASF/sam0/drivers/sercom/usart/usart.o
                                                  src/ASF/sam0/drivers/sercom/spi/spi.o
_sercom_get_interrupt_vector                      src/ASF/sam0/drivers/sercom/sercom_interrupt.o
                                                  src/main.o
                                                  src/ASF/sam0/drivers/sercom/spi/spi.o
                                                  src/ASF/common2/components/display/ssd1306/ssd1306.o
_sercom_get_sercom_inst_index                     src/ASF/sam0/drivers/sercom/sercom.o
                                                  src/ASF/sam0/drivers/sercom/usart/usart.o
                                                  src/ASF/sam0/drivers/sercom/spi/spi.o
                                                  src/ASF/sam0/drivers/sercom/sercom_interrupt.o
_sercom_get_sync_baud_val                         src/ASF/sam0/drivers/sercom/sercom.o
                                                  src/ASF/sam0/drivers/sercom/usart/usart.o
                                                  src/ASF/sam0/drivers/sercom/spi/spi.o
_sercom_instances                                 src/ASF/sam0/drivers/sercom/sercom_interrupt.o
                                                  src/ASF/sam0/drivers/sercom/usart/usart_interrupt.o
                                                  src/ASF/sam0/drivers/sercom/usart/usart.o
                                                  src/ASF/sam0/drivers/sercom/spi/spi_interrupt.o
                                                  src/ASF/sam0/drivers/sercom/spi/spi.o
_sercom_set_handler                               src/ASF/sam0/drivers/sercom/sercom_interrupt.o
                                                  src/ASF/sam0/drivers/sercom/usart/usart.o
                                                  src/ASF/sam0/drivers/sercom/spi/spi.o
_sfixed                                           src/ASF/sam0/utils/cmsis/samr21/source/gcc/startup_samr21.o
_spi_interrupt_handler                            src/ASF/sam0/drivers/sercom/spi/spi_interrupt.o
                                                  src/ASF/sam0/drivers/sercom/spi/spi.o
_srelocate                                        src/ASF/sam0/utils/cmsis/samr21/source/gcc/startup_samr21.o
_start                                            c:/program files (x86)/atmel/studio/7.0/toolchain/arm/arm-gnu-toolchain/bin/../lib/gcc/arm-none-eabi/6.2.1/../../../../arm-none-eabi/lib/thumb/v6-m/crt0.o
_system_divas_init                                src/ASF/sam0/drivers/system/system.o
_system_dummy_init                                src/ASF/sam0/drivers/system/system.o
_system_events_init                               src/ASF/sam0/drivers/system/system.o
_system_extint_init                               src/ASF/sam0/drivers/system/system.o
_szero                                            src/ASF/sam0/utils/cmsis/samr21/source/gcc/startup_samr21.o
_usart_interrupt_handler                          src/ASF/sam0/drivers/sercom/usart/usart_interrupt.o
                                                  src/ASF/sam0/drivers/sercom/usart/usart.o
_usart_read_buffer                                src/ASF/sam0/drivers/sercom/usart/usart_interrupt.o
_usart_write_buffer                               src/ASF/sam0/drivers/sercom/usart/usart_interrupt.o
atexit                                            c:/program files (x86)/atmel/studio/7.0/toolchain/arm/arm-gnu-toolchain/bin/../lib/gcc/arm-none-eabi/6.2.1/../../../../arm-none-eabi/lib/thumb/v6-m/crt0.o
board_init                                        src/ASF/sam0/boards/samr21_xplained_pro/board_init.o
configure_usart                                   src/main.o
cpu_irq_enter_critical                            src/ASF/common/utils/interrupt/interrupt_sam_nvic.o
                                                  src/ASF/sam0/drivers/system/clock/clock_samd21_r21_da_ha1/gclk.o
                                                  src/ASF/sam0/drivers/sercom/usart/usart_interrupt.o
cpu_irq_leave_critical                            src/ASF/common/utils/interrupt/interrupt_sam_nvic.o
                                                  src/ASF/sam0/drivers/system/clock/clock_samd21_r21_da_ha1/gclk.o
                                                  src/ASF/sam0/drivers/sercom/usart/usart_interrupt.o
delay_cycles_ms                                   src/ASF/common2/services/delay/sam0/systick_counter.o
                                                  src/main.o
delay_cycles_us                                   src/ASF/common2/services/delay/sam0/systick_counter.o
delay_init                                        src/ASF/common2/services/delay/sam0/systick_counter.o
                                                  src/ASF/common2/components/display/ssd1306/ssd1306.o
dummy_write                                       src/ASF/sam0/drivers/sercom/spi/spi_interrupt.o
exception_table                                   src/ASF/sam0/utils/cmsis/samr21/source/gcc/startup_samr21.o
exit                                              c:/program files (x86)/atmel/studio/7.0/toolchain/arm/arm-gnu-toolchain/bin/../lib/gcc/arm-none-eabi/6.2.1/../../../../arm-none-eabi/lib/thumb/v6-m\libc_nano.a(lib_a-exit.o)
                                                  c:/program files (x86)/atmel/studio/7.0/toolchain/arm/arm-gnu-toolchain/bin/../lib/gcc/arm-none-eabi/6.2.1/../../../../arm-none-eabi/lib/thumb/v6-m/crt0.o
g_interrupt_enabled                               src/ASF/common/utils/interrupt/interrupt_sam_nvic.o
gfx_mono_draw_char                                src/ASF/common2/services/gfx_mono/gfx_mono_text.o
                                                  src/main.o
gfx_mono_draw_progmem_string                      src/ASF/common2/services/gfx_mono/gfx_mono_text.o
gfx_mono_draw_string                              src/ASF/common2/services/gfx_mono/gfx_mono_text.o
gfx_mono_framebuffer_draw_pixel                   src/ASF/common2/services/gfx_mono/gfx_mono_framebuffer.o
gfx_mono_framebuffer_get_byte                     src/ASF/common2/services/gfx_mono/gfx_mono_framebuffer.o
                                                  src/ASF/common2/services/gfx_mono/gfx_mono_ug_2832hsweg04.o
gfx_mono_framebuffer_get_page                     src/ASF/common2/services/gfx_mono/gfx_mono_framebuffer.o
                                                  src/ASF/common2/services/gfx_mono/gfx_mono_ug_2832hsweg04.o
gfx_mono_framebuffer_get_pixel                    src/ASF/common2/services/gfx_mono/gfx_mono_framebuffer.o
gfx_mono_framebuffer_mask_byte                    src/ASF/common2/services/gfx_mono/gfx_mono_framebuffer.o
gfx_mono_framebuffer_put_byte                     src/ASF/common2/services/gfx_mono/gfx_mono_framebuffer.o
                                                  src/ASF/common2/services/gfx_mono/gfx_mono_ug_2832hsweg04.o
gfx_mono_framebuffer_put_page                     src/ASF/common2/services/gfx_mono/gfx_mono_framebuffer.o
                                                  src/ASF/common2/services/gfx_mono/gfx_mono_ug_2832hsweg04.o
gfx_mono_generic_draw_circle                      src/ASF/common2/services/gfx_mono/gfx_mono_generic.o
gfx_mono_generic_draw_filled_circle               src/ASF/common2/services/gfx_mono/gfx_mono_generic.o
gfx_mono_generic_draw_filled_rect                 src/ASF/common2/services/gfx_mono/gfx_mono_generic.o
                                                  src/ASF/common2/services/gfx_mono/gfx_mono_text.o
gfx_mono_generic_draw_horizontal_line             src/ASF/common2/services/gfx_mono/gfx_mono_generic.o
gfx_mono_generic_draw_line                        src/ASF/common2/services/gfx_mono/gfx_mono_generic.o